Archive member included to satisfy reference by file (symbol)

.\CortexM3\ARM_GCC_541\Debug\CS301_Class.a(USBUART.o)
                              .\CortexM3\ARM_GCC_541\Debug\main.o (USBUART_Start)
.\CortexM3\ARM_GCC_541\Debug\CS301_Class.a(USBUART_cdc.o)
                              .\CortexM3\ARM_GCC_541\Debug\main.o (USBUART_CDC_Init)
.\CortexM3\ARM_GCC_541\Debug\CS301_Class.a(USBUART_drv.o)
                              .\CortexM3\ARM_GCC_541\Debug\CS301_Class.a(USBUART.o) (USBUART_EP)
.\CortexM3\ARM_GCC_541\Debug\CS301_Class.a(USBUART_episr.o)
                              .\CortexM3\ARM_GCC_541\Debug\CS301_Class.a(USBUART.o) (USBUART_EP_1_ISR)
.\CortexM3\ARM_GCC_541\Debug\CS301_Class.a(USBUART_pm.o)
                              .\CortexM3\ARM_GCC_541\Debug\CS301_Class.a(USBUART.o) (USBUART_DP_ISR)
.\CortexM3\ARM_GCC_541\Debug\CS301_Class.a(USBUART_std.o)
                              .\CortexM3\ARM_GCC_541\Debug\CS301_Class.a(USBUART_drv.o) (USBUART_HandleStandardRqst)
.\CortexM3\ARM_GCC_541\Debug\CS301_Class.a(USBUART_vnd.o)
                              .\CortexM3\ARM_GCC_541\Debug\CS301_Class.a(USBUART_drv.o) (USBUART_HandleVendorRqst)
.\CortexM3\ARM_GCC_541\Debug\CS301_Class.a(USBUART_Dp.o)
                              .\CortexM3\ARM_GCC_541\Debug\CS301_Class.a(USBUART.o) (USBUART_Dp_ClearInterrupt)
.\CortexM3\ARM_GCC_541\Debug\CS301_Class.a(CyLib.o)
                              .\CortexM3\ARM_GCC_541\Debug\Cm3Start.o (CyResetStatus)
.\CortexM3\ARM_GCC_541\Debug\CS301_Class.a(cyPm.o)
                              .\CortexM3\ARM_GCC_541\Debug\CS301_Class.a(CyLib.o) (CyPmReadStatus)
.\CortexM3\ARM_GCC_541\Debug\CS301_Class.a(RF_BT_SELECT.o)
                              .\CortexM3\ARM_GCC_541\Debug\main.o (RF_BT_SELECT_Write)
.\CortexM3\ARM_GCC_541\Debug\CS301_Class.a(Opamp_1.o)
                              .\CortexM3\ARM_GCC_541\Debug\main.o (Opamp_1_Start)
.\CortexM3\ARM_GCC_541\Debug\CS301_Class.a(ADC_SAR_1.o)
                              .\CortexM3\ARM_GCC_541\Debug\main.o (ADC_SAR_1_Start)
.\CortexM3\ARM_GCC_541\Debug\CS301_Class.a(ADC_SAR_1_INT.o)
                              .\CortexM3\ARM_GCC_541\Debug\CS301_Class.a(ADC_SAR_1.o) (ADC_SAR_1_ISR)
.\CortexM3\ARM_GCC_541\Debug\CS301_Class.a(IDAC8_1.o)
                              .\CortexM3\ARM_GCC_541\Debug\main.o (IDAC8_1_Start)
.\CortexM3\ARM_GCC_541\Debug\CS301_Class.a(ADC_SAR_1_theACLK.o)
                              .\CortexM3\ARM_GCC_541\Debug\CS301_Class.a(ADC_SAR_1.o) (ADC_SAR_1_theACLK_SetModeRegister)
.\CortexM3\ARM_GCC_541\Debug\CS301_Class.a(CyBootAsmGnu.o)
                              .\CortexM3\ARM_GCC_541\Debug\cyfitter_cfg.o (CyDelayCycles)
.\CortexM3\ARM_GCC_541\Debug\CS301_Class.a(USBUART_cls.o)
                              .\CortexM3\ARM_GCC_541\Debug\CS301_Class.a(USBUART_drv.o) (USBUART_DispatchClassRqst)
.\CortexM3\ARM_GCC_541\Debug\CS301_Class.a(USBUART_descr.o)
                              .\CortexM3\ARM_GCC_541\Debug\CS301_Class.a(USBUART_std.o) (USBUART_DEVICE0_DESCR)
.\CortexM3\ARM_GCC_541\Debug\CS301_Class.a(CyFlash.o)
                              .\CortexM3\ARM_GCC_541\Debug\CS301_Class.a(cyPm.o) (CyFlash_SetWaitCycles)
.\CortexM3\ARM_GCC_541\Debug\CS301_Class.a(CySpc.o)
                              .\CortexM3\ARM_GCC_541\Debug\CS301_Class.a(CyFlash.o) (CySpcStart)
c:/program files (x86)/cypress/psoc creator/4.2/psoc creator/import/gnu/arm/5.4.1/bin/../lib/gcc/arm-none-eabi/5.4.1/armv7-m\libgcc.a(_arm_addsubsf3.o)
                              .\CortexM3\ARM_GCC_541\Debug\CS301_Class.a(ADC_SAR_1.o) (__aeabi_i2f)
c:/program files (x86)/cypress/psoc creator/4.2/psoc creator/import/gnu/arm/5.4.1/bin/../lib/gcc/arm-none-eabi/5.4.1/armv7-m\libgcc.a(_arm_muldivsf3.o)
                              .\CortexM3\ARM_GCC_541\Debug\CS301_Class.a(ADC_SAR_1.o) (__aeabi_fmul)
c:/program files (x86)/cypress/psoc creator/4.2/psoc creator/import/gnu/arm/5.4.1/bin/../lib/gcc/arm-none-eabi/5.4.1/armv7-m\libgcc.a(_aeabi_ldivmod.o)
                              .\CortexM3\ARM_GCC_541\Debug\CS301_Class.a(ADC_SAR_1.o) (__aeabi_ldivmod)
c:/program files (x86)/cypress/psoc creator/4.2/psoc creator/import/gnu/arm/5.4.1/bin/../lib/gcc/arm-none-eabi/5.4.1/armv7-m\libgcc.a(_udivmoddi4.o)
                              c:/program files (x86)/cypress/psoc creator/4.2/psoc creator/import/gnu/arm/5.4.1/bin/../lib/gcc/arm-none-eabi/5.4.1/armv7-m\libgcc.a(_aeabi_ldivmod.o) (__udivmoddi4)
c:/program files (x86)/cypress/psoc creator/4.2/psoc creator/import/gnu/arm/5.4.1/bin/../lib/gcc/arm-none-eabi/5.4.1/armv7-m\libgcc.a(_dvmd_tls.o)
                              c:/program files (x86)/cypress/psoc creator/4.2/psoc creator/import/gnu/arm/5.4.1/bin/../lib/gcc/arm-none-eabi/5.4.1/armv7-m\libgcc.a(_aeabi_ldivmod.o) (__aeabi_ldiv0)
c:/program files (x86)/cypress/psoc creator/4.2/psoc creator/import/gnu/arm/5.4.1/bin/../lib/gcc/arm-none-eabi/5.4.1/../../../../arm-none-eabi/lib/armv7-m\libg_nano.a(lib_a-errno.o)
[...]
Memory Configuration

Name             Origin             Length             Attributes
rom              0x00000000         0x00040000         xr
ram              0x1fff8000         0x00010000         xrw
*default*        0x00000000         0xffffffff

Linker script and memory map

LOAD c:/program files (x86)/cypress/psoc creator/4.2/psoc creator/import/gnu/arm/5.4.1/bin/../lib/gcc/arm-none-eabi/5.4.1/armv7-m/crti.o
LOAD c:/program files (x86)/cypress/psoc creator/4.2/psoc creator/import/gnu/arm/5.4.1/bin/../lib/gcc/arm-none-eabi/5.4.1/armv7-m/crtbegin.o
LOAD c:/program files (x86)/cypress/psoc creator/4.2/psoc creator/import/gnu/arm/5.4.1/bin/../lib/gcc/arm-none-eabi/5.4.1/../../../../arm-none-eabi/lib/armv7-m/crt0.o
START GROUP
LOAD .\CortexM3\ARM_GCC_541\Debug\main.o
LOAD .\CortexM3\ARM_GCC_541\Debug\tacho.o
LOAD .\CortexM3\ARM_GCC_541\Debug\cyfitter_cfg.o
LOAD .\CortexM3\ARM_GCC_541\Debug\cymetadata.o
LOAD .\CortexM3\ARM_GCC_541\Debug\Cm3Start.o
LOAD .\CortexM3\ARM_GCC_541\Debug\CS301_Class.a
LOAD C:\Program Files (x86)\Cypress\PSoC Creator\4.2\PSoC Creator\psoc\content\cycomponentlibrary\CyComponentLibrary.cylib\CortexM3\ARM_GCC_541\Debug\CyComponentLibrary.a
END GROUP
START GROUP
LOAD c:/program files (x86)/cypress/psoc creator/4.2/psoc creator/import/gnu/arm/5.4.1/bin/../lib/gcc/arm-none-eabi/5.4.1/armv7-m\libgcc.a
LOAD c:/program files (x86)/cypress/psoc creator/4.2/psoc creator/import/gnu/arm/5.4.1/bin/../lib/gcc/arm-none-eabi/5.4.1/../../../../arm-none-eabi/lib/armv7-m\libg_nano.a
LOAD c:/program files (x86)/cypress/psoc creator/4.2/psoc creator/import/gnu/arm/5.4.1/bin/../lib/gcc/arm-none-eabi/5.4.1/../../../../arm-none-eabi/lib/armv7-m\libc_nano.a
END GROUP
START GROUP
LOAD c:/program files (x86)/cypress/psoc creator/4.2/psoc creator/import/gnu/arm/5.4.1/bin/../lib/gcc/arm-none-eabi/5.4.1/armv7-m\libgcc.a
LOAD c:/program files (x86)/cypress/psoc creator/4.2/psoc creator/import/gnu/arm/5.4.1/bin/../lib/gcc/arm-none-eabi/5.4.1/../../../../arm-none-eabi/lib/armv7-m\libc_nano.a
END GROUP
LOAD c:/program files (x86)/cypress/psoc creator/4.2/psoc creator/import/gnu/arm/5.4.1/bin/../lib/gcc/arm-none-eabi/5.4.1/armv7-m/crtend.o
LOAD c:/program files (x86)/cypress/psoc creator/4.2/psoc creator/import/gnu/arm/5.4.1/bin/../lib/gcc/arm-none-eabi/5.4.1/armv7-m/crtn.o
START GROUP
LOAD c:/program files (x86)/cypress/psoc creator/4.2/psoc creator/import/gnu/arm/5.4.1/bin/../lib/gcc/arm-none-eabi/5.4.1/armv7-m\libgcc.a
LOAD c:/program files (x86)/cypress/psoc creator/4.2/psoc creator/import/gnu/arm/5.4.1/bin/../lib/gcc/arm-none-eabi/5.4.1/../../../../arm-none-eabi/lib/armv7-m\libc.a
LOAD c:/program files (x86)/cypress/psoc creator/4.2/psoc creator/import/gnu/arm/5.4.1/bin/../lib/gcc/arm-none-eabi/5.4.1/../../../../arm-none-eabi/lib/armv7-m\libnosys.a
END GROUP
                0x00000000                CY_APPL_ORIGIN = 0x0
                0x00000100                CY_FLASH_ROW_SIZE = 0x100
                0x00000020                CY_ECC_ROW_SIZE = 0x20
                0x00000000                CY_EE_IN_BTLDR = 0x0
                0x00000000                CY_APPL_LOADABLE = 0x0
                0x00000800                CY_EE_SIZE = 0x800
                0x00000001                CY_APPL_NUM = 0x1
                0x00000001                CY_APPL_MAX = 0x1
                0x00000040                CY_METADATA_SIZE = 0x40
                0x00000000                CY_APPL_LOADABLE = 0x0
                0x00000000                CY_CHECKSUM_EXCLUDE_SIZE = ALIGN (0x0, CY_FLASH_ROW_SIZE)
                [!provide]                PROVIDE (__cy_heap_start, _end)
                0x00000001                PROVIDE (__cy_region_num, ((__cy_regions_end - __cy_regions) / 0x10))
                0x20008000                PROVIDE (__cy_stack, (ORIGIN (ram) + LENGTH (ram)))
                [!provide]                PROVIDE (__cy_heap_end, (__cy_stack - 0x800))

.cybootloader   0x00000000        0x0
 *(.cybootloader)
                0x00000000                appl1_start = CY_APPL_ORIGIN?CY_APPL_ORIGIN:ALIGN (CY_FLASH_ROW_SIZE)
                0x0001ff00                appl2_start = (appl1_start + ALIGN ((((LENGTH (rom) - appl1_start) - (0x2 * CY_FLASH_ROW_SIZE)) / 0x2), CY_FLASH_ROW_SIZE))
                0x00000000                appl_start = (CY_APPL_NUM == 0x1)?appl1_start:appl2_start
                0x00000000                ecc_offset = ((appl_start / CY_FLASH_ROW_SIZE) * CY_ECC_ROW_SIZE)
                0x00000000                ee_offset = (CY_APPL_LOADABLE && ! (CY_EE_IN_BTLDR))?((CY_EE_SIZE / CY_APPL_MAX) * (CY_APPL_NUM - 0x1)):0x0
                0x00000800                ee_size = (CY_APPL_LOADABLE && ! (CY_EE_IN_BTLDR))?(CY_EE_SIZE / CY_APPL_MAX):CY_EE_SIZE
                [!provide]                PROVIDE (CY_ECC_OFFSET, ecc_offset)

.text           0x00000000     0x38ec
 CREATE_OBJECT_SYMBOLS
                0x00000000                PROVIDE (__cy_interrupt_vector, RomVectors)
 *(.romvectors)
 .romvectors    0x00000000       0x10 .\CortexM3\ARM_GCC_541\Debug\Cm3Start.o
                0x00000000                RomVectors
                0x00000001                ASSERT ((. != __cy_interrupt_vector), No interrupt vector)
                0x00000001                ASSERT (CY_APPL_ORIGIN?(SIZEOF (.cybootloader) <= CY_APPL_ORIGIN):0x1, Wrong image location)
                0x00000010                PROVIDE (__cy_reset, Reset)
 *(.text.Reset)
 .text.Reset    0x00000010       0x18 .\CortexM3\ARM_GCC_541\Debug\Cm3Start.o
                0x00000010                Reset
                0x00000001                ASSERT ((. != __cy_reset), No reset code)
 *(.dma_init)
                0x00000001                ASSERT ((((appl_start + .) <= 0x10000) || 0x1), DMA Init must be within the first 64k of flash)
 *(.text .text.* .gnu.linkonce.t.*)
 .text          0x00000028       0x5c c:/program files (x86)/cypress/psoc creator/4.2/psoc creator/import/gnu/arm/5.4.1/bin/../lib/gcc/arm-none-eabi/5.4.1/armv7-m/crtbegin.o
 .text.main     0x00000084       0x80 .\CortexM3\ARM_GCC_541\Debug\main.o
                0x00000084                main
 .text.usbPutString
                0x00000104       0x40 .\CortexM3\ARM_GCC_541\Debug\main.o
                0x00000104                usbPutString
 .text.handle_usb
                0x00000144       0xc8 .\CortexM3\ARM_GCC_541\Debug\main.o
                0x00000144                handle_usb
 .text.CYMEMZERO
                0x0000020c       0x1c .\CortexM3\ARM_GCC_541\Debug\cyfitter_cfg.o
 .text.CYCONFIGCPY
                0x00000228       0x20 .\CortexM3\ARM_GCC_541\Debug\cyfitter_cfg.o
 .text.CyClockStartupError
                0x00000248        0xc .\CortexM3\ARM_GCC_541\Debug\cyfitter_cfg.o
 .text.cfg_write_bytes32
                0x00000254       0x74 .\CortexM3\ARM_GCC_541\Debug\cyfitter_cfg.o
 .text.ClockSetup
                0x000002c8      0x15c .\CortexM3\ARM_GCC_541\Debug\cyfitter_cfg.o
 .text.AnalogSetDefault
                0x00000424       0xbc .\CortexM3\ARM_GCC_541\Debug\cyfitter_cfg.o
 .text.cyfitter_cfg
                0x000004e0      0x13c .\CortexM3\ARM_GCC_541\Debug\cyfitter_cfg.o
                0x000004e0                cyfitter_cfg
 .text.IntDefaultHandler
                0x0000061c       0x14 .\CortexM3\ARM_GCC_541\Debug\Cm3Start.o
                0x0000061c                IntDefaultHandler
 .text._sbrk    0x00000630       0x50 .\CortexM3\ARM_GCC_541\Debug\Cm3Start.o
                0x00000630                _sbrk
 .text.Start_c  0x00000680       0x98 .\CortexM3\ARM_GCC_541\Debug\Cm3Start.o
                0x00000680                Start_c
 .text.initialize_psoc
                0x00000718       0x90 .\CortexM3\ARM_GCC_541\Debug\Cm3Start.o
                0x00000718                initialize_psoc
 .text.USBUART_Start
                0x000007a8       0x3c .\CortexM3\ARM_GCC_541\Debug\CS301_Class.a(USBUART.o)
                0x000007a8                USBUART_Start
 .text.USBUART_Init
                0x000007e4      0x1a4 .\CortexM3\ARM_GCC_541\Debug\CS301_Class.a(USBUART.o)
                0x000007e4                USBUART_Init
 .text.USBUART_InitComponent
                0x00000988      0x100 .\CortexM3\ARM_GCC_541\Debug\CS301_Class.a(USBUART.o)
                0x00000988                USBUART_InitComponent
 .text.USBUART_ReInitComponent
                0x00000a88       0x68 .\CortexM3\ARM_GCC_541\Debug\CS301_Class.a(USBUART.o)
                0x00000a88                USBUART_ReInitComponent
 .text.USBUART_GetConfiguration
                0x00000af0       0x18 .\CortexM3\ARM_GCC_541\Debug\CS301_Class.a(USBUART.o)
                0x00000af0                USBUART_GetConfiguration
 .text.USBUART_GetEPState
                0x00000b08       0x2c .\CortexM3\ARM_GCC_541\Debug\CS301_Class.a(USBUART.o)
                0x00000b08                USBUART_GetEPState
 .text.USBUART_GetEPCount
                0x00000b34       0x60 .\CortexM3\ARM_GCC_541\Debug\CS301_Class.a(USBUART.o)
                0x00000b34                USBUART_GetEPCount
 .text.USBUART_LoadInEP
                0x00000b94      0x108 .\CortexM3\ARM_GCC_541\Debug\CS301_Class.a(USBUART.o)
                0x00000b94                USBUART_LoadInEP
 .text.USBUART_ReadOutEP
                0x00000c9c       0x8c .\CortexM3\ARM_GCC_541\Debug\CS301_Class.a(USBUART.o)
                0x00000c9c                USBUART_ReadOutEP
 .text.USBUART_EnableOutEP
                0x00000d28       0x5c .\CortexM3\ARM_GCC_541\Debug\CS301_Class.a(USBUART.o)
                0x00000d28                USBUART_EnableOutEP
 .text.USBUART_DispatchCDCClassRqst
                0x00000d84       0xe4 .\CortexM3\ARM_GCC_541\Debug\CS301_Class.a(USBUART_cdc.o)
                0x00000d84                USBUART_DispatchCDCClassRqst
 .text.USBUART_GetInterfaceComPort
                0x00000e68       0x60 .\CortexM3\ARM_GCC_541\Debug\CS301_Class.a(USBUART_cdc.o)
                0x00000e68                USBUART_GetInterfaceComPort
 .text.USBUART_CDC_Init
                0x00000ec8       0xa8 .\CortexM3\ARM_GCC_541\Debug\CS301_Class.a(USBUART_cdc.o)
                0x00000ec8                USBUART_CDC_Init
 .text.USBUART_PutData
                0x00000f70       0x6c .\CortexM3\ARM_GCC_541\Debug\CS301_Class.a(USBUART_cdc.o)
                0x00000f70                USBUART_PutData
 .text.USBUART_PutChar
                0x00000fdc       0x38 .\CortexM3\ARM_GCC_541\Debug\CS301_Class.a(USBUART_cdc.o)
                0x00000fdc                USBUART_PutChar
 .text.USBUART_DataIsReady
                0x00001014       0x24 .\CortexM3\ARM_GCC_541\Debug\CS301_Class.a(USBUART_cdc.o)
                0x00001014                USBUART_DataIsReady
 .text.USBUART_CDCIsReady
                0x00001038       0x24 .\CortexM3\ARM_GCC_541\Debug\CS301_Class.a(USBUART_cdc.o)
                0x00001038                USBUART_CDCIsReady
 .text.USBUART_GetChar
                0x0000105c       0x30 .\CortexM3\ARM_GCC_541\Debug\CS301_Class.a(USBUART_cdc.o)
                0x0000105c                USBUART_GetChar
 .text.USBUART_Cdc_EpInit
                0x0000108c       0x90 .\CortexM3\ARM_GCC_541\Debug\CS301_Class.a(USBUART_cdc.o)
                0x0000108c                USBUART_Cdc_EpInit
 .text.USBUART_EP_0_ISR
                0x0000111c       0xf8 .\CortexM3\ARM_GCC_541\Debug\CS301_Class.a(USBUART_drv.o)
                0x0000111c                USBUART_EP_0_ISR
 .text.USBUART_HandleSetup
                0x00001214       0x88 .\CortexM3\ARM_GCC_541\Debug\CS301_Class.a(USBUART_drv.o)
                0x00001214                USBUART_HandleSetup
 .text.USBUART_HandleIN
                0x0000129c       0x4c .\CortexM3\ARM_GCC_541\Debug\CS301_Class.a(USBUART_drv.o)
                0x0000129c                USBUART_HandleIN
 .text.USBUART_HandleOUT
                0x000012e8       0x58 .\CortexM3\ARM_GCC_541\Debug\CS301_Class.a(USBUART_drv.o)
                0x000012e8                USBUART_HandleOUT
 .text.USBUART_LoadEP0
                0x00001340       0xd0 .\CortexM3\ARM_GCC_541\Debug\CS301_Class.a(USBUART_drv.o)
                0x00001340                USBUART_LoadEP0
 .text.USBUART_InitControlRead
                0x00001410       0x70 .\CortexM3\ARM_GCC_541\Debug\CS301_Class.a(USBUART_drv.o)
                0x00001410                USBUART_InitControlRead
 .text.USBUART_InitZeroLengthControlTransfer
                0x00001480       0x40 .\CortexM3\ARM_GCC_541\Debug\CS301_Class.a(USBUART_drv.o)
                0x00001480                USBUART_InitZeroLengthControlTransfer
 .text.USBUART_ControlReadDataStage
                0x000014c0        0xc .\CortexM3\ARM_GCC_541\Debug\CS301_Class.a(USBUART_drv.o)
                0x000014c0                USBUART_ControlReadDataStage
 .text.USBUART_ControlReadStatusStage
                0x000014cc       0x40 .\CortexM3\ARM_GCC_541\Debug\CS301_Class.a(USBUART_drv.o)
                0x000014cc                USBUART_ControlReadStatusStage
 .text.USBUART_InitControlWrite
                0x0000150c       0x64 .\CortexM3\ARM_GCC_541\Debug\CS301_Class.a(USBUART_drv.o)
                0x0000150c                USBUART_InitControlWrite
 .text.USBUART_ControlWriteDataStage
                0x00001570       0xb4 .\CortexM3\ARM_GCC_541\Debug\CS301_Class.a(USBUART_drv.o)
                0x00001570                USBUART_ControlWriteDataStage
 .text.USBUART_ControlWriteStatusStage
                0x00001624       0x24 .\CortexM3\ARM_GCC_541\Debug\CS301_Class.a(USBUART_drv.o)
                0x00001624                USBUART_ControlWriteStatusStage
 .text.USBUART_InitNoDataControlTransfer
                0x00001648       0x38 .\CortexM3\ARM_GCC_541\Debug\CS301_Class.a(USBUART_drv.o)
                0x00001648                USBUART_InitNoDataControlTransfer
 .text.USBUART_NoDataControlStatusStage
                0x00001680       0x4c .\CortexM3\ARM_GCC_541\Debug\CS301_Class.a(USBUART_drv.o)
                0x00001680                USBUART_NoDataControlStatusStage
 .text.USBUART_UpdateStatusBlock
                0x000016cc       0x40 .\CortexM3\ARM_GCC_541\Debug\CS301_Class.a(USBUART_drv.o)
                0x000016cc                USBUART_UpdateStatusBlock
 .text.USBUART_InitializeStatusBlock
                0x0000170c       0x34 .\CortexM3\ARM_GCC_541\Debug\CS301_Class.a(USBUART_drv.o)
                0x0000170c                USBUART_InitializeStatusBlock
 .text.USBUART_EP_1_ISR
                0x00001740       0x48 .\CortexM3\ARM_GCC_541\Debug\CS301_Class.a(USBUART_episr.o)
                0x00001740                USBUART_EP_1_ISR
 .text.USBUART_EP_2_ISR
                0x00001788       0x4c .\CortexM3\ARM_GCC_541\Debug\CS301_Class.a(USBUART_episr.o)
                0x00001788                USBUART_EP_2_ISR
 .text.USBUART_EP_3_ISR
                0x000017d4       0x54 .\CortexM3\ARM_GCC_541\Debug\CS301_Class.a(USBUART_episr.o)
                0x000017d4                USBUART_EP_3_ISR
 .text.USBUART_SOF_ISR
                0x00001828        0xc .\CortexM3\ARM_GCC_541\Debug\CS301_Class.a(USBUART_episr.o)
                0x00001828                USBUART_SOF_ISR
 .text.USBUART_BUS_RESET_ISR
                0x00001834        0xc .\CortexM3\ARM_GCC_541\Debug\CS301_Class.a(USBUART_episr.o)
                0x00001834                USBUART_BUS_RESET_ISR
 .text.USBUART_DP_ISR
                0x00001840        0xc .\CortexM3\ARM_GCC_541\Debug\CS301_Class.a(USBUART_pm.o)
                0x00001840                USBUART_DP_ISR
 .text.USBUART_HandleStandardRqst
                0x0000184c      0x4a4 .\CortexM3\ARM_GCC_541\Debug\CS301_Class.a(USBUART_std.o)
                0x0000184c                USBUART_HandleStandardRqst
 .text.USBUART_ReadDieID
                0x00001cf0       0xd8 .\CortexM3\ARM_GCC_541\Debug\CS301_Class.a(USBUART_std.o)
                0x00001cf0                USBUART_ReadDieID
 .text.USBUART_ConfigReg
                0x00001dc8      0x138 .\CortexM3\ARM_GCC_541\Debug\CS301_Class.a(USBUART_std.o)
                0x00001dc8                USBUART_ConfigReg
 .text.USBUART_Config
                0x00001f00      0x3a4 .\CortexM3\ARM_GCC_541\Debug\CS301_Class.a(USBUART_std.o)
                0x00001f00                USBUART_Config
 .text.USBUART_ConfigAltChanged
                0x000022a4      0x25c .\CortexM3\ARM_GCC_541\Debug\CS301_Class.a(USBUART_std.o)
                0x000022a4                USBUART_ConfigAltChanged
 .text.USBUART_GetConfigTablePtr
                0x00002500       0x50 .\CortexM3\ARM_GCC_541\Debug\CS301_Class.a(USBUART_std.o)
                0x00002500                USBUART_GetConfigTablePtr
 .text.USBUART_GetDeviceTablePtr
                0x00002550       0x24 .\CortexM3\ARM_GCC_541\Debug\CS301_Class.a(USBUART_std.o)
                0x00002550                USBUART_GetDeviceTablePtr
 .text.USBUART_GetInterfaceClassTablePtr
                0x00002574       0x4c .\CortexM3\ARM_GCC_541\Debug\CS301_Class.a(USBUART_std.o)
                0x00002574                USBUART_GetInterfaceClassTablePtr
 .text.USBUART_SetEndpointHalt
                0x000025c0       0xe8 .\CortexM3\ARM_GCC_541\Debug\CS301_Class.a(USBUART_std.o)
                0x000025c0                USBUART_SetEndpointHalt
 .text.USBUART_ClearEndpointHalt
                0x000026a8      0x158 .\CortexM3\ARM_GCC_541\Debug\CS301_Class.a(USBUART_std.o)
                0x000026a8                USBUART_ClearEndpointHalt
 .text.USBUART_ValidateAlternateSetting
                0x00002800       0x70 .\CortexM3\ARM_GCC_541\Debug\CS301_Class.a(USBUART_std.o)
                0x00002800                USBUART_ValidateAlternateSetting
 .text.USBUART_HandleVendorRqst
                0x00002870       0x54 .\CortexM3\ARM_GCC_541\Debug\CS301_Class.a(USBUART_vnd.o)
                0x00002870                USBUART_HandleVendorRqst
 .text.USBUART_Dp_ClearInterrupt
                0x000028c4       0x20 .\CortexM3\ARM_GCC_541\Debug\CS301_Class.a(USBUART_Dp.o)
                0x000028c4                USBUART_Dp_ClearInterrupt
 .text.CyHalt   0x000028e4       0x18 .\CortexM3\ARM_GCC_541\Debug\CS301_Class.a(CyLib.o)
                0x000028e4                CyHalt
 .text.CyDelayUs
                0x000028fc       0x28 .\CortexM3\ARM_GCC_541\Debug\CS301_Class.a(CyLib.o)
                0x000028fc                CyDelayUs
 .text.CyIntSetVector
                0x00002924       0x50 .\CortexM3\ARM_GCC_541\Debug\CS301_Class.a(CyLib.o)
                0x00002924                CyIntSetVector
 .text.CyIntSetPriority
                0x00002974       0x48 .\CortexM3\ARM_GCC_541\Debug\CS301_Class.a(CyLib.o)
                0x00002974                CyIntSetPriority
 .text.CyGetUniqueId
                0x000029bc       0xc4 .\CortexM3\ARM_GCC_541\Debug\CS301_Class.a(CyLib.o)
                0x000029bc                CyGetUniqueId
 .text.RF_BT_SELECT_Write
                0x00002a80       0x20 .\CortexM3\ARM_GCC_541\Debug\CS301_Class.a(RF_BT_SELECT.o)
                0x00002a80                RF_BT_SELECT_Write
 .text.Opamp_1_Init
                0x00002aa0       0x10 .\CortexM3\ARM_GCC_541\Debug\CS301_Class.a(Opamp_1.o)
                0x00002aa0                Opamp_1_Init
 .text.Opamp_1_Enable
                0x00002ab0       0x48 .\CortexM3\ARM_GCC_541\Debug\CS301_Class.a(Opamp_1.o)
                0x00002ab0                Opamp_1_Enable
 .text.Opamp_1_Start
                0x00002af8       0x24 .\CortexM3\ARM_GCC_541\Debug\CS301_Class.a(Opamp_1.o)
                0x00002af8                Opamp_1_Start
 .text.Opamp_1_SetPower
                0x00002b1c       0x40 .\CortexM3\ARM_GCC_541\Debug\CS301_Class.a(Opamp_1.o)
                0x00002b1c                Opamp_1_SetPower
 .text.ADC_SAR_1_Start
                0x00002b5c       0x24 .\CortexM3\ARM_GCC_541\Debug\CS301_Class.a(ADC_SAR_1.o)
                0x00002b5c                ADC_SAR_1_Start
 .text.ADC_SAR_1_Init
                0x00002b80       0x48 .\CortexM3\ARM_GCC_541\Debug\CS301_Class.a(ADC_SAR_1.o)
                0x00002b80                ADC_SAR_1_Init
 .text.ADC_SAR_1_Enable
                0x00002bc8       0xf4 .\CortexM3\ARM_GCC_541\Debug\CS301_Class.a(ADC_SAR_1.o)
                0x00002bc8                ADC_SAR_1_Enable
 .text.ADC_SAR_1_SetResolution
                0x00002cbc       0x54 .\CortexM3\ARM_GCC_541\Debug\CS301_Class.a(ADC_SAR_1.o)
                0x00002cbc                ADC_SAR_1_SetResolution
 .text.ADC_SAR_1_StartConvert
                0x00002d10       0x20 .\CortexM3\ARM_GCC_541\Debug\CS301_Class.a(ADC_SAR_1.o)
                0x00002d10                ADC_SAR_1_StartConvert
 .text.ADC_SAR_1_GetResult16
                0x00002d30       0x30 .\CortexM3\ARM_GCC_541\Debug\CS301_Class.a(ADC_SAR_1.o)
                0x00002d30                ADC_SAR_1_GetResult16
 .text.ADC_SAR_1_CalcGain
                0x00002d60       0x7c .\CortexM3\ARM_GCC_541\Debug\CS301_Class.a(ADC_SAR_1.o)
 .text.ADC_SAR_1_ISR
                0x00002ddc        0xc .\CortexM3\ARM_GCC_541\Debug\CS301_Class.a(ADC_SAR_1_INT.o)
                0x00002ddc                ADC_SAR_1_ISR
 .text.IDAC8_1_Init
                0x00002de8       0x30 .\CortexM3\ARM_GCC_541\Debug\CS301_Class.a(IDAC8_1.o)
                0x00002de8                IDAC8_1_Init
 .text.IDAC8_1_Enable
                0x00002e18       0x34 .\CortexM3\ARM_GCC_541\Debug\CS301_Class.a(IDAC8_1.o)
                0x00002e18                IDAC8_1_Enable
 .text.IDAC8_1_Start
                0x00002e4c       0x28 .\CortexM3\ARM_GCC_541\Debug\CS301_Class.a(IDAC8_1.o)
                0x00002e4c                IDAC8_1_Start
 .text.IDAC8_1_SetSpeed
                0x00002e74       0x40 .\CortexM3\ARM_GCC_541\Debug\CS301_Class.a(IDAC8_1.o)
                0x00002e74                IDAC8_1_SetSpeed
 .text.IDAC8_1_SetValue
                0x00002eb4       0x20 .\CortexM3\ARM_GCC_541\Debug\CS301_Class.a(IDAC8_1.o)
                0x00002eb4                IDAC8_1_SetValue
 .text.IDAC8_1_DacTrim
                0x00002ed4       0x54 .\CortexM3\ARM_GCC_541\Debug\CS301_Class.a(IDAC8_1.o)
                0x00002ed4                IDAC8_1_DacTrim
 .text.ADC_SAR_1_theACLK_SetModeRegister
                0x00002f28       0x34 .\CortexM3\ARM_GCC_541\Debug\CS301_Class.a(ADC_SAR_1_theACLK.o)
                0x00002f28                ADC_SAR_1_theACLK_SetModeRegister
 *fill*         0x00002f5c        0x4 
 .text          0x00002f60       0x20 .\CortexM3\ARM_GCC_541\Debug\CS301_Class.a(CyBootAsmGnu.o)
                0x00002f60                CyDelayCycles
                0x00002f70                CyEnterCriticalSection
                0x00002f78                CyExitCriticalSection
 .text.USBUART_DispatchClassRqst
                0x00002f80       0x84 .\CortexM3\ARM_GCC_541\Debug\CS301_Class.a(USBUART_cls.o)
                0x00002f80                USBUART_DispatchClassRqst
 .text.__errno  0x00003004        0xc c:/program files (x86)/cypress/psoc creator/4.2/psoc creator/import/gnu/arm/5.4.1/bin/../lib/gcc/arm-none-eabi/5.4.1/../../../../arm-none-eabi/lib/armv7-m\libg_nano.a(lib_a-errno.o)
                0x00003004                __errno
 .text.__libc_init_array
                0x00003010       0x4c c:/program files (x86)/cypress/psoc creator/4.2/psoc creator/import/gnu/arm/5.4.1/bin/../lib/gcc/arm-none-eabi/5.4.1/../../../../arm-none-eabi/lib/armv7-m\libg_nano.a(lib_a-init.o)
                0x00003010                __libc_init_array
 .text.memcpy   0x0000305c       0x16 c:/program files (x86)/cypress/psoc creator/4.2/psoc creator/import/gnu/arm/5.4.1/bin/../lib/gcc/arm-none-eabi/5.4.1/../../../../arm-none-eabi/lib/armv7-m\libg_nano.a(lib_a-memcpy-stub.o)
                0x0000305c                memcpy
 .text.memset   0x00003072       0x10 c:/program files (x86)/cypress/psoc creator/4.2/psoc creator/import/gnu/arm/5.4.1/bin/../lib/gcc/arm-none-eabi/5.4.1/../../../../arm-none-eabi/lib/armv7-m\libg_nano.a(lib_a-memset.o)
                0x00003072                memset
 *fill*         0x00003082        0x2 
 .text.sprintf  0x00003084       0x48 c:/program files (x86)/cypress/psoc creator/4.2/psoc creator/import/gnu/arm/5.4.1/bin/../lib/gcc/arm-none-eabi/5.4.1/../../../../arm-none-eabi/lib/armv7-m\libg_nano.a(lib_a-sprintf.o)
                0x00003084                siprintf
                0x00003084                sprintf
 .text.strcpy   0x000030cc       0x10 c:/program files (x86)/cypress/psoc creator/4.2/psoc creator/import/gnu/arm/5.4.1/bin/../lib/gcc/arm-none-eabi/5.4.1/../../../../arm-none-eabi/lib/armv7-m\libg_nano.a(lib_a-strcpy.o)
                0x000030cc                strcpy
 .text          0x000030dc       0x10 c:/program files (x86)/cypress/psoc creator/4.2/psoc creator/import/gnu/arm/5.4.1/bin/../lib/gcc/arm-none-eabi/5.4.1/../../../../arm-none-eabi/lib/armv7-m\libg_nano.a(lib_a-strlen.o)
                0x000030dc                strlen
 .text.__ssputs_r
                0x000030ec       0xb2 c:/program files (x86)/cypress/psoc creator/4.2/psoc creator/import/gnu/arm/5.4.1/bin/../lib/gcc/arm-none-eabi/5.4.1/../../../../arm-none-eabi/lib/armv7-m\libg_nano.a(lib_a-nano-svfprintf.o)
                0x000030ec                __ssputs_r
 *fill*         0x0000319e        0x2 
 .text._svfprintf_r
                0x000031a0      0x1e8 c:/program files (x86)/cypress/psoc creator/4.2/psoc creator/import/gnu/arm/5.4.1/bin/../lib/gcc/arm-none-eabi/5.4.1/../../../../arm-none-eabi/lib/armv7-m\libg_nano.a(lib_a-nano-svfprintf.o)
                0x000031a0                _svfiprintf_r
                0x000031a0                _svfprintf_r
 .text._printf_common
                0x00003388       0xec c:/program files (x86)/cypress/psoc creator/4.2/psoc creator/import/gnu/arm/5.4.1/bin/../lib/gcc/arm-none-eabi/5.4.1/../../../../arm-none-eabi/lib/armv7-m\libg_nano.a(lib_a-nano-vfprintf_i.o)
                0x00003388                _printf_common
 .text._printf_i
                0x00003474      0x24c c:/program files (x86)/cypress/psoc creator/4.2/psoc creator/import/gnu/arm/5.4.1/bin/../lib/gcc/arm-none-eabi/5.4.1/../../../../arm-none-eabi/lib/armv7-m\libg_nano.a(lib_a-nano-vfprintf_i.o)
                0x00003474                _printf_i
 .text.memchr   0x000036c0       0x1c c:/program files (x86)/cypress/psoc creator/4.2/psoc creator/import/gnu/arm/5.4.1/bin/../lib/gcc/arm-none-eabi/5.4.1/../../../../arm-none-eabi/lib/armv7-m\libg_nano.a(lib_a-memchr-stub.o)
                0x000036c0                memchr
 .text.memmove  0x000036dc       0x36 c:/program files (x86)/cypress/psoc creator/4.2/psoc creator/import/gnu/arm/5.4.1/bin/../lib/gcc/arm-none-eabi/5.4.1/../../../../arm-none-eabi/lib/armv7-m\libg_nano.a(lib_a-memmove.o)
                0x000036dc                memmove
 *fill*         0x00003712        0x2 
 .text._free_r  0x00003714       0x98 c:/program files (x86)/cypress/psoc creator/4.2/psoc creator/import/gnu/arm/5.4.1/bin/../lib/gcc/arm-none-eabi/5.4.1/../../../../arm-none-eabi/lib/armv7-m\libg_nano.a(lib_a-nano-freer.o)
                0x00003714                _free_r
 .text._malloc_r
                0x000037ac       0xbc c:/program files (x86)/cypress/psoc creator/4.2/psoc creator/import/gnu/arm/5.4.1/bin/../lib/gcc/arm-none-eabi/5.4.1/../../../../arm-none-eabi/lib/armv7-m\libg_nano.a(lib_a-nano-mallocr.o)
                0x000037ac                _malloc_r
 .text._realloc_r
                0x00003868       0x4c c:/program files (x86)/cypress/psoc creator/4.2/psoc creator/import/gnu/arm/5.4.1/bin/../lib/gcc/arm-none-eabi/5.4.1/../../../../arm-none-eabi/lib/armv7-m\libg_nano.a(lib_a-nano-reallocr.o)
                0x00003868                _realloc_r
 .text._sbrk_r  0x000038b4       0x20 c:/program files (x86)/cypress/psoc creator/4.2/psoc creator/import/gnu/arm/5.4.1/bin/../lib/gcc/arm-none-eabi/5.4.1/../../../../arm-none-eabi/lib/armv7-m\libg_nano.a(lib_a-sbrkr.o)
                0x000038b4                _sbrk_r
 .text.__malloc_lock
                0x000038d4        0x2 c:/program files (x86)/cypress/psoc creator/4.2/psoc creator/import/gnu/arm/5.4.1/bin/../lib/gcc/arm-none-eabi/5.4.1/../../../../arm-none-eabi/lib/armv7-m\libg_nano.a(lib_a-mlock.o)
                0x000038d4                __malloc_lock
 .text.__malloc_unlock
                0x000038d6        0x2 c:/program files (x86)/cypress/psoc creator/4.2/psoc creator/import/gnu/arm/5.4.1/bin/../lib/gcc/arm-none-eabi/5.4.1/../../../../arm-none-eabi/lib/armv7-m\libg_nano.a(lib_a-mlock.o)
                0x000038d6                __malloc_unlock
 .text._malloc_usable_size_r
                0x000038d8       0x14 c:/program files (x86)/cypress/psoc creator/4.2/psoc creator/import/gnu/arm/5.4.1/bin/../lib/gcc/arm-none-eabi/5.4.1/../../../../arm-none-eabi/lib/armv7-m\libg_nano.a(lib_a-nano-msizer.o)
                0x000038d8                _malloc_usable_size_r
 *(.plt)
 *(.gnu.warning)
 *(.glue_7t)
 .glue_7t       0x000038ec        0x0 linker stubs
 *(.glue_7)
 .glue_7        0x000038ec        0x0 linker stubs
 *(.vfp11_veneer)
 .vfp11_veneer  0x000038ec        0x0 linker stubs
 *(.bootloader)
 *(.ARM.extab* .gnu.linkonce.armextab.*)
 *(.gcc_except_table)

.v4_bx          0x000038ec        0x0
 .v4_bx         0x000038ec        0x0 linker stubs

.iplt           0x000038ec        0x0
 .iplt          0x000038ec        0x0 c:/program files (x86)/cypress/psoc creator/4.2/psoc creator/import/gnu/arm/5.4.1/bin/../lib/gcc/arm-none-eabi/5.4.1/armv7-m/crtbegin.o

.eh_frame_hdr
 *(.eh_frame_hdr)

.eh_frame       0x000038ec        0x4
 *(.eh_frame)
 .eh_frame      0x000038ec        0x0 c:/program files (x86)/cypress/psoc creator/4.2/psoc creator/import/gnu/arm/5.4.1/bin/../lib/gcc/arm-none-eabi/5.4.1/armv7-m/crtbegin.o
 .eh_frame      0x000038ec        0x4 c:/program files (x86)/cypress/psoc creator/4.2/psoc creator/import/gnu/arm/5.4.1/bin/../lib/gcc/arm-none-eabi/5.4.1/armv7-m/crtend.o
                [!provide]                PROVIDE (__exidx_start, .)

.ARM.exidx
 *(.ARM.exidx* .gnu.linkonce.armexidx.*)
                0x000038f0                __exidx_end = .

.rodata         0x000038f0      0x278
 *(.rodata .rodata.* .gnu.linkonce.r.*)
 .rodata        0x000038f0       0x1d .\CortexM3\ARM_GCC_541\Debug\main.o
 *fill*         0x0000390d        0x3 
 .rodata        0x00003910       0x36 .\CortexM3\ARM_GCC_541\Debug\cyfitter_cfg.o
 *fill*         0x00003946        0x2 
 .rodata        0x00003948       0x11 .\CortexM3\ARM_GCC_541\Debug\CS301_Class.a(USBUART_std.o)
 *fill*         0x00003959        0x3 
 .rodata        0x0000395c      0x19c .\CortexM3\ARM_GCC_541\Debug\CS301_Class.a(USBUART_descr.o)
                0x0000395c                USBUART_DEVICE0_DESCR
                0x00003970                USBUART_DEVICE0_CONFIGURATION0_DESCR
                0x000039b4                USBUART_STRING_DESCRIPTORS
                0x00003a54                USBUART_SN_STRING_DESCRIPTOR
                0x00003a58                USBUART_DEVICE0_CONFIGURATION0_EP_SETTINGS_TABLE
                0x00003a70                USBUART_DEVICE0_CONFIGURATION0_INTERFACE_CLASS
                0x00003a74                USBUART_DEVICE0_CONFIGURATION0_TABLE
                0x00003a9c                USBUART_DEVICE0_TABLE
                0x00003ab4                USBUART_TABLE
                0x00003abc                USBUART_MSOS_DESCRIPTOR
                0x00003ad0                USBUART_MSOS_CONFIGURATION_DESCR
 .rodata.str1.1
                0x00003af8        0x2 c:/program files (x86)/cypress/psoc creator/4.2/psoc creator/import/gnu/arm/5.4.1/bin/../lib/gcc/arm-none-eabi/5.4.1/../../../../arm-none-eabi/lib/armv7-m\libg_nano.a(lib_a-impure.o)
 .rodata.str1.1
                0x00003afa       0x11 c:/program files (x86)/cypress/psoc creator/4.2/psoc creator/import/gnu/arm/5.4.1/bin/../lib/gcc/arm-none-eabi/5.4.1/../../../../arm-none-eabi/lib/armv7-m\libg_nano.a(lib_a-nano-svfprintf.o)
 .rodata.str1.1
                0x00003b0b       0x22 c:/program files (x86)/cypress/psoc creator/4.2/psoc creator/import/gnu/arm/5.4.1/bin/../lib/gcc/arm-none-eabi/5.4.1/../../../../arm-none-eabi/lib/armv7-m\libg_nano.a(lib_a-nano-vfprintf_i.o)
                0x00003b30                . = ALIGN (0x4)
 *fill*         0x00003b2d        0x3 
 *(.init)
 .init          0x00003b30        0x4 c:/program files (x86)/cypress/psoc creator/4.2/psoc creator/import/gnu/arm/5.4.1/bin/../lib/gcc/arm-none-eabi/5.4.1/armv7-m/crti.o
                0x00003b30                _init
 .init          0x00003b34        0x8 c:/program files (x86)/cypress/psoc creator/4.2/psoc creator/import/gnu/arm/5.4.1/bin/../lib/gcc/arm-none-eabi/5.4.1/armv7-m/crtn.o
                0x00003b3c                . = ALIGN (0x4)
                0x00003b3c                __preinit_array_start = .
 *(.preinit_array)
                0x00003b3c                __preinit_array_end = .
                0x00003b3c                . = ALIGN (0x4)
                0x00003b3c                __init_array_start = .
 *(SORT(.init_array.*))
 *(.init_array)
 .init_array    0x00003b3c        0x4 c:/program files (x86)/cypress/psoc creator/4.2/psoc creator/import/gnu/arm/5.4.1/bin/../lib/gcc/arm-none-eabi/5.4.1/armv7-m/crtbegin.o
 .init_array    0x00003b40        0x4 .\CortexM3\ARM_GCC_541\Debug\Cm3Start.o
                0x00003b44                __init_array_end = .
                0x00003b44                . = ALIGN (0x4)
 *(.fini)
 .fini          0x00003b44        0x4 c:/program files (x86)/cypress/psoc creator/4.2/psoc creator/import/gnu/arm/5.4.1/bin/../lib/gcc/arm-none-eabi/5.4.1/armv7-m/crti.o
                0x00003b44                _fini
 .fini          0x00003b48        0x8 c:/program files (x86)/cypress/psoc creator/4.2/psoc creator/import/gnu/arm/5.4.1/bin/../lib/gcc/arm-none-eabi/5.4.1/armv7-m/crtn.o
                0x00003b50                . = ALIGN (0x4)
                0x00003b50                __fini_array_start = .
 *(.fini_array)
 .fini_array    0x00003b50        0x4 c:/program files (x86)/cypress/psoc creator/4.2/psoc creator/import/gnu/arm/5.4.1/bin/../lib/gcc/arm-none-eabi/5.4.1/armv7-m/crtbegin.o
 *(SORT(.fini_array.*))
                0x00003b54                __fini_array_end = .
                0x00003b54                . = ALIGN (0x4)
 *crtbegin.o(.ctors)
 *(EXCLUDE_FILE(*crtend.o) .ctors)
 *(SORT(.ctors.*))
 *crtend.o(.ctors)
                0x00003b54                . = ALIGN (0x4)
 *crtbegin.o(.dtors)
 *(EXCLUDE_FILE(*crtend.o) .dtors)
 *(SORT(.dtors.*))
 *crtend.o(.dtors)
                0x00003b54                . = ALIGN (0x4)
                0x00003b54                __cy_regions = .
                0x00003b54        0x4 LONG 0x3b68 __cy_region_init_ram
                0x00003b58        0x4 LONG 0x1fff80c8 __cy_region_start_data
                0x00003b5c        0x4 LONG 0xe0 __cy_region_init_size_ram
                0x00003b60        0x4 LONG 0x250 __cy_region_zero_size_ram
                0x00003b64                __cy_regions_end = .
                0x00003b68                . = ALIGN (0x8)
 *fill*         0x00003b64        0x4 
                0x00003b68                _etext = .

.cy_checksum_exclude
                0x00003b68        0x0
 *(.cy_checksum_exclude)

.ramvectors     0x1fff8000       0xc0
                0x1fff8000                __cy_region_start_ram = .
 *(.ramvectors)
 .ramvectors    0x1fff8000       0xc0 .\CortexM3\ARM_GCC_541\Debug\Cm3Start.o
                0x1fff8000                CyRamVectors

.noinit         0x1fff80c0        0x5
 *(.noinit)
 .noinit        0x1fff80c0        0x4 .\CortexM3\ARM_GCC_541\Debug\Cm3Start.o
 .noinit        0x1fff80c4        0x1 .\CortexM3\ARM_GCC_541\Debug\CS301_Class.a(CyLib.o)
                0x1fff80c4                CyResetStatus

.data           0x1fff80c8       0xe0 load address 0x00003b68
                0x1fff80c8                __cy_region_start_data = .
 *(.jcr)
 .jcr           0x1fff80c8        0x0 c:/program files (x86)/cypress/psoc creator/4.2/psoc creator/import/gnu/arm/5.4.1/bin/../lib/gcc/arm-none-eabi/5.4.1/armv7-m/crtbegin.o
 .jcr           0x1fff80c8        0x4 c:/program files (x86)/cypress/psoc creator/4.2/psoc creator/import/gnu/arm/5.4.1/bin/../lib/gcc/arm-none-eabi/5.4.1/armv7-m/crtend.o
 *(.got.plt)
 *(.got)
 *(.shdata)
 *(.data .data.* .gnu.linkonce.d.*)
 .data          0x1fff80cc       0x45 .\CortexM3\ARM_GCC_541\Debug\main.o
                0x1fff80cc                flag_rf_transmission_active
                0x1fff80d0                displaystring
                0x1fff8110                idac_val
 *fill*         0x1fff8111        0x3 
 .data          0x1fff8114        0x4 .\CortexM3\ARM_GCC_541\Debug\Cm3Start.o
 .data          0x1fff8118       0x1a .\CortexM3\ARM_GCC_541\Debug\CS301_Class.a(USBUART_cdc.o)
                0x1fff8118                USBUART_linesCoding
 *fill*         0x1fff8132        0x2 
 .data          0x1fff8134       0x10 .\CortexM3\ARM_GCC_541\Debug\CS301_Class.a(CyLib.o)
                0x1fff8134                cydelay_freq_hz
                0x1fff8138                cydelay_freq_khz
                0x1fff813c                cydelay_freq_mhz
                0x1fff8140                cydelay_32k_ms
 .data.impure_data
                0x1fff8144       0x60 c:/program files (x86)/cypress/psoc creator/4.2/psoc creator/import/gnu/arm/5.4.1/bin/../lib/gcc/arm-none-eabi/5.4.1/../../../../arm-none-eabi/lib/armv7-m\libg_nano.a(lib_a-impure.o)
 .data._impure_ptr
                0x1fff81a4        0x4 c:/program files (x86)/cypress/psoc creator/4.2/psoc creator/import/gnu/arm/5.4.1/bin/../lib/gcc/arm-none-eabi/5.4.1/../../../../arm-none-eabi/lib/armv7-m\libg_nano.a(lib_a-impure.o)
                0x1fff81a4                _impure_ptr
                0x1fff81a8                . = ALIGN (0x8)
 *(.ram)
                0x1fff81a8                _edata = .

.igot.plt       0x1fff81a8        0x0 load address 0x00003c48
 .igot.plt      0x1fff81a8        0x0 c:/program files (x86)/cypress/psoc creator/4.2/psoc creator/import/gnu/arm/5.4.1/bin/../lib/gcc/arm-none-eabi/5.4.1/armv7-m/crtbegin.o

.bss            0x1fff81a8      0x250 load address 0x00003c48
                0x1fff81a8                PROVIDE (__bss_start__, .)
 *(.shbss)
 *(.bss .bss.* .gnu.linkonce.b.*)
 .bss           0x1fff81a8       0x1c c:/program files (x86)/cypress/psoc creator/4.2/psoc creator/import/gnu/arm/5.4.1/bin/../lib/gcc/arm-none-eabi/5.4.1/armv7-m/crtbegin.o
 .bss           0x1fff81c4       0x16 .\CortexM3\ARM_GCC_541\Debug\main.o
                0x1fff81c4                ts
                0x1fff81c6                ts_enc
                0x1fff81c8                ts_update
                0x1fff81ca                ts_speed
                0x1fff81cc                ts_display
                0x1fff81ce                flag_ts_enc
                0x1fff81cf                flag_ts_update
                0x1fff81d0                flag_ts_speed
                0x1fff81d1                flag_ts_display
                0x1fff81d2                flag_rx
                0x1fff81d3                flag_packet
                0x1fff81d4                flag_KB_string
                0x1fff81d5                dataready_flag
 .bss           0x1fff81da        0x1 .\CortexM3\ARM_GCC_541\Debug\CS301_Class.a(USBUART.o)
                0x1fff81da                USBUART_initVar
 .bss           0x1fff81db        0x1 .\CortexM3\ARM_GCC_541\Debug\CS301_Class.a(USBUART_cdc.o)
 .bss           0x1fff81dc        0x2 .\CortexM3\ARM_GCC_541\Debug\CS301_Class.a(USBUART_std.o)
 .bss           0x1fff81de        0x1 .\CortexM3\ARM_GCC_541\Debug\CS301_Class.a(Opamp_1.o)
                0x1fff81de                Opamp_1_initVar
 .bss           0x1fff81df        0x1 .\CortexM3\ARM_GCC_541\Debug\CS301_Class.a(ADC_SAR_1.o)
                0x1fff81df                ADC_SAR_1_initVar
 .bss           0x1fff81e0        0x1 .\CortexM3\ARM_GCC_541\Debug\CS301_Class.a(IDAC8_1.o)
                0x1fff81e0                IDAC8_1_initVar
 *fill*         0x1fff81e1        0x3 
 .bss.__malloc_sbrk_start
                0x1fff81e4        0x4 c:/program files (x86)/cypress/psoc creator/4.2/psoc creator/import/gnu/arm/5.4.1/bin/../lib/gcc/arm-none-eabi/5.4.1/../../../../arm-none-eabi/lib/armv7-m\libg_nano.a(lib_a-nano-mallocr.o)
                0x1fff81e4                __malloc_sbrk_start
 .bss.__malloc_free_list
                0x1fff81e8        0x4 c:/program files (x86)/cypress/psoc creator/4.2/psoc creator/import/gnu/arm/5.4.1/bin/../lib/gcc/arm-none-eabi/5.4.1/../../../../arm-none-eabi/lib/armv7-m\libg_nano.a(lib_a-nano-mallocr.o)
                0x1fff81e8                __malloc_free_list
 *(COMMON)
 COMMON         0x1fff81ec      0x120 .\CortexM3\ARM_GCC_541\Debug\main.o
                0x1fff81ec                entry
                0x1fff822c                system_state
                0x1fff824c                line
                0x1fff828c                usbBuffer
                0x1fff82cc                buffer
 COMMON         0x1fff830c       0x18 .\CortexM3\ARM_GCC_541\Debug\CS301_Class.a(USBUART_cdc.o)
                0x1fff830c                USBUART_linesChanged
                0x1fff8310                USBUART_cdcDataInEp
                0x1fff8314                USBUART_cdcCommInInterruptEp
                0x1fff8318                USBUART_cdcDataOutEp
                0x1fff831c                USBUART_serialStateBitmap
                0x1fff8320                USBUART_linesControlBitmap
 COMMON         0x1fff8324       0x9a .\CortexM3\ARM_GCC_541\Debug\CS301_Class.a(USBUART_drv.o)
                0x1fff8324                USBUART_lastPacketSize
                0x1fff8325                USBUART_device
                0x1fff8326                USBUART_transferByteCount
                0x1fff8328                USBUART_transferState
                0x1fff832c                USBUART_interfaceSettingLast
                0x1fff8330                USBUART_currentTD
                0x1fff833c                USBUART_interfaceNumber
                0x1fff8340                USBUART_interfaceClass
                0x1fff8344                USBUART_configurationChanged
                0x1fff8345                USBUART_ep0Mode
                0x1fff8346                USBUART_deviceAddress
                0x1fff8347                USBUART_configuration
                0x1fff8348                USBUART_ep0Count
                0x1fff8349                USBUART_deviceStatus
                0x1fff834c                USBUART_EP
                0x1fff83b8                USBUART_interfaceSetting
                0x1fff83ba                USBUART_ep0Toggle
                0x1fff83bc                USBUART_interfaceStatus
 *fill*         0x1fff83be        0x2 
 COMMON         0x1fff83c0        0xa .\CortexM3\ARM_GCC_541\Debug\CS301_Class.a(ADC_SAR_1.o)
                0x1fff83c0                ADC_SAR_1_countsPerVolt
                0x1fff83c2                ADC_SAR_1_shift
                0x1fff83c4                ADC_SAR_1_countsPer10Volt
                0x1fff83c8                ADC_SAR_1_offset
 *fill*         0x1fff83ca        0x2 
 COMMON         0x1fff83cc       0x22 .\CortexM3\ARM_GCC_541\Debug\CS301_Class.a(USBUART_descr.o)
                0x1fff83cc                USBUART_idSerialNumberStringDescriptor
 *fill*         0x1fff83ee        0x2 
 COMMON         0x1fff83f0        0x4 c:/program files (x86)/cypress/psoc creator/4.2/psoc creator/import/gnu/arm/5.4.1/bin/../lib/gcc/arm-none-eabi/5.4.1/../../../../arm-none-eabi/lib/armv7-m\libg_nano.a(lib_a-reent.o)
                0x1fff83f0                errno
                0x1fff83f8                . = ALIGN (0x8)
 *fill*         0x1fff83f4        0x4 
 *(.ram.b)
                0x1fff83f8                _end = .
                0x1fff83f8                __end = .
                0x1fff83f8                PROVIDE (end, .)
                0x1fff83f8                PROVIDE (__bss_end__, .)
                0x00003b68                __cy_region_init_ram = LOADADDR (.data)
                0x000000e0                __cy_region_init_size_ram = (_edata - ADDR (.data))
                0x00000250                __cy_region_zero_size_ram = (_end - _edata)

.heap           0x1fff83f8       0x80 load address 0x00003c48
                0x1fff83f8                . = _end
                0x1fff8478                . = (. + 0x80)
 *fill*         0x1fff83f8       0x80 
                0x1fff8478                __cy_heap_limit = .

.stack          0x20007800      0x800
                0x20007800                __cy_stack_limit = .
                0x20008000                . = (. + 0x800)
 *fill*         0x20007800      0x800 
                0x00000001                ASSERT ((__cy_stack_limit >= __cy_heap_limit), region RAM overflowed with stack)
                0x00000000                cy_checksum_exclude_size = (CY_APPL_LOADABLE == 0x1)?SIZEOF (.cy_checksum_exclude):0x0
                0x00000001                ASSERT ((cy_checksum_exclude_size <= CY_CHECKSUM_EXCLUDE_SIZE), CY_BOOT: Section .cy_checksum_exclude size exceedes specified limit.)

.cyloadermeta
 *(.cyloadermeta)

.cyloadablemeta
 *(.cyloadablemeta)

.cyconfigecc    0x80000000      0x4dc
 *(.cyconfigecc)
 .cyconfigecc   0x80000000      0x4dc .\CortexM3\ARM_GCC_541\Debug\cymetadata.o
                0x80000000                cy_meta_configecc

.cycustnvl      0x90000000        0x4
 *(.cycustnvl)
 .cycustnvl     0x90000000        0x4 .\CortexM3\ARM_GCC_541\Debug\cymetadata.o
                0x90000000                cy_meta_custnvl

.cywolatch      0x90100000        0x4
 *(.cywolatch)
 .cywolatch     0x90100000        0x4 .\CortexM3\ARM_GCC_541\Debug\cymetadata.o
                0x90100000                cy_meta_wonvl

.cyeeprom       0x90200000        0x0
 *(.cyeeprom)
                0x00000001                ASSERT ((. <= ((0x90200000 + ee_offset) + ee_size)), .cyeeprom data will not fit in EEPROM)

.cyflashprotect
                0x90400000      0x100
 *(.cyflashprotect)
 .cyflashprotect
                0x90400000      0x100 .\CortexM3\ARM_GCC_541\Debug\cymetadata.o
                0x90400000                cy_meta_flashprotect

.cymeta         0x90500000        0xc
 *(.cymeta)
 .cymeta        0x90500000        0xc .\CortexM3\ARM_GCC_541\Debug\cymetadata.o
                0x90500000                cy_metadata

.rel.dyn        0x00003c48        0x0 load address 0x9050000c
 .rel.iplt      0x00003c48        0x0 c:/program files (x86)/cypress/psoc creator/4.2/psoc creator/import/gnu/arm/5.4.1/bin/../lib/gcc/arm-none-eabi/5.4.1/armv7-m/crtbegin.o

.stab
 *(.stab)

.stabstr
 *(.stabstr)

.debug
 *(.debug)

.line
 *(.line)

.debug_srcinfo
 *(.debug_srcinfo)

.debug_sfnames
 *(.debug_sfnames)

.debug_aranges  0x00000000      0xb68
 *(.debug_aranges)
 .debug_aranges
                0x00000000       0x38 .\CortexM3\ARM_GCC_541\Debug\main.o
 .debug_aranges
                0x00000038       0x18 .\CortexM3\ARM_GCC_541\Debug\tacho.o
 .debug_aranges
                0x00000050       0x60 .\CortexM3\ARM_GCC_541\Debug\cyfitter_cfg.o
 .debug_aranges
                0x000000b0       0x18 .\CortexM3\ARM_GCC_541\Debug\cymetadata.o
 .debug_aranges
                0x000000c8       0x48 .\CortexM3\ARM_GCC_541\Debug\Cm3Start.o
 .debug_aranges
                0x00000110       0xc8 .\CortexM3\ARM_GCC_541\Debug\CS301_Class.a(USBUART.o)
 .debug_aranges
                0x000001d8       0xe8 .\CortexM3\ARM_GCC_541\Debug\CS301_Class.a(USBUART_cdc.o)
 .debug_aranges
                0x000002c0       0x98 .\CortexM3\ARM_GCC_541\Debug\CS301_Class.a(USBUART_drv.o)
 .debug_aranges
                0x00000358       0x40 .\CortexM3\ARM_GCC_541\Debug\CS301_Class.a(USBUART_episr.o)
 .debug_aranges
                0x00000398       0x40 .\CortexM3\ARM_GCC_541\Debug\CS301_Class.a(USBUART_pm.o)
 .debug_aranges
                0x000003d8       0x80 .\CortexM3\ARM_GCC_541\Debug\CS301_Class.a(USBUART_std.o)
 .debug_aranges
                0x00000458       0x20 .\CortexM3\ARM_GCC_541\Debug\CS301_Class.a(USBUART_vnd.o)
 .debug_aranges
                0x00000478       0x48 .\CortexM3\ARM_GCC_541\Debug\CS301_Class.a(USBUART_Dp.o)
 .debug_aranges
                0x000004c0      0x2a0 .\CortexM3\ARM_GCC_541\Debug\CS301_Class.a(CyLib.o)
 .debug_aranges
                0x00000760       0x98 .\CortexM3\ARM_GCC_541\Debug\CS301_Class.a(cyPm.o)
 .debug_aranges
                0x000007f8       0x28 .\CortexM3\ARM_GCC_541\Debug\CS301_Class.a(RF_BT_SELECT.o)
 .debug_aranges
                0x00000820       0x40 .\CortexM3\ARM_GCC_541\Debug\CS301_Class.a(Opamp_1.o)
 .debug_aranges
                0x00000860       0xa8 .\CortexM3\ARM_GCC_541\Debug\CS301_Class.a(ADC_SAR_1.o)
 .debug_aranges
                0x00000908       0x20 .\CortexM3\ARM_GCC_541\Debug\CS301_Class.a(ADC_SAR_1_INT.o)
 .debug_aranges
                0x00000928       0x60 .\CortexM3\ARM_GCC_541\Debug\CS301_Class.a(IDAC8_1.o)
 .debug_aranges
                0x00000988       0x80 .\CortexM3\ARM_GCC_541\Debug\CS301_Class.a(ADC_SAR_1_theACLK.o)
 .debug_aranges
                0x00000a08       0x20 .\CortexM3\ARM_GCC_541\Debug\CS301_Class.a(CyBootAsmGnu.o)
 .debug_aranges
                0x00000a28       0x20 .\CortexM3\ARM_GCC_541\Debug\CS301_Class.a(USBUART_cls.o)
 .debug_aranges
                0x00000a48       0x18 .\CortexM3\ARM_GCC_541\Debug\CS301_Class.a(USBUART_descr.o)
 .debug_aranges
                0x00000a60       0x88 .\CortexM3\ARM_GCC_541\Debug\CS301_Class.a(CyFlash.o)
 .debug_aranges
                0x00000ae8       0x80 .\CortexM3\ARM_GCC_541\Debug\CS301_Class.a(CySpc.o)

.debug_pubnames
 *(.debug_pubnames)

.debug_info     0x00000000     0x5f92
 *(.debug_info .gnu.linkonce.wi.*)
 .debug_info    0x00000000      0x42f .\CortexM3\ARM_GCC_541\Debug\main.o
 .debug_info    0x0000042f       0xae .\CortexM3\ARM_GCC_541\Debug\tacho.o
 .debug_info    0x000004dd      0x3b8 .\CortexM3\ARM_GCC_541\Debug\cyfitter_cfg.o
 .debug_info    0x00000895      0x136 .\CortexM3\ARM_GCC_541\Debug\cymetadata.o
 .debug_info    0x000009cb      0x32b .\CortexM3\ARM_GCC_541\Debug\Cm3Start.o
 .debug_info    0x00000cf6      0x717 .\CortexM3\ARM_GCC_541\Debug\CS301_Class.a(USBUART.o)
 .debug_info    0x0000140d      0x924 .\CortexM3\ARM_GCC_541\Debug\CS301_Class.a(USBUART_cdc.o)
 .debug_info    0x00001d31      0x52d .\CortexM3\ARM_GCC_541\Debug\CS301_Class.a(USBUART_drv.o)
 .debug_info    0x0000225e      0x23b .\CortexM3\ARM_GCC_541\Debug\CS301_Class.a(USBUART_episr.o)
 .debug_info    0x00002499      0x18d .\CortexM3\ARM_GCC_541\Debug\CS301_Class.a(USBUART_pm.o)
 .debug_info    0x00002626      0x961 .\CortexM3\ARM_GCC_541\Debug\CS301_Class.a(USBUART_std.o)
 .debug_info    0x00002f87      0x1a9 .\CortexM3\ARM_GCC_541\Debug\CS301_Class.a(USBUART_vnd.o)
 .debug_info    0x00003130      0x171 .\CortexM3\ARM_GCC_541\Debug\CS301_Class.a(USBUART_Dp.o)
 .debug_info    0x000032a1      0xe51 .\CortexM3\ARM_GCC_541\Debug\CS301_Class.a(CyLib.o)
 .debug_info    0x000040f2      0x57a .\CortexM3\ARM_GCC_541\Debug\CS301_Class.a(cyPm.o)
 .debug_info    0x0000466c       0xd7 .\CortexM3\ARM_GCC_541\Debug\CS301_Class.a(RF_BT_SELECT.o)
 .debug_info    0x00004743      0x125 .\CortexM3\ARM_GCC_541\Debug\CS301_Class.a(Opamp_1.o)
 .debug_info    0x00004868      0x47f .\CortexM3\ARM_GCC_541\Debug\CS301_Class.a(ADC_SAR_1.o)
 .debug_info    0x00004ce7       0x92 .\CortexM3\ARM_GCC_541\Debug\CS301_Class.a(ADC_SAR_1_INT.o)
 .debug_info    0x00004d79      0x1ad .\CortexM3\ARM_GCC_541\Debug\CS301_Class.a(IDAC8_1.o)
 .debug_info    0x00004f26      0x299 .\CortexM3\ARM_GCC_541\Debug\CS301_Class.a(ADC_SAR_1_theACLK.o)
 .debug_info    0x000051bf       0xb1 .\CortexM3\ARM_GCC_541\Debug\CS301_Class.a(CyBootAsmGnu.o)
 .debug_info    0x00005270      0x1c8 .\CortexM3\ARM_GCC_541\Debug\CS301_Class.a(USBUART_cls.o)
 .debug_info    0x00005438      0x2e1 .\CortexM3\ARM_GCC_541\Debug\CS301_Class.a(USBUART_descr.o)
 .debug_info    0x00005719      0x3b9 .\CortexM3\ARM_GCC_541\Debug\CS301_Class.a(CyFlash.o)
 .debug_info    0x00005ad2      0x4c0 .\CortexM3\ARM_GCC_541\Debug\CS301_Class.a(CySpc.o)

.debug_abbrev   0x00000000     0x1ca5
 *(.debug_abbrev)
 .debug_abbrev  0x00000000      0x139 .\CortexM3\ARM_GCC_541\Debug\main.o
 .debug_abbrev  0x00000139       0x4b .\CortexM3\ARM_GCC_541\Debug\tacho.o
 .debug_abbrev  0x00000184      0x19d .\CortexM3\ARM_GCC_541\Debug\cyfitter_cfg.o
 .debug_abbrev  0x00000321       0x77 .\CortexM3\ARM_GCC_541\Debug\cymetadata.o
 .debug_abbrev  0x00000398      0x1d6 .\CortexM3\ARM_GCC_541\Debug\Cm3Start.o
 .debug_abbrev  0x0000056e      0x1f3 .\CortexM3\ARM_GCC_541\Debug\CS301_Class.a(USBUART.o)
 .debug_abbrev  0x00000761      0x233 .\CortexM3\ARM_GCC_541\Debug\CS301_Class.a(USBUART_cdc.o)
 .debug_abbrev  0x00000994      0x161 .\CortexM3\ARM_GCC_541\Debug\CS301_Class.a(USBUART_drv.o)
 .debug_abbrev  0x00000af5       0xfd .\CortexM3\ARM_GCC_541\Debug\CS301_Class.a(USBUART_episr.o)
 .debug_abbrev  0x00000bf2       0xd1 .\CortexM3\ARM_GCC_541\Debug\CS301_Class.a(USBUART_pm.o)
 .debug_abbrev  0x00000cc3      0x1c2 .\CortexM3\ARM_GCC_541\Debug\CS301_Class.a(USBUART_std.o)
 .debug_abbrev  0x00000e85       0xc5 .\CortexM3\ARM_GCC_541\Debug\CS301_Class.a(USBUART_vnd.o)
 .debug_abbrev  0x00000f4a       0x90 .\CortexM3\ARM_GCC_541\Debug\CS301_Class.a(USBUART_Dp.o)
 .debug_abbrev  0x00000fda      0x217 .\CortexM3\ARM_GCC_541\Debug\CS301_Class.a(CyLib.o)
 .debug_abbrev  0x000011f1      0x161 .\CortexM3\ARM_GCC_541\Debug\CS301_Class.a(cyPm.o)
 .debug_abbrev  0x00001352       0x81 .\CortexM3\ARM_GCC_541\Debug\CS301_Class.a(RF_BT_SELECT.o)
 .debug_abbrev  0x000013d3       0xa8 .\CortexM3\ARM_GCC_541\Debug\CS301_Class.a(Opamp_1.o)
 .debug_abbrev  0x0000147b      0x173 .\CortexM3\ARM_GCC_541\Debug\CS301_Class.a(ADC_SAR_1.o)
 .debug_abbrev  0x000015ee       0x42 .\CortexM3\ARM_GCC_541\Debug\CS301_Class.a(ADC_SAR_1_INT.o)
 .debug_abbrev  0x00001630      0x114 .\CortexM3\ARM_GCC_541\Debug\CS301_Class.a(IDAC8_1.o)
 .debug_abbrev  0x00001744      0x11d .\CortexM3\ARM_GCC_541\Debug\CS301_Class.a(ADC_SAR_1_theACLK.o)
 .debug_abbrev  0x00001861       0x14 .\CortexM3\ARM_GCC_541\Debug\CS301_Class.a(CyBootAsmGnu.o)
 .debug_abbrev  0x00001875       0xc5 .\CortexM3\ARM_GCC_541\Debug\CS301_Class.a(USBUART_cls.o)
 .debug_abbrev  0x0000193a       0xb4 .\CortexM3\ARM_GCC_541\Debug\CS301_Class.a(USBUART_descr.o)
 .debug_abbrev  0x000019ee      0x14b .\CortexM3\ARM_GCC_541\Debug\CS301_Class.a(CyFlash.o)
 .debug_abbrev  0x00001b39      0x16c .\CortexM3\ARM_GCC_541\Debug\CS301_Class.a(CySpc.o)

.debug_line     0x00000000     0x304a
 *(.debug_line)
 .debug_line    0x00000000      0x1f1 .\CortexM3\ARM_GCC_541\Debug\main.o
 .debug_line    0x000001f1      0x13f .\CortexM3\ARM_GCC_541\Debug\tacho.o
 .debug_line    0x00000330      0x203 .\CortexM3\ARM_GCC_541\Debug\cyfitter_cfg.o
 .debug_line    0x00000533      0x141 .\CortexM3\ARM_GCC_541\Debug\cymetadata.o
 .debug_line    0x00000674      0x1dc .\CortexM3\ARM_GCC_541\Debug\Cm3Start.o
 .debug_line    0x00000850      0x307 .\CortexM3\ARM_GCC_541\Debug\CS301_Class.a(USBUART.o)
 .debug_line    0x00000b57      0x30c .\CortexM3\ARM_GCC_541\Debug\CS301_Class.a(USBUART_cdc.o)
 .debug_line    0x00000e63      0x21f .\CortexM3\ARM_GCC_541\Debug\CS301_Class.a(USBUART_drv.o)
 .debug_line    0x00001082       0xf2 .\CortexM3\ARM_GCC_541\Debug\CS301_Class.a(USBUART_episr.o)
 .debug_line    0x00001174       0xe6 .\CortexM3\ARM_GCC_541\Debug\CS301_Class.a(USBUART_pm.o)
 .debug_line    0x0000125a      0x470 .\CortexM3\ARM_GCC_541\Debug\CS301_Class.a(USBUART_std.o)
 .debug_line    0x000016ca       0x8f .\CortexM3\ARM_GCC_541\Debug\CS301_Class.a(USBUART_vnd.o)
 .debug_line    0x00001759       0xbf .\CortexM3\ARM_GCC_541\Debug\CS301_Class.a(USBUART_Dp.o)
 .debug_line    0x00001818      0x883 .\CortexM3\ARM_GCC_541\Debug\CS301_Class.a(CyLib.o)
 .debug_line    0x0000209b      0x38e .\CortexM3\ARM_GCC_541\Debug\CS301_Class.a(cyPm.o)
 .debug_line    0x00002429       0x75 .\CortexM3\ARM_GCC_541\Debug\CS301_Class.a(RF_BT_SELECT.o)
 .debug_line    0x0000249e       0xaf .\CortexM3\ARM_GCC_541\Debug\CS301_Class.a(Opamp_1.o)
 .debug_line    0x0000254d      0x20d .\CortexM3\ARM_GCC_541\Debug\CS301_Class.a(ADC_SAR_1.o)
 .debug_line    0x0000275a       0x59 .\CortexM3\ARM_GCC_541\Debug\CS301_Class.a(ADC_SAR_1_INT.o)
 .debug_line    0x000027b3      0x107 .\CortexM3\ARM_GCC_541\Debug\CS301_Class.a(IDAC8_1.o)
 .debug_line    0x000028ba      0x1d4 .\CortexM3\ARM_GCC_541\Debug\CS301_Class.a(ADC_SAR_1_theACLK.o)
 .debug_line    0x00002a8e       0x66 .\CortexM3\ARM_GCC_541\Debug\CS301_Class.a(CyBootAsmGnu.o)
 .debug_line    0x00002af4       0x95 .\CortexM3\ARM_GCC_541\Debug\CS301_Class.a(USBUART_cls.o)
 .debug_line    0x00002b89       0x61 .\CortexM3\ARM_GCC_541\Debug\CS301_Class.a(USBUART_descr.o)
 .debug_line    0x00002bea      0x22f .\CortexM3\ARM_GCC_541\Debug\CS301_Class.a(CyFlash.o)
 .debug_line    0x00002e19      0x231 .\CortexM3\ARM_GCC_541\Debug\CS301_Class.a(CySpc.o)

.debug_frame    0x00000000     0x300c
 *(.debug_frame)
 .debug_frame   0x00000000       0xa8 .\CortexM3\ARM_GCC_541\Debug\main.o
 .debug_frame   0x000000a8      0x16c .\CortexM3\ARM_GCC_541\Debug\cyfitter_cfg.o
 .debug_frame   0x00000214       0xd8 .\CortexM3\ARM_GCC_541\Debug\Cm3Start.o
 .debug_frame   0x000002ec      0x37c .\CortexM3\ARM_GCC_541\Debug\CS301_Class.a(USBUART.o)
 .debug_frame   0x00000668      0x3ec .\CortexM3\ARM_GCC_541\Debug\CS301_Class.a(USBUART_cdc.o)
 .debug_frame   0x00000a54      0x23c .\CortexM3\ARM_GCC_541\Debug\CS301_Class.a(USBUART_drv.o)
 .debug_frame   0x00000c90       0xbc .\CortexM3\ARM_GCC_541\Debug\CS301_Class.a(USBUART_episr.o)
 .debug_frame   0x00000d4c       0xbc .\CortexM3\ARM_GCC_541\Debug\CS301_Class.a(USBUART_pm.o)
 .debug_frame   0x00000e08      0x224 .\CortexM3\ARM_GCC_541\Debug\CS301_Class.a(USBUART_std.o)
 .debug_frame   0x0000102c       0x38 .\CortexM3\ARM_GCC_541\Debug\CS301_Class.a(USBUART_vnd.o)
 .debug_frame   0x00001064       0xf4 .\CortexM3\ARM_GCC_541\Debug\CS301_Class.a(USBUART_Dp.o)
 .debug_frame   0x00001158      0xc0c .\CortexM3\ARM_GCC_541\Debug\CS301_Class.a(CyLib.o)
 .debug_frame   0x00001d64      0x234 .\CortexM3\ARM_GCC_541\Debug\CS301_Class.a(cyPm.o)
 .debug_frame   0x00001f98       0x5c .\CortexM3\ARM_GCC_541\Debug\CS301_Class.a(RF_BT_SELECT.o)
 .debug_frame   0x00001ff4       0xb8 .\CortexM3\ARM_GCC_541\Debug\CS301_Class.a(Opamp_1.o)
 .debug_frame   0x000020ac      0x2bc .\CortexM3\ARM_GCC_541\Debug\CS301_Class.a(ADC_SAR_1.o)
 .debug_frame   0x00002368       0x34 .\CortexM3\ARM_GCC_541\Debug\CS301_Class.a(ADC_SAR_1_INT.o)
 .debug_frame   0x0000239c      0x158 .\CortexM3\ARM_GCC_541\Debug\CS301_Class.a(IDAC8_1.o)
 .debug_frame   0x000024f4      0x200 .\CortexM3\ARM_GCC_541\Debug\CS301_Class.a(ADC_SAR_1_theACLK.o)
 .debug_frame   0x000026f4       0x38 .\CortexM3\ARM_GCC_541\Debug\CS301_Class.a(USBUART_cls.o)
 .debug_frame   0x0000272c      0x238 .\CortexM3\ARM_GCC_541\Debug\CS301_Class.a(CyFlash.o)
 .debug_frame   0x00002964      0x228 .\CortexM3\ARM_GCC_541\Debug\CS301_Class.a(CySpc.o)
 .debug_frame   0x00002b8c       0x44 c:/program files (x86)/cypress/psoc creator/4.2/psoc creator/import/gnu/arm/5.4.1/bin/../lib/gcc/arm-none-eabi/5.4.1/armv7-m\libgcc.a(_aeabi_ldivmod.o)
 .debug_frame   0x00002bd0       0x38 c:/program files (x86)/cypress/psoc creator/4.2/psoc creator/import/gnu/arm/5.4.1/bin/../lib/gcc/arm-none-eabi/5.4.1/armv7-m\libgcc.a(_udivmoddi4.o)
 .debug_frame   0x00002c08       0x20 c:/program files (x86)/cypress/psoc creator/4.2/psoc creator/import/gnu/arm/5.4.1/bin/../lib/gcc/arm-none-eabi/5.4.1/../../../../arm-none-eabi/lib/armv7-m\libg_nano.a(lib_a-errno.o)
 .debug_frame   0x00002c28       0x28 c:/program files (x86)/cypress/psoc creator/4.2/psoc creator/import/gnu/arm/5.4.1/bin/../lib/gcc/arm-none-eabi/5.4.1/../../../../arm-none-eabi/lib/armv7-m\libg_nano.a(lib_a-exit.o)
 .debug_frame   0x00002c50       0x2c c:/program files (x86)/cypress/psoc creator/4.2/psoc creator/import/gnu/arm/5.4.1/bin/../lib/gcc/arm-none-eabi/5.4.1/../../../../arm-none-eabi/lib/armv7-m\libg_nano.a(lib_a-init.o)
 .debug_frame   0x00002c7c       0x28 c:/program files (x86)/cypress/psoc creator/4.2/psoc creator/import/gnu/arm/5.4.1/bin/../lib/gcc/arm-none-eabi/5.4.1/../../../../arm-none-eabi/lib/armv7-m\libg_nano.a(lib_a-memcpy-stub.o)
 .debug_frame   0x00002ca4       0x20 c:/program files (x86)/cypress/psoc creator/4.2/psoc creator/import/gnu/arm/5.4.1/bin/../lib/gcc/arm-none-eabi/5.4.1/../../../../arm-none-eabi/lib/armv7-m\libg_nano.a(lib_a-memset.o)
 .debug_frame   0x00002cc4       0x70 c:/program files (x86)/cypress/psoc creator/4.2/psoc creator/import/gnu/arm/5.4.1/bin/../lib/gcc/arm-none-eabi/5.4.1/../../../../arm-none-eabi/lib/armv7-m\libg_nano.a(lib_a-sprintf.o)
 .debug_frame   0x00002d34       0x20 c:/program files (x86)/cypress/psoc creator/4.2/psoc creator/import/gnu/arm/5.4.1/bin/../lib/gcc/arm-none-eabi/5.4.1/../../../../arm-none-eabi/lib/armv7-m\libg_nano.a(lib_a-strcpy.o)
 .debug_frame   0x00002d54       0x90 c:/program files (x86)/cypress/psoc creator/4.2/psoc creator/import/gnu/arm/5.4.1/bin/../lib/gcc/arm-none-eabi/5.4.1/../../../../arm-none-eabi/lib/armv7-m\libg_nano.a(lib_a-nano-svfprintf.o)
 .debug_frame   0x00002de4       0x60 c:/program files (x86)/cypress/psoc creator/4.2/psoc creator/import/gnu/arm/5.4.1/bin/../lib/gcc/arm-none-eabi/5.4.1/../../../../arm-none-eabi/lib/armv7-m\libg_nano.a(lib_a-nano-vfprintf_i.o)
 .debug_frame   0x00002e44       0x28 c:/program files (x86)/cypress/psoc creator/4.2/psoc creator/import/gnu/arm/5.4.1/bin/../lib/gcc/arm-none-eabi/5.4.1/../../../../arm-none-eabi/lib/armv7-m\libg_nano.a(lib_a-memchr-stub.o)
 .debug_frame   0x00002e6c       0x28 c:/program files (x86)/cypress/psoc creator/4.2/psoc creator/import/gnu/arm/5.4.1/bin/../lib/gcc/arm-none-eabi/5.4.1/../../../../arm-none-eabi/lib/armv7-m\libg_nano.a(lib_a-memmove.o)
 .debug_frame   0x00002e94       0x38 c:/program files (x86)/cypress/psoc creator/4.2/psoc creator/import/gnu/arm/5.4.1/bin/../lib/gcc/arm-none-eabi/5.4.1/../../../../arm-none-eabi/lib/armv7-m\libg_nano.a(lib_a-nano-freer.o)
 .debug_frame   0x00002ecc       0x2c c:/program files (x86)/cypress/psoc creator/4.2/psoc creator/import/gnu/arm/5.4.1/bin/../lib/gcc/arm-none-eabi/5.4.1/../../../../arm-none-eabi/lib/armv7-m\libg_nano.a(lib_a-nano-mallocr.o)
 .debug_frame   0x00002ef8       0x3c c:/program files (x86)/cypress/psoc creator/4.2/psoc creator/import/gnu/arm/5.4.1/bin/../lib/gcc/arm-none-eabi/5.4.1/../../../../arm-none-eabi/lib/armv7-m\libg_nano.a(lib_a-nano-reallocr.o)
 .debug_frame   0x00002f34       0x2c c:/program files (x86)/cypress/psoc creator/4.2/psoc creator/import/gnu/arm/5.4.1/bin/../lib/gcc/arm-none-eabi/5.4.1/../../../../arm-none-eabi/lib/armv7-m\libg_nano.a(lib_a-sbrkr.o)
 .debug_frame   0x00002f60       0x30 c:/program files (x86)/cypress/psoc creator/4.2/psoc creator/import/gnu/arm/5.4.1/bin/../lib/gcc/arm-none-eabi/5.4.1/../../../../arm-none-eabi/lib/armv7-m\libg_nano.a(lib_a-mlock.o)
 .debug_frame   0x00002f90       0x20 c:/program files (x86)/cypress/psoc creator/4.2/psoc creator/import/gnu/arm/5.4.1/bin/../lib/gcc/arm-none-eabi/5.4.1/../../../../arm-none-eabi/lib/armv7-m\libg_nano.a(lib_a-nano-msizer.o)
 .debug_frame   0x00002fb0       0x5c c:/program files (x86)/cypress/psoc creator/4.2/psoc creator/import/gnu/arm/5.4.1/bin/../lib/gcc/arm-none-eabi/5.4.1/../../../../arm-none-eabi/lib/armv7-m\libg_nano.a(lib_a-reent.o)

.debug_str      0x00000000     0x2c61
 *(.debug_str)
 .debug_str     0x00000000      0x34b .\CortexM3\ARM_GCC_541\Debug\main.o
                                0x3dd (size before relaxing)
 .debug_str     0x0000034b        0x8 .\CortexM3\ARM_GCC_541\Debug\tacho.o
                                0x1c3 (size before relaxing)
 .debug_str     0x00000353      0x167 .\CortexM3\ARM_GCC_541\Debug\cyfitter_cfg.o
                                0x324 (size before relaxing)
 .debug_str     0x000004ba       0x75 .\CortexM3\ARM_GCC_541\Debug\cymetadata.o
                                0x205 (size before relaxing)
 .debug_str     0x0000052f      0x123 .\CortexM3\ARM_GCC_541\Debug\Cm3Start.o
                                0x2f8 (size before relaxing)
 .debug_str     0x00000652      0x434 .\CortexM3\ARM_GCC_541\Debug\CS301_Class.a(USBUART.o)
                                0x60c (size before relaxing)
 .debug_str     0x00000a86      0x4d2 .\CortexM3\ARM_GCC_541\Debug\CS301_Class.a(USBUART_cdc.o)
                                0x73b (size before relaxing)
 .debug_str     0x00000f58      0x296 .\CortexM3\ARM_GCC_541\Debug\CS301_Class.a(USBUART_drv.o)
                                0x61b (size before relaxing)
 .debug_str     0x000011ee       0x80 .\CortexM3\ARM_GCC_541\Debug\CS301_Class.a(USBUART_episr.o)
                                0x2e8 (size before relaxing)
 .debug_str     0x0000126e       0xac .\CortexM3\ARM_GCC_541\Debug\CS301_Class.a(USBUART_pm.o)
                                0x28c (size before relaxing)
 .debug_str     0x0000131a      0x2bb .\CortexM3\ARM_GCC_541\Debug\CS301_Class.a(USBUART_std.o)
                                0x77b (size before relaxing)
 .debug_str     0x000015d5       0x5f .\CortexM3\ARM_GCC_541\Debug\CS301_Class.a(USBUART_vnd.o)
                                0x298 (size before relaxing)
 .debug_str     0x00001634       0xbe .\CortexM3\ARM_GCC_541\Debug\CS301_Class.a(USBUART_Dp.o)
                                0x262 (size before relaxing)
 .debug_str     0x000016f2      0x7f8 .\CortexM3\ARM_GCC_541\Debug\CS301_Class.a(CyLib.o)
                                0xa0b (size before relaxing)
 .debug_str     0x00001eea      0x371 .\CortexM3\ARM_GCC_541\Debug\CS301_Class.a(cyPm.o)
                                0x564 (size before relaxing)
 .debug_str     0x0000225b       0x53 .\CortexM3\ARM_GCC_541\Debug\CS301_Class.a(RF_BT_SELECT.o)
                                0x1e5 (size before relaxing)
 .debug_str     0x000022ae       0x7f .\CortexM3\ARM_GCC_541\Debug\CS301_Class.a(Opamp_1.o)
                                0x226 (size before relaxing)
 .debug_str     0x0000232d      0x249 .\CortexM3\ARM_GCC_541\Debug\CS301_Class.a(ADC_SAR_1.o)
                                0x45e (size before relaxing)
 .debug_str     0x00002576       0x35 .\CortexM3\ARM_GCC_541\Debug\CS301_Class.a(ADC_SAR_1_INT.o)
                                0x1bc (size before relaxing)
 .debug_str     0x000025ab       0xce .\CortexM3\ARM_GCC_541\Debug\CS301_Class.a(IDAC8_1.o)
                                0x271 (size before relaxing)
 .debug_str     0x00002679      0x229 .\CortexM3\ARM_GCC_541\Debug\CS301_Class.a(ADC_SAR_1_theACLK.o)
                                0x3d6 (size before relaxing)
 .debug_str     0x000028a2       0x3f .\CortexM3\ARM_GCC_541\Debug\CS301_Class.a(USBUART_cls.o)
                                0x2b0 (size before relaxing)
 .debug_str     0x000028e1      0x104 .\CortexM3\ARM_GCC_541\Debug\CS301_Class.a(USBUART_descr.o)
                                0x3b3 (size before relaxing)
 .debug_str     0x000029e5      0x14f .\CortexM3\ARM_GCC_541\Debug\CS301_Class.a(CyFlash.o)
                                0x328 (size before relaxing)
 .debug_str     0x00002b34      0x12d .\CortexM3\ARM_GCC_541\Debug\CS301_Class.a(CySpc.o)
                                0x322 (size before relaxing)

.debug_loc
 *(.debug_loc)

.debug_macinfo
 *(.debug_macinfo)

.debug_ranges   0x00000000      0x9a0
 *(.debug_ranges)
 .debug_ranges  0x00000000       0x28 .\CortexM3\ARM_GCC_541\Debug\main.o
 .debug_ranges  0x00000028       0x50 .\CortexM3\ARM_GCC_541\Debug\cyfitter_cfg.o
 .debug_ranges  0x00000078       0x38 .\CortexM3\ARM_GCC_541\Debug\Cm3Start.o
 .debug_ranges  0x000000b0       0xb8 .\CortexM3\ARM_GCC_541\Debug\CS301_Class.a(USBUART.o)
 .debug_ranges  0x00000168       0xd8 .\CortexM3\ARM_GCC_541\Debug\CS301_Class.a(USBUART_cdc.o)
 .debug_ranges  0x00000240       0x88 .\CortexM3\ARM_GCC_541\Debug\CS301_Class.a(USBUART_drv.o)
 .debug_ranges  0x000002c8       0x30 .\CortexM3\ARM_GCC_541\Debug\CS301_Class.a(USBUART_episr.o)
 .debug_ranges  0x000002f8       0x30 .\CortexM3\ARM_GCC_541\Debug\CS301_Class.a(USBUART_pm.o)
 .debug_ranges  0x00000328       0x70 .\CortexM3\ARM_GCC_541\Debug\CS301_Class.a(USBUART_std.o)
 .debug_ranges  0x00000398       0x10 .\CortexM3\ARM_GCC_541\Debug\CS301_Class.a(USBUART_vnd.o)
 .debug_ranges  0x000003a8       0x38 .\CortexM3\ARM_GCC_541\Debug\CS301_Class.a(USBUART_Dp.o)
 .debug_ranges  0x000003e0      0x290 .\CortexM3\ARM_GCC_541\Debug\CS301_Class.a(CyLib.o)
 .debug_ranges  0x00000670       0x88 .\CortexM3\ARM_GCC_541\Debug\CS301_Class.a(cyPm.o)
 .debug_ranges  0x000006f8       0x18 .\CortexM3\ARM_GCC_541\Debug\CS301_Class.a(RF_BT_SELECT.o)
 .debug_ranges  0x00000710       0x30 .\CortexM3\ARM_GCC_541\Debug\CS301_Class.a(Opamp_1.o)
 .debug_ranges  0x00000740       0x98 .\CortexM3\ARM_GCC_541\Debug\CS301_Class.a(ADC_SAR_1.o)
 .debug_ranges  0x000007d8       0x10 .\CortexM3\ARM_GCC_541\Debug\CS301_Class.a(ADC_SAR_1_INT.o)
 .debug_ranges  0x000007e8       0x50 .\CortexM3\ARM_GCC_541\Debug\CS301_Class.a(IDAC8_1.o)
 .debug_ranges  0x00000838       0x70 .\CortexM3\ARM_GCC_541\Debug\CS301_Class.a(ADC_SAR_1_theACLK.o)
 .debug_ranges  0x000008a8       0x10 .\CortexM3\ARM_GCC_541\Debug\CS301_Class.a(USBUART_cls.o)
 .debug_ranges  0x000008b8       0x78 .\CortexM3\ARM_GCC_541\Debug\CS301_Class.a(CyFlash.o)
 .debug_ranges  0x00000930       0x70 .\CortexM3\ARM_GCC_541\Debug\CS301_Class.a(CySpc.o)

.comment        0x00000000       0x6e
 .comment       0x00000000       0x6e .\CortexM3\ARM_GCC_541\Debug\main.o
                                 0x6f (size before relaxing)
 .comment       0x0000006e       0x6f .\CortexM3\ARM_GCC_541\Debug\tacho.o
 .comment       0x0000006e       0x6f .\CortexM3\ARM_GCC_541\Debug\cyfitter_cfg.o
 .comment       0x0000006e       0x6f .\CortexM3\ARM_GCC_541\Debug\cymetadata.o
 .comment       0x0000006e       0x6f .\CortexM3\ARM_GCC_541\Debug\Cm3Start.o
 .comment       0x0000006e       0x6f .\CortexM3\ARM_GCC_541\Debug\CS301_Class.a(USBUART.o)
 .comment       0x0000006e       0x6f .\CortexM3\ARM_GCC_541\Debug\CS301_Class.a(USBUART_cdc.o)
 .comment       0x0000006e       0x6f .\CortexM3\ARM_GCC_541\Debug\CS301_Class.a(USBUART_drv.o)
 .comment       0x0000006e       0x6f .\CortexM3\ARM_GCC_541\Debug\CS301_Class.a(USBUART_episr.o)
 .comment       0x0000006e       0x6f .\CortexM3\ARM_GCC_541\Debug\CS301_Class.a(USBUART_pm.o)
 .comment       0x0000006e       0x6f .\CortexM3\ARM_GCC_541\Debug\CS301_Class.a(USBUART_std.o)
 .comment       0x0000006e       0x6f .\CortexM3\ARM_GCC_541\Debug\CS301_Class.a(USBUART_vnd.o)
 .comment       0x0000006e       0x6f .\CortexM3\ARM_GCC_541\Debug\CS301_Class.a(USBUART_Dp.o)
 .comment       0x0000006e       0x6f .\CortexM3\ARM_GCC_541\Debug\CS301_Class.a(CyLib.o)
 .comment       0x0000006e       0x6f .\CortexM3\ARM_GCC_541\Debug\CS301_Class.a(cyPm.o)
 .comment       0x0000006e       0x6f .\CortexM3\ARM_GCC_541\Debug\CS301_Class.a(RF_BT_SELECT.o)
 .comment       0x0000006e       0x6f .\CortexM3\ARM_GCC_541\Debug\CS301_Class.a(Opamp_1.o)
 .comment       0x0000006e       0x6f .\CortexM3\ARM_GCC_541\Debug\CS301_Class.a(ADC_SAR_1.o)
 .comment       0x0000006e       0x6f .\CortexM3\ARM_GCC_541\Debug\CS301_Class.a(ADC_SAR_1_INT.o)
 .comment       0x0000006e       0x6f .\CortexM3\ARM_GCC_541\Debug\CS301_Class.a(IDAC8_1.o)
 .comment       0x0000006e       0x6f .\CortexM3\ARM_GCC_541\Debug\CS301_Class.a(ADC_SAR_1_theACLK.o)
 .comment       0x0000006e       0x6f .\CortexM3\ARM_GCC_541\Debug\CS301_Class.a(USBUART_cls.o)
 .comment       0x0000006e       0x6f .\CortexM3\ARM_GCC_541\Debug\CS301_Class.a(USBUART_descr.o)
 .comment       0x0000006e       0x6f .\CortexM3\ARM_GCC_541\Debug\CS301_Class.a(CyFlash.o)
 .comment       0x0000006e       0x6f .\CortexM3\ARM_GCC_541\Debug\CS301_Class.a(CySpc.o)

.debug_weaknames
 *(.debug_weaknames)

.debug_funcnames
 *(.debug_funcnames)

.debug_typenames
 *(.debug_typenames)

.debug_varnames
 *(.debug_varnames)

.note.gnu.arm.ident
 *(.note.gnu.arm.ident)

.ARM.attributes
                0x00000000       0x29
 *(.ARM.attributes)
 .ARM.attributes
                0x00000000       0x1d c:/program files (x86)/cypress/psoc creator/4.2/psoc creator/import/gnu/arm/5.4.1/bin/../lib/gcc/arm-none-eabi/5.4.1/armv7-m/crti.o
 .ARM.attributes
                0x0000001d       0x2d c:/program files (x86)/cypress/psoc creator/4.2/psoc creator/import/gnu/arm/5.4.1/bin/../lib/gcc/arm-none-eabi/5.4.1/armv7-m/crtbegin.o
 .ARM.attributes
                0x0000004a       0x1b c:/program files (x86)/cypress/psoc creator/4.2/psoc creator/import/gnu/arm/5.4.1/bin/../lib/gcc/arm-none-eabi/5.4.1/../../../../arm-none-eabi/lib/armv7-m/crt0.o
 .ARM.attributes
                0x00000065       0x33 .\CortexM3\ARM_GCC_541\Debug\main.o
 .ARM.attributes
                0x00000098       0x33 .\CortexM3\ARM_GCC_541\Debug\tacho.o
 .ARM.attributes
                0x000000cb       0x33 .\CortexM3\ARM_GCC_541\Debug\cyfitter_cfg.o
 .ARM.attributes
                0x000000fe       0x33 .\CortexM3\ARM_GCC_541\Debug\cymetadata.o
 .ARM.attributes
                0x00000131       0x33 .\CortexM3\ARM_GCC_541\Debug\Cm3Start.o
 .ARM.attributes
                0x00000164       0x33 .\CortexM3\ARM_GCC_541\Debug\CS301_Class.a(USBUART.o)
 .ARM.attributes
                0x00000197       0x33 .\CortexM3\ARM_GCC_541\Debug\CS301_Class.a(USBUART_cdc.o)
 .ARM.attributes
                0x000001ca       0x33 .\CortexM3\ARM_GCC_541\Debug\CS301_Class.a(USBUART_drv.o)
 .ARM.attributes
                0x000001fd       0x33 .\CortexM3\ARM_GCC_541\Debug\CS301_Class.a(USBUART_episr.o)
 .ARM.attributes
                0x00000230       0x33 .\CortexM3\ARM_GCC_541\Debug\CS301_Class.a(USBUART_pm.o)
 .ARM.attributes
                0x00000263       0x33 .\CortexM3\ARM_GCC_541\Debug\CS301_Class.a(USBUART_std.o)
 .ARM.attributes
                0x00000296       0x33 .\CortexM3\ARM_GCC_541\Debug\CS301_Class.a(USBUART_vnd.o)
 .ARM.attributes
                0x000002c9       0x33 .\CortexM3\ARM_GCC_541\Debug\CS301_Class.a(USBUART_Dp.o)
 .ARM.attributes
                0x000002fc       0x33 .\CortexM3\ARM_GCC_541\Debug\CS301_Class.a(CyLib.o)
 .ARM.attributes
                0x0000032f       0x33 .\CortexM3\ARM_GCC_541\Debug\CS301_Class.a(cyPm.o)
 .ARM.attributes
                0x00000362       0x33 .\CortexM3\ARM_GCC_541\Debug\CS301_Class.a(RF_BT_SELECT.o)
 .ARM.attributes
                0x00000395       0x33 .\CortexM3\ARM_GCC_541\Debug\CS301_Class.a(Opamp_1.o)
 .ARM.attributes
                0x000003c8       0x33 .\CortexM3\ARM_GCC_541\Debug\CS301_Class.a(ADC_SAR_1.o)
 .ARM.attributes
                0x000003fb       0x33 .\CortexM3\ARM_GCC_541\Debug\CS301_Class.a(ADC_SAR_1_INT.o)
 .ARM.attributes
                0x0000042e       0x33 .\CortexM3\ARM_GCC_541\Debug\CS301_Class.a(IDAC8_1.o)
 .ARM.attributes
                0x00000461       0x33 .\CortexM3\ARM_GCC_541\Debug\CS301_Class.a(ADC_SAR_1_theACLK.o)
 .ARM.attributes
                0x00000494       0x21 .\CortexM3\ARM_GCC_541\Debug\CS301_Class.a(CyBootAsmGnu.o)
 .ARM.attributes
                0x000004b5       0x33 .\CortexM3\ARM_GCC_541\Debug\CS301_Class.a(USBUART_cls.o)
 .ARM.attributes
                0x000004e8       0x33 .\CortexM3\ARM_GCC_541\Debug\CS301_Class.a(USBUART_descr.o)
 .ARM.attributes
                0x0000051b       0x33 .\CortexM3\ARM_GCC_541\Debug\CS301_Class.a(CyFlash.o)
 .ARM.attributes
                0x0000054e       0x33 .\CortexM3\ARM_GCC_541\Debug\CS301_Class.a(CySpc.o)
 .ARM.attributes
                0x00000581       0x1d c:/program files (x86)/cypress/psoc creator/4.2/psoc creator/import/gnu/arm/5.4.1/bin/../lib/gcc/arm-none-eabi/5.4.1/armv7-m\libgcc.a(_arm_addsubsf3.o)
 .ARM.attributes
                0x0000059e       0x1d c:/program files (x86)/cypress/psoc creator/4.2/psoc creator/import/gnu/arm/5.4.1/bin/../lib/gcc/arm-none-eabi/5.4.1/armv7-m\libgcc.a(_arm_muldivsf3.o)
 .ARM.attributes
                0x000005bb       0x1d c:/program files (x86)/cypress/psoc creator/4.2/psoc creator/import/gnu/arm/5.4.1/bin/../lib/gcc/arm-none-eabi/5.4.1/armv7-m\libgcc.a(_aeabi_ldivmod.o)
 .ARM.attributes
                0x000005d8       0x2d c:/program files (x86)/cypress/psoc creator/4.2/psoc creator/import/gnu/arm/5.4.1/bin/../lib/gcc/arm-none-eabi/5.4.1/armv7-m\libgcc.a(_udivmoddi4.o)
 .ARM.attributes
                0x00000605       0x1d c:/program files (x86)/cypress/psoc creator/4.2/psoc creator/import/gnu/arm/5.4.1/bin/../lib/gcc/arm-none-eabi/5.4.1/armv7-m\libgcc.a(_dvmd_tls.o)
 .ARM.attributes
                0x00000622       0x2d c:/program files (x86)/cypress/psoc creator/4.2/psoc creator/import/gnu/arm/5.4.1/bin/../lib/gcc/arm-none-eabi/5.4.1/../../../../arm-none-eabi/lib/armv7-m\libg_nano.a(lib_a-errno.o)
 .ARM.attributes
                0x0000064f       0x2d c:/program files (x86)/cypress/psoc creator/4.2/psoc creator/import/gnu/arm/5.4.1/bin/../lib/gcc/arm-none-eabi/5.4.1/../../../../arm-none-eabi/lib/armv7-m\libg_nano.a(lib_a-exit.o)
 .ARM.attributes
                0x0000067c       0x2d c:/program files (x86)/cypress/psoc creator/4.2/psoc creator/import/gnu/arm/5.4.1/bin/../lib/gcc/arm-none-eabi/5.4.1/../../../../arm-none-eabi/lib/armv7-m\libg_nano.a(lib_a-impure.o)
 .ARM.attributes
                0x000006a9       0x2d c:/program files (x86)/cypress/psoc creator/4.2/psoc creator/import/gnu/arm/5.4.1/bin/../lib/gcc/arm-none-eabi/5.4.1/../../../../arm-none-eabi/lib/armv7-m\libg_nano.a(lib_a-init.o)
 .ARM.attributes
                0x000006d6       0x2d c:/program files (x86)/cypress/psoc creator/4.2/psoc creator/import/gnu/arm/5.4.1/bin/../lib/gcc/arm-none-eabi/5.4.1/../../../../arm-none-eabi/lib/armv7-m\libg_nano.a(lib_a-memcpy-stub.o)
 .ARM.attributes
                0x00000703       0x2d c:/program files (x86)/cypress/psoc creator/4.2/psoc creator/import/gnu/arm/5.4.1/bin/../lib/gcc/arm-none-eabi/5.4.1/../../../../arm-none-eabi/lib/armv7-m\libg_nano.a(lib_a-memset.o)
 .ARM.attributes
                0x00000730       0x2d c:/program files (x86)/cypress/psoc creator/4.2/psoc creator/import/gnu/arm/5.4.1/bin/../lib/gcc/arm-none-eabi/5.4.1/../../../../arm-none-eabi/lib/armv7-m\libg_nano.a(lib_a-sprintf.o)
 .ARM.attributes
                0x0000075d       0x2d c:/program files (x86)/cypress/psoc creator/4.2/psoc creator/import/gnu/arm/5.4.1/bin/../lib/gcc/arm-none-eabi/5.4.1/../../../../arm-none-eabi/lib/armv7-m\libg_nano.a(lib_a-strcpy.o)
 .ARM.attributes
                0x0000078a       0x17 c:/program files (x86)/cypress/psoc creator/4.2/psoc creator/import/gnu/arm/5.4.1/bin/../lib/gcc/arm-none-eabi/5.4.1/../../../../arm-none-eabi/lib/armv7-m\libg_nano.a(lib_a-strlen.o)
 .ARM.attributes
                0x000007a1       0x2d c:/program files (x86)/cypress/psoc creator/4.2/psoc creator/import/gnu/arm/5.4.1/bin/../lib/gcc/arm-none-eabi/5.4.1/../../../../arm-none-eabi/lib/armv7-m\libg_nano.a(lib_a-nano-svfprintf.o)
 .ARM.attributes
                0x000007ce       0x2d c:/program files (x86)/cypress/psoc creator/4.2/psoc creator/import/gnu/arm/5.4.1/bin/../lib/gcc/arm-none-eabi/5.4.1/../../../../arm-none-eabi/lib/armv7-m\libg_nano.a(lib_a-nano-vfprintf_i.o)
 .ARM.attributes
                0x000007fb       0x2d c:/program files (x86)/cypress/psoc creator/4.2/psoc creator/import/gnu/arm/5.4.1/bin/../lib/gcc/arm-none-eabi/5.4.1/../../../../arm-none-eabi/lib/armv7-m\libg_nano.a(lib_a-memchr-stub.o)
 .ARM.attributes
                0x00000828       0x2d c:/program files (x86)/cypress/psoc creator/4.2/psoc creator/import/gnu/arm/5.4.1/bin/../lib/gcc/arm-none-eabi/5.4.1/../../../../arm-none-eabi/lib/armv7-m\libg_nano.a(lib_a-memmove.o)
 .ARM.attributes
                0x00000855       0x2d c:/program files (x86)/cypress/psoc creator/4.2/psoc creator/import/gnu/arm/5.4.1/bin/../lib/gcc/arm-none-eabi/5.4.1/../../../../arm-none-eabi/lib/armv7-m\libg_nano.a(lib_a-nano-freer.o)
 .ARM.attributes
                0x00000882       0x2d c:/program files (x86)/cypress/psoc creator/4.2/psoc creator/import/gnu/arm/5.4.1/bin/../lib/gcc/arm-none-eabi/5.4.1/../../../../arm-none-eabi/lib/armv7-m\libg_nano.a(lib_a-nano-mallocr.o)
 .ARM.attributes
                0x000008af       0x2d c:/program files (x86)/cypress/psoc creator/4.2/psoc creator/import/gnu/arm/5.4.1/bin/../lib/gcc/arm-none-eabi/5.4.1/../../../../arm-none-eabi/lib/armv7-m\libg_nano.a(lib_a-nano-reallocr.o)
 .ARM.attributes
                0x000008dc       0x2d c:/program files (x86)/cypress/psoc creator/4.2/psoc creator/import/gnu/arm/5.4.1/bin/../lib/gcc/arm-none-eabi/5.4.1/../../../../arm-none-eabi/lib/armv7-m\libg_nano.a(lib_a-sbrkr.o)
 .ARM.attributes
                0x00000909       0x2d c:/program files (x86)/cypress/psoc creator/4.2/psoc creator/import/gnu/arm/5.4.1/bin/../lib/gcc/arm-none-eabi/5.4.1/../../../../arm-none-eabi/lib/armv7-m\libg_nano.a(lib_a-mlock.o)
 .ARM.attributes
                0x00000936       0x2d c:/program files (x86)/cypress/psoc creator/4.2/psoc creator/import/gnu/arm/5.4.1/bin/../lib/gcc/arm-none-eabi/5.4.1/../../../../arm-none-eabi/lib/armv7-m\libg_nano.a(lib_a-nano-msizer.o)
 .ARM.attributes
                0x00000963       0x2d c:/program files (x86)/cypress/psoc creator/4.2/psoc creator/import/gnu/arm/5.4.1/bin/../lib/gcc/arm-none-eabi/5.4.1/../../../../arm-none-eabi/lib/armv7-m\libg_nano.a(lib_a-reent.o)
 .ARM.attributes
                0x00000990       0x2d c:/program files (x86)/cypress/psoc creator/4.2/psoc creator/import/gnu/arm/5.4.1/bin/../lib/gcc/arm-none-eabi/5.4.1/armv7-m/crtend.o
 .ARM.attributes
                0x000009bd       0x1d c:/program files (x86)/cypress/psoc creator/4.2/psoc creator/import/gnu/arm/5.4.1/bin/../lib/gcc/arm-none-eabi/5.4.1/armv7-m/crtn.o

/DISCARD/
 *(.note.GNU-stack)
OUTPUT(C:\Users\jpat614\Documents\GitHub\P4P_Project-130\psoc_diode_test\psoc_code_base\CS301_Class.cydsn\CortexM3\ARM_GCC_541\Debug\CS301_Class.elf elf32-littlearm)
