Archive member included to satisfy reference by file (symbol)

.\ARM_GCC_541\Debug\CapSense_CSD_WithTuner01.a(CapSense_CSD_TunerHelper.o)
                              .\ARM_GCC_541\Debug\main.o (CapSense_CSD_TunerStart)
.\ARM_GCC_541\Debug\CapSense_CSD_WithTuner01.a(CyLib.o)
                              .\ARM_GCC_541\Debug\Cm3Start.o (CyResetStatus)
.\ARM_GCC_541\Debug\CapSense_CSD_WithTuner01.a(cyPm.o)
                              .\ARM_GCC_541\Debug\CapSense_CSD_WithTuner01.a(CyLib.o) (CyPmReadStatus)
.\ARM_GCC_541\Debug\CapSense_CSD_WithTuner01.a(PWM_1.o)
                              .\ARM_GCC_541\Debug\main.o (PWM_1_Start)
.\ARM_GCC_541\Debug\CapSense_CSD_WithTuner01.a(CyBootAsmGnu.o)
                              .\ARM_GCC_541\Debug\cyfitter_cfg.o (CyDelayCycles)
.\ARM_GCC_541\Debug\CapSense_CSD_WithTuner01.a(EzI2C.o)
                              .\ARM_GCC_541\Debug\CapSense_CSD_WithTuner01.a(CapSense_CSD_TunerHelper.o) (EzI2C_Start)
.\ARM_GCC_541\Debug\CapSense_CSD_WithTuner01.a(EzI2C_PM.o)
                              .\ARM_GCC_541\Debug\CapSense_CSD_WithTuner01.a(EzI2C.o) (EzI2C_backup)
.\ARM_GCC_541\Debug\CapSense_CSD_WithTuner01.a(EzI2C_INT.o)
                              .\ARM_GCC_541\Debug\CapSense_CSD_WithTuner01.a(EzI2C.o) (EzI2C_ISR)
.\ARM_GCC_541\Debug\CapSense_CSD_WithTuner01.a(CapSense_CSD.o)
                              .\ARM_GCC_541\Debug\CapSense_CSD_WithTuner01.a(CapSense_CSD_TunerHelper.o) (CapSense_CSD_Start)
.\ARM_GCC_541\Debug\CapSense_CSD_WithTuner01.a(CapSense_CSD_CSHL.o)
                              .\ARM_GCC_541\Debug\CapSense_CSD_WithTuner01.a(CapSense_CSD_TunerHelper.o) (CapSense_CSD_sensorOnMask)
.\ARM_GCC_541\Debug\CapSense_CSD_WithTuner01.a(CapSense_CSD_INT.o)
                              .\ARM_GCC_541\Debug\CapSense_CSD_WithTuner01.a(CapSense_CSD.o) (CapSense_CSD_IsrCH0_ISR)
.\ARM_GCC_541\Debug\CapSense_CSD_WithTuner01.a(CapSense_CSD_MBX.o)
                              .\ARM_GCC_541\Debug\CapSense_CSD_WithTuner01.a(CapSense_CSD_TunerHelper.o) (CapSense_CSD_InitMailbox)
.\ARM_GCC_541\Debug\CapSense_CSD_WithTuner01.a(CapSense_CSD_CompCH0.o)
                              .\ARM_GCC_541\Debug\CapSense_CSD_WithTuner01.a(CapSense_CSD.o) (CapSense_CSD_CompCH0_Init)
.\ARM_GCC_541\Debug\CapSense_CSD_WithTuner01.a(CapSense_CSD_IdacCH0.o)
                              .\ARM_GCC_541\Debug\CapSense_CSD_WithTuner01.a(CapSense_CSD.o) (CapSense_CSD_IdacCH0_Init)
.\ARM_GCC_541\Debug\CapSense_CSD_WithTuner01.a(CapSense_CSD_AMuxCH0.o)
                              .\ARM_GCC_541\Debug\CapSense_CSD_WithTuner01.a(CapSense_CSD.o) (CapSense_CSD_AMuxCH0_Init)
.\ARM_GCC_541\Debug\CapSense_CSD_WithTuner01.a(CapSense_CSD_IntClock.o)
                              .\ARM_GCC_541\Debug\CapSense_CSD_WithTuner01.a(CapSense_CSD.o) (CapSense_CSD_IntClock_Start)
.\ARM_GCC_541\Debug\CapSense_CSD_WithTuner01.a(CyFlash.o)
                              .\ARM_GCC_541\Debug\CapSense_CSD_WithTuner01.a(cyPm.o) (CyFlash_SetWaitCycles)
.\ARM_GCC_541\Debug\CapSense_CSD_WithTuner01.a(CySpc.o)
                              .\ARM_GCC_541\Debug\CapSense_CSD_WithTuner01.a(CyFlash.o) (CySpcStart)
c:/program files (x86)/cypress/psoc creator/4.2/psoc creator/import/gnu/arm/5.4.1/bin/../lib/gcc/arm-none-eabi/5.4.1/../../../../arm-none-eabi/lib/armv7-m\libg_nano.a(lib_a-errno.o)
                              .\ARM_GCC_541\Debug\Cm3Start.o (__errno)
c:/program files (x86)/cypress/psoc creator/4.2/psoc creator/import/gnu/arm/5.4.1/bin/../lib/gcc/arm-none-eabi/5.4.1/../../../../arm-none-eabi/lib/armv7-m\libg_nano.a(lib_a-exit.o)
                              c:/program files (x86)/cypress/psoc creator/4.2/psoc creator/import/gnu/arm/5.4.1/bin/../lib/gcc/arm-none-eabi/5.4.1/../../../../arm-none-eabi/lib/armv7-m/crt0.o (exit)
c:/program files (x86)/cypress/psoc creator/4.2/psoc creator/import/gnu/arm/5.4.1/bin/../lib/gcc/arm-none-eabi/5.4.1/../../../../arm-none-eabi/lib/armv7-m\libg_nano.a(lib_a-impure.o)
                              c:/program files (x86)/cypress/psoc creator/4.2/psoc creator/import/gnu/arm/5.4.1/bin/../lib/gcc/arm-none-eabi/5.4.1/../../../../arm-none-eabi/lib/armv7-m\libg_nano.a(lib_a-exit.o) (_global_impure_ptr)
c:/program files (x86)/cypress/psoc creator/4.2/psoc creator/import/gnu/arm/5.4.1/bin/../lib/gcc/arm-none-eabi/5.4.1/../../../../arm-none-eabi/lib/armv7-m\libg_nano.a(lib_a-init.o)
                              c:/program files (x86)/cypress/psoc creator/4.2/psoc creator/import/gnu/arm/5.4.1/bin/../lib/gcc/arm-none-eabi/5.4.1/../../../../arm-none-eabi/lib/armv7-m/crt0.o (__libc_init_array)
c:/program files (x86)/cypress/psoc creator/4.2/psoc creator/import/gnu/arm/5.4.1/bin/../lib/gcc/arm-none-eabi/5.4.1/../../../../arm-none-eabi/lib/armv7-m\libg_nano.a(lib_a-memcpy-stub.o)
                              .\ARM_GCC_541\Debug\cyfitter_cfg.o (memcpy)
[...]
Memory Configuration

Name             Origin             Length             Attributes
rom              0x00000000         0x00040000         xr
ram              0x1fff8000         0x00010000         xrw
*default*        0x00000000         0xffffffff

Linker script and memory map

LOAD c:/program files (x86)/cypress/psoc creator/4.2/psoc creator/import/gnu/arm/5.4.1/bin/../lib/gcc/arm-none-eabi/5.4.1/armv7-m/crti.o
LOAD c:/program files (x86)/cypress/psoc creator/4.2/psoc creator/import/gnu/arm/5.4.1/bin/../lib/gcc/arm-none-eabi/5.4.1/armv7-m/crtbegin.o
LOAD c:/program files (x86)/cypress/psoc creator/4.2/psoc creator/import/gnu/arm/5.4.1/bin/../lib/gcc/arm-none-eabi/5.4.1/../../../../arm-none-eabi/lib/armv7-m/crt0.o
START GROUP
LOAD .\ARM_GCC_541\Debug\main.o
LOAD .\ARM_GCC_541\Debug\cyfitter_cfg.o
LOAD .\ARM_GCC_541\Debug\cymetadata.o
LOAD .\ARM_GCC_541\Debug\Cm3Start.o
LOAD .\ARM_GCC_541\Debug\CapSense_CSD_WithTuner01.a
LOAD C:\Program Files (x86)\Cypress\PSoC Creator\4.2\PSoC Creator\psoc\content\CyComponentLibrary\CyComponentLibrary.cylib\CapSense_CSD_v3_50\Library\CapSenseLibrary_GCC.a
LOAD C:\Program Files (x86)\Cypress\PSoC Creator\4.2\PSoC Creator\psoc\content\cycomponentlibrary\CyComponentLibrary.cylib\CortexM3\ARM_GCC_541\Debug\CyComponentLibrary.a
END GROUP
START GROUP
LOAD c:/program files (x86)/cypress/psoc creator/4.2/psoc creator/import/gnu/arm/5.4.1/bin/../lib/gcc/arm-none-eabi/5.4.1/armv7-m\libgcc.a
LOAD c:/program files (x86)/cypress/psoc creator/4.2/psoc creator/import/gnu/arm/5.4.1/bin/../lib/gcc/arm-none-eabi/5.4.1/../../../../arm-none-eabi/lib/armv7-m\libg_nano.a
LOAD c:/program files (x86)/cypress/psoc creator/4.2/psoc creator/import/gnu/arm/5.4.1/bin/../lib/gcc/arm-none-eabi/5.4.1/../../../../arm-none-eabi/lib/armv7-m\libc_nano.a
END GROUP
START GROUP
LOAD c:/program files (x86)/cypress/psoc creator/4.2/psoc creator/import/gnu/arm/5.4.1/bin/../lib/gcc/arm-none-eabi/5.4.1/armv7-m\libgcc.a
LOAD c:/program files (x86)/cypress/psoc creator/4.2/psoc creator/import/gnu/arm/5.4.1/bin/../lib/gcc/arm-none-eabi/5.4.1/../../../../arm-none-eabi/lib/armv7-m\libc_nano.a
END GROUP
LOAD c:/program files (x86)/cypress/psoc creator/4.2/psoc creator/import/gnu/arm/5.4.1/bin/../lib/gcc/arm-none-eabi/5.4.1/armv7-m/crtend.o
LOAD c:/program files (x86)/cypress/psoc creator/4.2/psoc creator/import/gnu/arm/5.4.1/bin/../lib/gcc/arm-none-eabi/5.4.1/armv7-m/crtn.o
START GROUP
LOAD c:/program files (x86)/cypress/psoc creator/4.2/psoc creator/import/gnu/arm/5.4.1/bin/../lib/gcc/arm-none-eabi/5.4.1/armv7-m\libgcc.a
LOAD c:/program files (x86)/cypress/psoc creator/4.2/psoc creator/import/gnu/arm/5.4.1/bin/../lib/gcc/arm-none-eabi/5.4.1/../../../../arm-none-eabi/lib/armv7-m\libc.a
LOAD c:/program files (x86)/cypress/psoc creator/4.2/psoc creator/import/gnu/arm/5.4.1/bin/../lib/gcc/arm-none-eabi/5.4.1/../../../../arm-none-eabi/lib/armv7-m\libnosys.a
END GROUP
                0x00000000                CY_APPL_ORIGIN = 0x0
                0x00000100                CY_FLASH_ROW_SIZE = 0x100
                0x00000020                CY_ECC_ROW_SIZE = 0x20
                0x00000000                CY_EE_IN_BTLDR = 0x0
                0x00000000                CY_APPL_LOADABLE = 0x0
                0x00000800                CY_EE_SIZE = 0x800
                0x00000001                CY_APPL_NUM = 0x1
                0x00000001                CY_APPL_MAX = 0x1
                0x00000040                CY_METADATA_SIZE = 0x40
                0x00000000                CY_APPL_LOADABLE = 0x0
                0x00000000                CY_CHECKSUM_EXCLUDE_SIZE = ALIGN (0x0, CY_FLASH_ROW_SIZE)
                [!provide]                PROVIDE (__cy_heap_start, _end)
                0x00000001                PROVIDE (__cy_region_num, ((__cy_regions_end - __cy_regions) / 0x10))
                0x20008000                PROVIDE (__cy_stack, (ORIGIN (ram) + LENGTH (ram)))
                [!provide]                PROVIDE (__cy_heap_end, (__cy_stack - 0x800))

.cybootloader   0x00000000        0x0
 *(.cybootloader)
                0x00000000                appl1_start = CY_APPL_ORIGIN?CY_APPL_ORIGIN:ALIGN (CY_FLASH_ROW_SIZE)
                0x0001ff00                appl2_start = (appl1_start + ALIGN ((((LENGTH (rom) - appl1_start) - (0x2 * CY_FLASH_ROW_SIZE)) / 0x2), CY_FLASH_ROW_SIZE))
                0x00000000                appl_start = (CY_APPL_NUM == 0x1)?appl1_start:appl2_start
                0x00000000                ecc_offset = ((appl_start / CY_FLASH_ROW_SIZE) * CY_ECC_ROW_SIZE)
                0x00000000                ee_offset = (CY_APPL_LOADABLE && ! (CY_EE_IN_BTLDR))?((CY_EE_SIZE / CY_APPL_MAX) * (CY_APPL_NUM - 0x1)):0x0
                0x00000800                ee_size = (CY_APPL_LOADABLE && ! (CY_EE_IN_BTLDR))?(CY_EE_SIZE / CY_APPL_MAX):CY_EE_SIZE
                [!provide]                PROVIDE (CY_ECC_OFFSET, ecc_offset)

.text           0x00000000     0x2012
 CREATE_OBJECT_SYMBOLS
                0x00000000                PROVIDE (__cy_interrupt_vector, RomVectors)
 *(.romvectors)
 .romvectors    0x00000000       0x10 .\ARM_GCC_541\Debug\Cm3Start.o
                0x00000000                RomVectors
                0x00000001                ASSERT ((. != __cy_interrupt_vector), No interrupt vector)
                0x00000001                ASSERT (CY_APPL_ORIGIN?(SIZEOF (.cybootloader) <= CY_APPL_ORIGIN):0x1, Wrong image location)
                0x00000010                PROVIDE (__cy_reset, Reset)
 *(.text.Reset)
 .text.Reset    0x00000010       0x18 .\ARM_GCC_541\Debug\Cm3Start.o
                0x00000010                Reset
                0x00000001                ASSERT ((. != __cy_reset), No reset code)
 *(.dma_init)
                0x00000001                ASSERT ((((appl_start + .) <= 0x10000) || 0x1), DMA Init must be within the first 64k of flash)
 *(.text .text.* .gnu.linkonce.t.*)
 .text          0x00000028       0x5c c:/program files (x86)/cypress/psoc creator/4.2/psoc creator/import/gnu/arm/5.4.1/bin/../lib/gcc/arm-none-eabi/5.4.1/armv7-m/crtbegin.o
 .text.main     0x00000084       0x14 .\ARM_GCC_541\Debug\main.o
                0x00000084                main
 .text.CYMEMZERO
                0x00000098       0x1c .\ARM_GCC_541\Debug\cyfitter_cfg.o
 .text.CYCONFIGCPY
                0x000000b4       0x20 .\ARM_GCC_541\Debug\cyfitter_cfg.o
 .text.CyClockStartupError
                0x000000d4        0xc .\ARM_GCC_541\Debug\cyfitter_cfg.o
 .text.cfg_write_bytes32
                0x000000e0       0x74 .\ARM_GCC_541\Debug\cyfitter_cfg.o
 .text.ClockSetup
                0x00000154      0x114 .\ARM_GCC_541\Debug\cyfitter_cfg.o
 .text.AnalogSetDefault
                0x00000268       0x6c .\ARM_GCC_541\Debug\cyfitter_cfg.o
 .text.CapSense_CSD_AMuxCH0_Set
                0x000002d4       0x40 .\ARM_GCC_541\Debug\cyfitter_cfg.o
                0x000002d4                CapSense_CSD_AMuxCH0_Set
 .text.CapSense_CSD_AMuxCH0_Unset
                0x00000314       0x44 .\ARM_GCC_541\Debug\cyfitter_cfg.o
                0x00000314                CapSense_CSD_AMuxCH0_Unset
 .text.cyfitter_cfg
                0x00000358      0x180 .\ARM_GCC_541\Debug\cyfitter_cfg.o
                0x00000358                cyfitter_cfg
 .text.IntDefaultHandler
                0x000004d8       0x14 .\ARM_GCC_541\Debug\Cm3Start.o
                0x000004d8                IntDefaultHandler
 .text.Start_c  0x000004ec       0x98 .\ARM_GCC_541\Debug\Cm3Start.o
                0x000004ec                Start_c
 .text.initialize_psoc
                0x00000584       0x90 .\ARM_GCC_541\Debug\Cm3Start.o
                0x00000584                initialize_psoc
 .text.CapSense_CSD_TunerStart
                0x00000614       0x3c .\ARM_GCC_541\Debug\CapSense_CSD_WithTuner01.a(CapSense_CSD_TunerHelper.o)
                0x00000614                CapSense_CSD_TunerStart
 .text.CapSense_CSD_TunerComm
                0x00000650       0x6c .\ARM_GCC_541\Debug\CapSense_CSD_WithTuner01.a(CapSense_CSD_TunerHelper.o)
                0x00000650                CapSense_CSD_TunerComm
 .text.CapSense_CSD_ProcessAllWidgets
                0x000006bc       0x7c .\ARM_GCC_541\Debug\CapSense_CSD_WithTuner01.a(CapSense_CSD_TunerHelper.o)
                0x000006bc                CapSense_CSD_ProcessAllWidgets
 .text.CyHalt   0x00000738       0x18 .\ARM_GCC_541\Debug\CapSense_CSD_WithTuner01.a(CyLib.o)
                0x00000738                CyHalt
 .text.CyIntSetVector
                0x00000750       0x50 .\ARM_GCC_541\Debug\CapSense_CSD_WithTuner01.a(CyLib.o)
                0x00000750                CyIntSetVector
 .text.CyIntSetPriority
                0x000007a0       0x48 .\ARM_GCC_541\Debug\CapSense_CSD_WithTuner01.a(CyLib.o)
                0x000007a0                CyIntSetPriority
 .text.PWM_1_Start
                0x000007e8       0x24 .\ARM_GCC_541\Debug\CapSense_CSD_WithTuner01.a(PWM_1.o)
                0x000007e8                PWM_1_Start
 .text.PWM_1_Init
                0x0000080c       0x94 .\ARM_GCC_541\Debug\CapSense_CSD_WithTuner01.a(PWM_1.o)
                0x0000080c                PWM_1_Init
 .text.PWM_1_Enable
                0x000008a0       0x20 .\ARM_GCC_541\Debug\CapSense_CSD_WithTuner01.a(PWM_1.o)
                0x000008a0                PWM_1_Enable
 .text.PWM_1_WriteCounter
                0x000008c0       0x20 .\ARM_GCC_541\Debug\CapSense_CSD_WithTuner01.a(PWM_1.o)
                0x000008c0                PWM_1_WriteCounter
 .text.PWM_1_ClearFIFO
                0x000008e0       0x1c .\ARM_GCC_541\Debug\CapSense_CSD_WithTuner01.a(PWM_1.o)
                0x000008e0                PWM_1_ClearFIFO
 .text.PWM_1_WritePeriod
                0x000008fc       0x20 .\ARM_GCC_541\Debug\CapSense_CSD_WithTuner01.a(PWM_1.o)
                0x000008fc                PWM_1_WritePeriod
 .text.PWM_1_WriteCompare
                0x0000091c       0x20 .\ARM_GCC_541\Debug\CapSense_CSD_WithTuner01.a(PWM_1.o)
                0x0000091c                PWM_1_WriteCompare
 .text.PWM_1_SetInterruptMode
                0x0000093c       0x20 .\ARM_GCC_541\Debug\CapSense_CSD_WithTuner01.a(PWM_1.o)
                0x0000093c                PWM_1_SetInterruptMode
 .text.PWM_1_ReadStatusRegister
                0x0000095c       0x18 .\ARM_GCC_541\Debug\CapSense_CSD_WithTuner01.a(PWM_1.o)
                0x0000095c                PWM_1_ReadStatusRegister
 .text.PWM_1_ReadCapture
                0x00000974       0x18 .\ARM_GCC_541\Debug\CapSense_CSD_WithTuner01.a(PWM_1.o)
                0x00000974                PWM_1_ReadCapture
 *fill*         0x0000098c        0x4 
 .text          0x00000990       0x20 .\ARM_GCC_541\Debug\CapSense_CSD_WithTuner01.a(CyBootAsmGnu.o)
                0x00000990                CyDelayCycles
                0x000009a0                CyEnterCriticalSection
                0x000009a8                CyExitCriticalSection
 .text.EzI2C_Init
                0x000009b0       0x8c .\ARM_GCC_541\Debug\CapSense_CSD_WithTuner01.a(EzI2C.o)
                0x000009b0                EzI2C_Init
 .text.EzI2C_Enable
                0x00000a3c       0x54 .\ARM_GCC_541\Debug\CapSense_CSD_WithTuner01.a(EzI2C.o)
                0x00000a3c                EzI2C_Enable
 .text.EzI2C_Start
                0x00000a90       0x24 .\ARM_GCC_541\Debug\CapSense_CSD_WithTuner01.a(EzI2C.o)
                0x00000a90                EzI2C_Start
 .text.EzI2C_GetActivity
                0x00000ab4       0x44 .\ARM_GCC_541\Debug\CapSense_CSD_WithTuner01.a(EzI2C.o)
                0x00000ab4                EzI2C_GetActivity
 .text.EzI2C_SetBuffer1
                0x00000af8       0x6c .\ARM_GCC_541\Debug\CapSense_CSD_WithTuner01.a(EzI2C.o)
                0x00000af8                EzI2C_SetBuffer1
 .text.EzI2C_ISR
                0x00000b64      0x298 .\ARM_GCC_541\Debug\CapSense_CSD_WithTuner01.a(EzI2C_INT.o)
                0x00000b64                EzI2C_ISR
 .text.CapSense_CSD_Init
                0x00000dfc       0xf4 .\ARM_GCC_541\Debug\CapSense_CSD_WithTuner01.a(CapSense_CSD.o)
                0x00000dfc                CapSense_CSD_Init
 .text.CapSense_CSD_Enable
                0x00000ef0       0x98 .\ARM_GCC_541\Debug\CapSense_CSD_WithTuner01.a(CapSense_CSD.o)
                0x00000ef0                CapSense_CSD_Enable
 .text.CapSense_CSD_Start
                0x00000f88       0x24 .\ARM_GCC_541\Debug\CapSense_CSD_WithTuner01.a(CapSense_CSD.o)
                0x00000f88                CapSense_CSD_Start
 .text.CapSense_CSD_FindNextSensor
                0x00000fac       0x50 .\ARM_GCC_541\Debug\CapSense_CSD_WithTuner01.a(CapSense_CSD.o)
                0x00000fac                CapSense_CSD_FindNextSensor
 .text.CapSense_CSD_SetScanSlotSettings
                0x00000ffc       0x50 .\ARM_GCC_541\Debug\CapSense_CSD_WithTuner01.a(CapSense_CSD.o)
                0x00000ffc                CapSense_CSD_SetScanSlotSettings
 .text.CapSense_CSD_ScanSensor
                0x0000104c       0x34 .\ARM_GCC_541\Debug\CapSense_CSD_WithTuner01.a(CapSense_CSD.o)
                0x0000104c                CapSense_CSD_ScanSensor
 .text.CapSense_CSD_ScanEnabledWidgets
                0x00001080       0x58 .\ARM_GCC_541\Debug\CapSense_CSD_WithTuner01.a(CapSense_CSD.o)
                0x00001080                CapSense_CSD_ScanEnabledWidgets
 .text.CapSense_CSD_IsBusy
                0x000010d8       0x1c .\ARM_GCC_541\Debug\CapSense_CSD_WithTuner01.a(CapSense_CSD.o)
                0x000010d8                CapSense_CSD_IsBusy
 .text.CapSense_CSD_ClearSensors
                0x000010f4       0x28 .\ARM_GCC_541\Debug\CapSense_CSD_WithTuner01.a(CapSense_CSD.o)
                0x000010f4                CapSense_CSD_ClearSensors
 .text.CapSense_CSD_EnableSensor
                0x0000111c       0x6c .\ARM_GCC_541\Debug\CapSense_CSD_WithTuner01.a(CapSense_CSD.o)
                0x0000111c                CapSense_CSD_EnableSensor
 .text.CapSense_CSD_DisableSensor
                0x00001188       0x70 .\ARM_GCC_541\Debug\CapSense_CSD_WithTuner01.a(CapSense_CSD.o)
                0x00001188                CapSense_CSD_DisableSensor
 .text.CapSense_CSD_PreScan
                0x000011f8       0x5c .\ARM_GCC_541\Debug\CapSense_CSD_WithTuner01.a(CapSense_CSD.o)
                0x000011f8                CapSense_CSD_PreScan
 .text.CapSense_CSD_PostScan
                0x00001254       0x98 .\ARM_GCC_541\Debug\CapSense_CSD_WithTuner01.a(CapSense_CSD.o)
                0x00001254                CapSense_CSD_PostScan
 .text.CapSense_CSD_SetPrescaler
                0x000012ec       0x2c .\ARM_GCC_541\Debug\CapSense_CSD_WithTuner01.a(CapSense_CSD.o)
                0x000012ec                CapSense_CSD_SetPrescaler
 .text.CapSense_CSD_BaseInit
                0x00001318       0x70 .\ARM_GCC_541\Debug\CapSense_CSD_WithTuner01.a(CapSense_CSD_CSHL.o)
                0x00001318                CapSense_CSD_BaseInit
 .text.CapSense_CSD_InitializeSensorBaseline
                0x00001388       0x30 .\ARM_GCC_541\Debug\CapSense_CSD_WithTuner01.a(CapSense_CSD_CSHL.o)
                0x00001388                CapSense_CSD_InitializeSensorBaseline
 .text.CapSense_CSD_InitializeAllBaselines
                0x000013b8       0x28 .\ARM_GCC_541\Debug\CapSense_CSD_WithTuner01.a(CapSense_CSD_CSHL.o)
                0x000013b8                CapSense_CSD_InitializeAllBaselines
 .text.CapSense_CSD_UpdateSensorBaseline
                0x000013e0      0x140 .\ARM_GCC_541\Debug\CapSense_CSD_WithTuner01.a(CapSense_CSD_CSHL.o)
                0x000013e0                CapSense_CSD_UpdateSensorBaseline
 .text.CapSense_CSD_UpdateEnabledBaselines
                0x00001520       0x50 .\ARM_GCC_541\Debug\CapSense_CSD_WithTuner01.a(CapSense_CSD_CSHL.o)
                0x00001520                CapSense_CSD_UpdateEnabledBaselines
 .text.CapSense_CSD_CheckIsSensorActive
                0x00001570      0x124 .\ARM_GCC_541\Debug\CapSense_CSD_WithTuner01.a(CapSense_CSD_CSHL.o)
                0x00001570                CapSense_CSD_CheckIsSensorActive
 .text.CapSense_CSD_CheckIsWidgetActive
                0x00001694       0x54 .\ARM_GCC_541\Debug\CapSense_CSD_WithTuner01.a(CapSense_CSD_CSHL.o)
                0x00001694                CapSense_CSD_CheckIsWidgetActive
 .text.CapSense_CSD_CheckIsAnyWidgetActive
                0x000016e8       0x38 .\ARM_GCC_541\Debug\CapSense_CSD_WithTuner01.a(CapSense_CSD_CSHL.o)
                0x000016e8                CapSense_CSD_CheckIsAnyWidgetActive
 .text.CapSense_CSD_FindMaximum
                0x00001720       0x78 .\ARM_GCC_541\Debug\CapSense_CSD_WithTuner01.a(CapSense_CSD_CSHL.o)
                0x00001720                CapSense_CSD_FindMaximum
 .text.CapSense_CSD_CalcCentroid
                0x00001798      0x158 .\ARM_GCC_541\Debug\CapSense_CSD_WithTuner01.a(CapSense_CSD_CSHL.o)
                0x00001798                CapSense_CSD_CalcCentroid
 .text.CapSense_CSD_GetCentroidPos
                0x000018f0       0x78 .\ARM_GCC_541\Debug\CapSense_CSD_WithTuner01.a(CapSense_CSD_CSHL.o)
                0x000018f0                CapSense_CSD_GetCentroidPos
 .text.CapSense_CSD_IsrCH0_ISR
                0x00001968       0x78 .\ARM_GCC_541\Debug\CapSense_CSD_WithTuner01.a(CapSense_CSD_INT.o)
                0x00001968                CapSense_CSD_IsrCH0_ISR
 .text.CapSense_CSD_InitParams
                0x000019e0       0xf8 .\ARM_GCC_541\Debug\CapSense_CSD_WithTuner01.a(CapSense_CSD_MBX.o)
 .text.CapSense_CSD_InitMailbox
                0x00001ad8       0x50 .\ARM_GCC_541\Debug\CapSense_CSD_WithTuner01.a(CapSense_CSD_MBX.o)
                0x00001ad8                CapSense_CSD_InitMailbox
 .text.CapSense_CSD_PostMessage
                0x00001b28       0xd0 .\ARM_GCC_541\Debug\CapSense_CSD_WithTuner01.a(CapSense_CSD_MBX.o)
                0x00001b28                CapSense_CSD_PostMessage
 .text.CapSense_CSD_ReadMessage
                0x00001bf8       0x64 .\ARM_GCC_541\Debug\CapSense_CSD_WithTuner01.a(CapSense_CSD_MBX.o)
                0x00001bf8                CapSense_CSD_ReadMessage
 .text.CapSense_CSD_CompCH0_Init
                0x00001c5c       0x68 .\ARM_GCC_541\Debug\CapSense_CSD_WithTuner01.a(CapSense_CSD_CompCH0.o)
                0x00001c5c                CapSense_CSD_CompCH0_Init
 .text.CapSense_CSD_CompCH0_Enable
                0x00001cc4       0x34 .\ARM_GCC_541\Debug\CapSense_CSD_WithTuner01.a(CapSense_CSD_CompCH0.o)
                0x00001cc4                CapSense_CSD_CompCH0_Enable
 .text.CapSense_CSD_CompCH0_SetSpeed
                0x00001cf8       0x84 .\ARM_GCC_541\Debug\CapSense_CSD_WithTuner01.a(CapSense_CSD_CompCH0.o)
                0x00001cf8                CapSense_CSD_CompCH0_SetSpeed
 .text.CapSense_CSD_IdacCH0_Init
                0x00001d7c       0x48 .\ARM_GCC_541\Debug\CapSense_CSD_WithTuner01.a(CapSense_CSD_IdacCH0.o)
                0x00001d7c                CapSense_CSD_IdacCH0_Init
 .text.CapSense_CSD_IdacCH0_Enable
                0x00001dc4       0x34 .\ARM_GCC_541\Debug\CapSense_CSD_WithTuner01.a(CapSense_CSD_IdacCH0.o)
                0x00001dc4                CapSense_CSD_IdacCH0_Enable
 .text.CapSense_CSD_IdacCH0_SetSpeed
                0x00001df8       0x40 .\ARM_GCC_541\Debug\CapSense_CSD_WithTuner01.a(CapSense_CSD_IdacCH0.o)
                0x00001df8                CapSense_CSD_IdacCH0_SetSpeed
 .text.CapSense_CSD_IdacCH0_SetPolarity
                0x00001e38       0x40 .\ARM_GCC_541\Debug\CapSense_CSD_WithTuner01.a(CapSense_CSD_IdacCH0.o)
                0x00001e38                CapSense_CSD_IdacCH0_SetPolarity
 .text.CapSense_CSD_IdacCH0_SetRange
                0x00001e78       0x40 .\ARM_GCC_541\Debug\CapSense_CSD_WithTuner01.a(CapSense_CSD_IdacCH0.o)
                0x00001e78                CapSense_CSD_IdacCH0_SetRange
 .text.CapSense_CSD_IdacCH0_SetValue
                0x00001eb8       0x20 .\ARM_GCC_541\Debug\CapSense_CSD_WithTuner01.a(CapSense_CSD_IdacCH0.o)
                0x00001eb8                CapSense_CSD_IdacCH0_SetValue
 .text.CapSense_CSD_IdacCH0_DacTrim
                0x00001ed8       0x54 .\ARM_GCC_541\Debug\CapSense_CSD_WithTuner01.a(CapSense_CSD_IdacCH0.o)
                0x00001ed8                CapSense_CSD_IdacCH0_DacTrim
 .text.CapSense_CSD_AMuxCH0_Init
                0x00001f2c        0xc .\ARM_GCC_541\Debug\CapSense_CSD_WithTuner01.a(CapSense_CSD_AMuxCH0.o)
                0x00001f2c                CapSense_CSD_AMuxCH0_Init
 .text.CapSense_CSD_AMuxCH0_DisconnectAll
                0x00001f38       0x28 .\ARM_GCC_541\Debug\CapSense_CSD_WithTuner01.a(CapSense_CSD_AMuxCH0.o)
                0x00001f38                CapSense_CSD_AMuxCH0_DisconnectAll
 .text.CapSense_CSD_IntClock_Start
                0x00001f60       0x34 .\ARM_GCC_541\Debug\CapSense_CSD_WithTuner01.a(CapSense_CSD_IntClock.o)
                0x00001f60                CapSense_CSD_IntClock_Start
 .text.__errno  0x00001f94        0xc c:/program files (x86)/cypress/psoc creator/4.2/psoc creator/import/gnu/arm/5.4.1/bin/../lib/gcc/arm-none-eabi/5.4.1/../../../../arm-none-eabi/lib/armv7-m\libg_nano.a(lib_a-errno.o)
                0x00001f94                __errno
 .text.__libc_init_array
                0x00001fa0       0x4c c:/program files (x86)/cypress/psoc creator/4.2/psoc creator/import/gnu/arm/5.4.1/bin/../lib/gcc/arm-none-eabi/5.4.1/../../../../arm-none-eabi/lib/armv7-m\libg_nano.a(lib_a-init.o)
                0x00001fa0                __libc_init_array
 .text.memcpy   0x00001fec       0x16 c:/program files (x86)/cypress/psoc creator/4.2/psoc creator/import/gnu/arm/5.4.1/bin/../lib/gcc/arm-none-eabi/5.4.1/../../../../arm-none-eabi/lib/armv7-m\libg_nano.a(lib_a-memcpy-stub.o)
                0x00001fec                memcpy
 .text.memset   0x00002002       0x10 c:/program files (x86)/cypress/psoc creator/4.2/psoc creator/import/gnu/arm/5.4.1/bin/../lib/gcc/arm-none-eabi/5.4.1/../../../../arm-none-eabi/lib/armv7-m\libg_nano.a(lib_a-memset.o)
                0x00002002                memset
 *(.plt)
 *(.gnu.warning)
 *(.glue_7t)
 .glue_7t       0x00002012        0x0 linker stubs
 *(.glue_7)
 .glue_7        0x00002012        0x0 linker stubs
 *(.vfp11_veneer)
 .vfp11_veneer  0x00002012        0x0 linker stubs
 *(.bootloader)
 *(.ARM.extab* .gnu.linkonce.armextab.*)
 *(.gcc_except_table)

.v4_bx          0x00002014        0x0
 .v4_bx         0x00002014        0x0 linker stubs

.iplt           0x00002014        0x0
 .iplt          0x00002014        0x0 c:/program files (x86)/cypress/psoc creator/4.2/psoc creator/import/gnu/arm/5.4.1/bin/../lib/gcc/arm-none-eabi/5.4.1/armv7-m/crtbegin.o

.eh_frame_hdr
 *(.eh_frame_hdr)

.eh_frame       0x00002014        0x4
 *(.eh_frame)
 .eh_frame      0x00002014        0x0 c:/program files (x86)/cypress/psoc creator/4.2/psoc creator/import/gnu/arm/5.4.1/bin/../lib/gcc/arm-none-eabi/5.4.1/armv7-m/crtbegin.o
 .eh_frame      0x00002014        0x4 c:/program files (x86)/cypress/psoc creator/4.2/psoc creator/import/gnu/arm/5.4.1/bin/../lib/gcc/arm-none-eabi/5.4.1/armv7-m/crtend.o
                [!provide]                PROVIDE (__exidx_start, .)

.ARM.exidx
 *(.ARM.exidx* .gnu.linkonce.armexidx.*)
                0x00002018                __exidx_end = .

.rodata         0x00002018       0xf8
 *(.rodata .rodata.* .gnu.linkonce.r.*)
 .rodata        0x00002018       0x64 .\ARM_GCC_541\Debug\cyfitter_cfg.o
                0x00002018                CapSense_CSD_AMuxCH0__addrTable
                0x00002040                CapSense_CSD_AMuxCH0__maskTable
 .rodata        0x0000207c       0x53 .\ARM_GCC_541\Debug\CapSense_CSD_WithTuner01.a(CapSense_CSD.o)
                0x0000207c                CapSense_CSD_pcTable
                0x00002098                CapSense_CSD_portTable
                0x000020a0                CapSense_CSD_maskTable
                0x000020a8                CapSense_CSD_csTable
                0x000020c8                CapSense_CSD_widgetNumber
 *fill*         0x000020cf        0x1 
 .rodata        0x000020d0        0xa .\ARM_GCC_541\Debug\CapSense_CSD_WithTuner01.a(CapSense_CSD_CSHL.o)
                0x000020d0                CapSense_CSD_rawDataIndex
                0x000020d4                CapSense_CSD_numberOfSensors
                0x000020d8                CapSense_CSD_centroidMult
 .rodata.str1.1
                0x000020da        0x2 c:/program files (x86)/cypress/psoc creator/4.2/psoc creator/import/gnu/arm/5.4.1/bin/../lib/gcc/arm-none-eabi/5.4.1/../../../../arm-none-eabi/lib/armv7-m\libg_nano.a(lib_a-impure.o)
                0x000020dc                . = ALIGN (0x4)
 *(.init)
 .init          0x000020dc        0x4 c:/program files (x86)/cypress/psoc creator/4.2/psoc creator/import/gnu/arm/5.4.1/bin/../lib/gcc/arm-none-eabi/5.4.1/armv7-m/crti.o
                0x000020dc                _init
 .init          0x000020e0        0x8 c:/program files (x86)/cypress/psoc creator/4.2/psoc creator/import/gnu/arm/5.4.1/bin/../lib/gcc/arm-none-eabi/5.4.1/armv7-m/crtn.o
                0x000020e8                . = ALIGN (0x4)
                0x000020e8                __preinit_array_start = .
 *(.preinit_array)
                0x000020e8                __preinit_array_end = .
                0x000020e8                . = ALIGN (0x4)
                0x000020e8                __init_array_start = .
 *(SORT(.init_array.*))
 *(.init_array)
 .init_array    0x000020e8        0x4 c:/program files (x86)/cypress/psoc creator/4.2/psoc creator/import/gnu/arm/5.4.1/bin/../lib/gcc/arm-none-eabi/5.4.1/armv7-m/crtbegin.o
 .init_array    0x000020ec        0x4 .\ARM_GCC_541\Debug\Cm3Start.o
                0x000020f0                __init_array_end = .
                0x000020f0                . = ALIGN (0x4)
 *(.fini)
 .fini          0x000020f0        0x4 c:/program files (x86)/cypress/psoc creator/4.2/psoc creator/import/gnu/arm/5.4.1/bin/../lib/gcc/arm-none-eabi/5.4.1/armv7-m/crti.o
                0x000020f0                _fini
 .fini          0x000020f4        0x8 c:/program files (x86)/cypress/psoc creator/4.2/psoc creator/import/gnu/arm/5.4.1/bin/../lib/gcc/arm-none-eabi/5.4.1/armv7-m/crtn.o
                0x000020fc                . = ALIGN (0x4)
                0x000020fc                __fini_array_start = .
 *(.fini_array)
 .fini_array    0x000020fc        0x4 c:/program files (x86)/cypress/psoc creator/4.2/psoc creator/import/gnu/arm/5.4.1/bin/../lib/gcc/arm-none-eabi/5.4.1/armv7-m/crtbegin.o
 *(SORT(.fini_array.*))
                0x00002100                __fini_array_end = .
                0x00002100                . = ALIGN (0x4)
 *crtbegin.o(.ctors)
 *(EXCLUDE_FILE(*crtend.o) .ctors)
 *(SORT(.ctors.*))
 *crtend.o(.ctors)
                0x00002100                . = ALIGN (0x4)
 *crtbegin.o(.dtors)
 *(EXCLUDE_FILE(*crtend.o) .dtors)
 *(SORT(.dtors.*))
 *crtend.o(.dtors)
                0x00002100                . = ALIGN (0x4)
                0x00002100                __cy_regions = .
                0x00002100        0x4 LONG 0x2110 __cy_region_init_ram
                0x00002104        0x4 LONG 0x1fff80c8 __cy_region_start_data
                0x00002108        0x4 LONG 0xa0 __cy_region_init_size_ram
                0x0000210c        0x4 LONG 0xc8 __cy_region_zero_size_ram
                0x00002110                __cy_regions_end = .
                0x00002110                . = ALIGN (0x8)
                0x00002110                _etext = .

.cy_checksum_exclude
                0x00002110        0x0
 *(.cy_checksum_exclude)

.ramvectors     0x1fff8000       0xc0
                0x1fff8000                __cy_region_start_ram = .
 *(.ramvectors)
 .ramvectors    0x1fff8000       0xc0 .\ARM_GCC_541\Debug\Cm3Start.o
                0x1fff8000                CyRamVectors

.noinit         0x1fff80c0        0x5
 *(.noinit)
 .noinit        0x1fff80c0        0x4 .\ARM_GCC_541\Debug\Cm3Start.o
 .noinit        0x1fff80c4        0x1 .\ARM_GCC_541\Debug\CapSense_CSD_WithTuner01.a(CyLib.o)
                0x1fff80c4                CyResetStatus

.data           0x1fff80c8       0xa0 load address 0x00002110
                0x1fff80c8                __cy_region_start_data = .
 *(.jcr)
 .jcr           0x1fff80c8        0x0 c:/program files (x86)/cypress/psoc creator/4.2/psoc creator/import/gnu/arm/5.4.1/bin/../lib/gcc/arm-none-eabi/5.4.1/armv7-m/crtbegin.o
 .jcr           0x1fff80c8        0x4 c:/program files (x86)/cypress/psoc creator/4.2/psoc creator/import/gnu/arm/5.4.1/bin/../lib/gcc/arm-none-eabi/5.4.1/armv7-m/crtend.o
 *(.got.plt)
 *(.got)
 *(.shdata)
 *(.data .data.* .gnu.linkonce.d.*)
 .data          0x1fff80cc       0x17 .\ARM_GCC_541\Debug\CapSense_CSD_WithTuner01.a(CapSense_CSD.o)
                0x1fff80cc                CapSense_CSD_sensorEnableMask
                0x1fff80d0                CapSense_CSD_idacSettings
                0x1fff80d8                CapSense_CSD_widgetResolution
                0x1fff80dc                CapSense_CSD_analogSwitchDivider
 *fill*         0x1fff80e3        0x1 
 .data          0x1fff80e4       0x1b .\ARM_GCC_541\Debug\CapSense_CSD_WithTuner01.a(CapSense_CSD_CSHL.o)
                0x1fff80e4                CapSense_CSD_fingerThreshold
                0x1fff80ec                CapSense_CSD_noiseThreshold
                0x1fff80f4                CapSense_CSD_hysteresis
                0x1fff80fc                CapSense_CSD_debounce
 *fill*         0x1fff80ff        0x1 
 .data.impure_data
                0x1fff8100       0x60 c:/program files (x86)/cypress/psoc creator/4.2/psoc creator/import/gnu/arm/5.4.1/bin/../lib/gcc/arm-none-eabi/5.4.1/../../../../arm-none-eabi/lib/armv7-m\libg_nano.a(lib_a-impure.o)
 .data._impure_ptr
                0x1fff8160        0x4 c:/program files (x86)/cypress/psoc creator/4.2/psoc creator/import/gnu/arm/5.4.1/bin/../lib/gcc/arm-none-eabi/5.4.1/../../../../arm-none-eabi/lib/armv7-m\libg_nano.a(lib_a-impure.o)
                0x1fff8160                _impure_ptr
                0x1fff8168                . = ALIGN (0x8)
 *fill*         0x1fff8164        0x4 
 *(.ram)
                0x1fff8168                _edata = .

.igot.plt       0x1fff8168        0x0 load address 0x000021b0
 .igot.plt      0x1fff8168        0x0 c:/program files (x86)/cypress/psoc creator/4.2/psoc creator/import/gnu/arm/5.4.1/bin/../lib/gcc/arm-none-eabi/5.4.1/armv7-m/crtbegin.o

.bss            0x1fff8168       0xc8 load address 0x000021b0
                0x1fff8168                PROVIDE (__bss_start__, .)
 *(.shbss)
 *(.bss .bss.* .gnu.linkonce.b.*)
 .bss           0x1fff8168       0x1c c:/program files (x86)/cypress/psoc creator/4.2/psoc creator/import/gnu/arm/5.4.1/bin/../lib/gcc/arm-none-eabi/5.4.1/armv7-m/crtbegin.o
 .bss           0x1fff8184        0x1 .\ARM_GCC_541\Debug\CapSense_CSD_WithTuner01.a(PWM_1.o)
                0x1fff8184                PWM_1_initVar
 .bss           0x1fff8185        0x1 .\ARM_GCC_541\Debug\CapSense_CSD_WithTuner01.a(EzI2C.o)
                0x1fff8185                EzI2C_initVar
 .bss           0x1fff8186        0x5 .\ARM_GCC_541\Debug\CapSense_CSD_WithTuner01.a(EzI2C_INT.o)
 .bss           0x1fff818b        0x1 .\ARM_GCC_541\Debug\CapSense_CSD_WithTuner01.a(CapSense_CSD.o)
 .bss           0x1fff818c        0xa .\ARM_GCC_541\Debug\CapSense_CSD_WithTuner01.a(CapSense_CSD_CSHL.o)
                0x1fff818c                CapSense_CSD_debounceCounter
 *(COMMON)
 *fill*         0x1fff8196        0x2 
 COMMON         0x1fff8198       0x3f .\ARM_GCC_541\Debug\CapSense_CSD_WithTuner01.a(CapSense_CSD_TunerHelper.o)
                0x1fff8198                CapSense_CSD_mailboxesComm
 *fill*         0x1fff81d7        0x1 
 COMMON         0x1fff81d8       0x10 .\ARM_GCC_541\Debug\CapSense_CSD_WithTuner01.a(EzI2C.o)
                0x1fff81d8                EzI2C_rwIndexS1
                0x1fff81da                EzI2C_curStatus
                0x1fff81dc                EzI2C_rwOffsetS1
                0x1fff81de                EzI2C_bufSizeS1
                0x1fff81e0                EzI2C_curState
                0x1fff81e2                EzI2C_wrProtectS1
                0x1fff81e4                EzI2C_dataPtrS1
 COMMON         0x1fff81e8       0x12 .\ARM_GCC_541\Debug\CapSense_CSD_WithTuner01.a(CapSense_CSD.o)
                0x1fff81e8                CapSense_CSD_sensorIndex
                0x1fff81e9                CapSense_CSD_csv
                0x1fff81ec                CapSense_CSD_sensorRaw
 *fill*         0x1fff81fa        0x2 
 COMMON         0x1fff81fc       0x33 .\ARM_GCC_541\Debug\CapSense_CSD_WithTuner01.a(CapSense_CSD_CSHL.o)
                0x1fff81fc                CapSense_CSD_sensorSignal
                0x1fff820c                CapSense_CSD_sensorBaseline
                0x1fff821c                CapSense_CSD_sensorBaselineLow
                0x1fff8224                CapSense_CSD_sensorOnMask
                0x1fff8228                CapSense_CSD_lowBaselineResetCnt
                0x1fff8230                . = ALIGN (0x8)
 *fill*         0x1fff822f        0x1 
 *(.ram.b)
                0x1fff8230                _end = .
                0x1fff8230                __end = .
                0x1fff8230                PROVIDE (end, .)
                0x1fff8230                PROVIDE (__bss_end__, .)
                0x00002110                __cy_region_init_ram = LOADADDR (.data)
                0x000000a0                __cy_region_init_size_ram = (_edata - ADDR (.data))
                0x000000c8                __cy_region_zero_size_ram = (_end - _edata)

.heap           0x1fff8230       0x80 load address 0x000021b0
                0x1fff8230                . = _end
                0x1fff82b0                . = (. + 0x80)
 *fill*         0x1fff8230       0x80 
                0x1fff82b0                __cy_heap_limit = .

.stack          0x20007800      0x800
                0x20007800                __cy_stack_limit = .
                0x20008000                . = (. + 0x800)
 *fill*         0x20007800      0x800 
                0x00000001                ASSERT ((__cy_stack_limit >= __cy_heap_limit), region RAM overflowed with stack)
                0x00000000                cy_checksum_exclude_size = (CY_APPL_LOADABLE == 0x1)?SIZEOF (.cy_checksum_exclude):0x0
                0x00000001                ASSERT ((cy_checksum_exclude_size <= CY_CHECKSUM_EXCLUDE_SIZE), CY_BOOT: Section .cy_checksum_exclude size exceedes specified limit.)

.cyloadermeta
 *(.cyloadermeta)

.cyloadablemeta
 *(.cyloadablemeta)

.cyconfigecc    0x80000000      0x408
 *(.cyconfigecc)
 .cyconfigecc   0x80000000      0x408 .\ARM_GCC_541\Debug\cymetadata.o
                0x80000000                cy_meta_configecc

.cycustnvl      0x90000000        0x4
 *(.cycustnvl)
 .cycustnvl     0x90000000        0x4 .\ARM_GCC_541\Debug\cymetadata.o
                0x90000000                cy_meta_custnvl

.cywolatch      0x90100000        0x4
 *(.cywolatch)
 .cywolatch     0x90100000        0x4 .\ARM_GCC_541\Debug\cymetadata.o
                0x90100000                cy_meta_wonvl

.cyeeprom       0x90200000        0x0
 *(.cyeeprom)
                0x00000001                ASSERT ((. <= ((0x90200000 + ee_offset) + ee_size)), .cyeeprom data will not fit in EEPROM)

.cyflashprotect
                0x90400000      0x100
 *(.cyflashprotect)
 .cyflashprotect
                0x90400000      0x100 .\ARM_GCC_541\Debug\cymetadata.o
                0x90400000                cy_meta_flashprotect

.cymeta         0x90500000        0xc
 *(.cymeta)
 .cymeta        0x90500000        0xc .\ARM_GCC_541\Debug\cymetadata.o
                0x90500000                cy_metadata

.rel.dyn        0x000021b0        0x0 load address 0x9050000c
 .rel.iplt      0x000021b0        0x0 c:/program files (x86)/cypress/psoc creator/4.2/psoc creator/import/gnu/arm/5.4.1/bin/../lib/gcc/arm-none-eabi/5.4.1/armv7-m/crtbegin.o

.stab
 *(.stab)

.stabstr
 *(.stabstr)

.debug
 *(.debug)

.line
 *(.line)

.debug_srcinfo
 *(.debug_srcinfo)

.debug_sfnames
 *(.debug_sfnames)

.debug_aranges  0x00000000      0x9c8
 *(.debug_aranges)
 .debug_aranges
                0x00000000       0x20 .\ARM_GCC_541\Debug\main.o
 .debug_aranges
                0x00000020       0x70 .\ARM_GCC_541\Debug\cyfitter_cfg.o
 .debug_aranges
                0x00000090       0x18 .\ARM_GCC_541\Debug\cymetadata.o
 .debug_aranges
                0x000000a8       0x48 .\ARM_GCC_541\Debug\Cm3Start.o
 .debug_aranges
                0x000000f0       0x30 .\ARM_GCC_541\Debug\CapSense_CSD_WithTuner01.a(CapSense_CSD_TunerHelper.o)
 .debug_aranges
                0x00000120      0x2a0 .\ARM_GCC_541\Debug\CapSense_CSD_WithTuner01.a(CyLib.o)
 .debug_aranges
                0x000003c0       0x98 .\ARM_GCC_541\Debug\CapSense_CSD_WithTuner01.a(cyPm.o)
 .debug_aranges
                0x00000458       0x98 .\ARM_GCC_541\Debug\CapSense_CSD_WithTuner01.a(PWM_1.o)
 .debug_aranges
                0x000004f0       0x20 .\ARM_GCC_541\Debug\CapSense_CSD_WithTuner01.a(CyBootAsmGnu.o)
 .debug_aranges
                0x00000510       0x58 .\ARM_GCC_541\Debug\CapSense_CSD_WithTuner01.a(EzI2C.o)
 .debug_aranges
                0x00000568       0x38 .\ARM_GCC_541\Debug\CapSense_CSD_WithTuner01.a(EzI2C_PM.o)
 .debug_aranges
                0x000005a0       0x20 .\ARM_GCC_541\Debug\CapSense_CSD_WithTuner01.a(EzI2C_INT.o)
 .debug_aranges
                0x000005c0       0xa8 .\ARM_GCC_541\Debug\CapSense_CSD_WithTuner01.a(CapSense_CSD.o)
 .debug_aranges
                0x00000668       0x88 .\ARM_GCC_541\Debug\CapSense_CSD_WithTuner01.a(CapSense_CSD_CSHL.o)
 .debug_aranges
                0x000006f0       0x20 .\ARM_GCC_541\Debug\CapSense_CSD_WithTuner01.a(CapSense_CSD_INT.o)
 .debug_aranges
                0x00000710       0x38 .\ARM_GCC_541\Debug\CapSense_CSD_WithTuner01.a(CapSense_CSD_MBX.o)
 .debug_aranges
                0x00000748       0x70 .\ARM_GCC_541\Debug\CapSense_CSD_WithTuner01.a(CapSense_CSD_CompCH0.o)
 .debug_aranges
                0x000007b8       0x60 .\ARM_GCC_541\Debug\CapSense_CSD_WithTuner01.a(CapSense_CSD_IdacCH0.o)
 .debug_aranges
                0x00000818       0x48 .\ARM_GCC_541\Debug\CapSense_CSD_WithTuner01.a(CapSense_CSD_AMuxCH0.o)
 .debug_aranges
                0x00000860       0x70 .\ARM_GCC_541\Debug\CapSense_CSD_WithTuner01.a(CapSense_CSD_IntClock.o)
 .debug_aranges
                0x000008d0       0x80 .\ARM_GCC_541\Debug\CapSense_CSD_WithTuner01.a(CyFlash.o)
 .debug_aranges
                0x00000950       0x78 .\ARM_GCC_541\Debug\CapSense_CSD_WithTuner01.a(CySpc.o)

.debug_pubnames
 *(.debug_pubnames)

.debug_info     0x00000000     0x49c0
 *(.debug_info .gnu.linkonce.wi.*)
 .debug_info    0x00000000       0xcb .\ARM_GCC_541\Debug\main.o
 .debug_info    0x000000cb      0x459 .\ARM_GCC_541\Debug\cyfitter_cfg.o
 .debug_info    0x00000524      0x135 .\ARM_GCC_541\Debug\cymetadata.o
 .debug_info    0x00000659      0x32b .\ARM_GCC_541\Debug\Cm3Start.o
 .debug_info    0x00000984      0x2bf .\ARM_GCC_541\Debug\CapSense_CSD_WithTuner01.a(CapSense_CSD_TunerHelper.o)
 .debug_info    0x00000c43      0xe51 .\ARM_GCC_541\Debug\CapSense_CSD_WithTuner01.a(CyLib.o)
 .debug_info    0x00001a94      0x57a .\ARM_GCC_541\Debug\CapSense_CSD_WithTuner01.a(cyPm.o)
 .debug_info    0x0000200e      0x2a7 .\ARM_GCC_541\Debug\CapSense_CSD_WithTuner01.a(PWM_1.o)
 .debug_info    0x000022b5       0xa7 .\ARM_GCC_541\Debug\CapSense_CSD_WithTuner01.a(CyBootAsmGnu.o)
 .debug_info    0x0000235c      0x2f1 .\ARM_GCC_541\Debug\CapSense_CSD_WithTuner01.a(EzI2C.o)
 .debug_info    0x0000264d      0x189 .\ARM_GCC_541\Debug\CapSense_CSD_WithTuner01.a(EzI2C_PM.o)
 .debug_info    0x000027d6      0x159 .\ARM_GCC_541\Debug\CapSense_CSD_WithTuner01.a(EzI2C_INT.o)
 .debug_info    0x0000292f      0x51c .\ARM_GCC_541\Debug\CapSense_CSD_WithTuner01.a(CapSense_CSD.o)
 .debug_info    0x00002e4b      0x77e .\ARM_GCC_541\Debug\CapSense_CSD_WithTuner01.a(CapSense_CSD_CSHL.o)
 .debug_info    0x000035c9       0xc9 .\ARM_GCC_541\Debug\CapSense_CSD_WithTuner01.a(CapSense_CSD_INT.o)
 .debug_info    0x00003692      0x3c5 .\ARM_GCC_541\Debug\CapSense_CSD_WithTuner01.a(CapSense_CSD_MBX.o)
 .debug_info    0x00003a57      0x246 .\ARM_GCC_541\Debug\CapSense_CSD_WithTuner01.a(CapSense_CSD_CompCH0.o)
 .debug_info    0x00003c9d      0x1ad .\ARM_GCC_541\Debug\CapSense_CSD_WithTuner01.a(CapSense_CSD_IdacCH0.o)
 .debug_info    0x00003e4a      0x14e .\ARM_GCC_541\Debug\CapSense_CSD_WithTuner01.a(CapSense_CSD_AMuxCH0.o)
 .debug_info    0x00003f98      0x25d .\ARM_GCC_541\Debug\CapSense_CSD_WithTuner01.a(CapSense_CSD_IntClock.o)
 .debug_info    0x000041f5      0x371 .\ARM_GCC_541\Debug\CapSense_CSD_WithTuner01.a(CyFlash.o)
 .debug_info    0x00004566      0x45a .\ARM_GCC_541\Debug\CapSense_CSD_WithTuner01.a(CySpc.o)

.debug_abbrev   0x00000000     0x17e8
 *(.debug_abbrev)
 .debug_abbrev  0x00000000       0x67 .\ARM_GCC_541\Debug\main.o
 .debug_abbrev  0x00000067      0x1b0 .\ARM_GCC_541\Debug\cyfitter_cfg.o
 .debug_abbrev  0x00000217       0x66 .\ARM_GCC_541\Debug\cymetadata.o
 .debug_abbrev  0x0000027d      0x1d6 .\ARM_GCC_541\Debug\Cm3Start.o
 .debug_abbrev  0x00000453       0xf4 .\ARM_GCC_541\Debug\CapSense_CSD_WithTuner01.a(CapSense_CSD_TunerHelper.o)
 .debug_abbrev  0x00000547      0x217 .\ARM_GCC_541\Debug\CapSense_CSD_WithTuner01.a(CyLib.o)
 .debug_abbrev  0x0000075e      0x161 .\ARM_GCC_541\Debug\CapSense_CSD_WithTuner01.a(cyPm.o)
 .debug_abbrev  0x000008bf      0x12e .\ARM_GCC_541\Debug\CapSense_CSD_WithTuner01.a(PWM_1.o)
 .debug_abbrev  0x000009ed       0x14 .\ARM_GCC_541\Debug\CapSense_CSD_WithTuner01.a(CyBootAsmGnu.o)
 .debug_abbrev  0x00000a01      0x150 .\ARM_GCC_541\Debug\CapSense_CSD_WithTuner01.a(EzI2C.o)
 .debug_abbrev  0x00000b51       0xf8 .\ARM_GCC_541\Debug\CapSense_CSD_WithTuner01.a(EzI2C_PM.o)
 .debug_abbrev  0x00000c49       0x81 .\ARM_GCC_541\Debug\CapSense_CSD_WithTuner01.a(EzI2C_INT.o)
 .debug_abbrev  0x00000cca      0x149 .\ARM_GCC_541\Debug\CapSense_CSD_WithTuner01.a(CapSense_CSD.o)
 .debug_abbrev  0x00000e13      0x166 .\ARM_GCC_541\Debug\CapSense_CSD_WithTuner01.a(CapSense_CSD_CSHL.o)
 .debug_abbrev  0x00000f79       0x67 .\ARM_GCC_541\Debug\CapSense_CSD_WithTuner01.a(CapSense_CSD_INT.o)
 .debug_abbrev  0x00000fe0      0x151 .\ARM_GCC_541\Debug\CapSense_CSD_WithTuner01.a(CapSense_CSD_MBX.o)
 .debug_abbrev  0x00001131      0x146 .\ARM_GCC_541\Debug\CapSense_CSD_WithTuner01.a(CapSense_CSD_CompCH0.o)
 .debug_abbrev  0x00001277      0x114 .\ARM_GCC_541\Debug\CapSense_CSD_WithTuner01.a(CapSense_CSD_IdacCH0.o)
 .debug_abbrev  0x0000138b       0x98 .\ARM_GCC_541\Debug\CapSense_CSD_WithTuner01.a(CapSense_CSD_AMuxCH0.o)
 .debug_abbrev  0x00001423      0x11d .\ARM_GCC_541\Debug\CapSense_CSD_WithTuner01.a(CapSense_CSD_IntClock.o)
 .debug_abbrev  0x00001540      0x13c .\ARM_GCC_541\Debug\CapSense_CSD_WithTuner01.a(CyFlash.o)
 .debug_abbrev  0x0000167c      0x16c .\ARM_GCC_541\Debug\CapSense_CSD_WithTuner01.a(CySpc.o)

.debug_line     0x00000000     0x2849
 *(.debug_line)
 .debug_line    0x00000000      0x165 .\ARM_GCC_541\Debug\main.o
 .debug_line    0x00000165      0x222 .\ARM_GCC_541\Debug\cyfitter_cfg.o
 .debug_line    0x00000387      0x141 .\ARM_GCC_541\Debug\cymetadata.o
 .debug_line    0x000004c8      0x1dc .\ARM_GCC_541\Debug\Cm3Start.o
 .debug_line    0x000006a4      0x10b .\ARM_GCC_541\Debug\CapSense_CSD_WithTuner01.a(CapSense_CSD_TunerHelper.o)
 .debug_line    0x000007af      0x883 .\ARM_GCC_541\Debug\CapSense_CSD_WithTuner01.a(CyLib.o)
 .debug_line    0x00001032      0x38e .\ARM_GCC_541\Debug\CapSense_CSD_WithTuner01.a(cyPm.o)
 .debug_line    0x000013c0      0x189 .\ARM_GCC_541\Debug\CapSense_CSD_WithTuner01.a(PWM_1.o)
 .debug_line    0x00001549       0x66 .\ARM_GCC_541\Debug\CapSense_CSD_WithTuner01.a(CyBootAsmGnu.o)
 .debug_line    0x000015af      0x128 .\ARM_GCC_541\Debug\CapSense_CSD_WithTuner01.a(EzI2C.o)
 .debug_line    0x000016d7       0xba .\ARM_GCC_541\Debug\CapSense_CSD_WithTuner01.a(EzI2C_PM.o)
 .debug_line    0x00001791       0xc2 .\ARM_GCC_541\Debug\CapSense_CSD_WithTuner01.a(EzI2C_INT.o)
 .debug_line    0x00001853      0x23a .\ARM_GCC_541\Debug\CapSense_CSD_WithTuner01.a(CapSense_CSD.o)
 .debug_line    0x00001a8d      0x2d4 .\ARM_GCC_541\Debug\CapSense_CSD_WithTuner01.a(CapSense_CSD_CSHL.o)
 .debug_line    0x00001d61       0x8e .\ARM_GCC_541\Debug\CapSense_CSD_WithTuner01.a(CapSense_CSD_INT.o)
 .debug_line    0x00001def      0x120 .\ARM_GCC_541\Debug\CapSense_CSD_WithTuner01.a(CapSense_CSD_MBX.o)
 .debug_line    0x00001f0f      0x17c .\ARM_GCC_541\Debug\CapSense_CSD_WithTuner01.a(CapSense_CSD_CompCH0.o)
 .debug_line    0x0000208b      0x115 .\ARM_GCC_541\Debug\CapSense_CSD_WithTuner01.a(CapSense_CSD_IdacCH0.o)
 .debug_line    0x000021a0       0xde .\ARM_GCC_541\Debug\CapSense_CSD_WithTuner01.a(CapSense_CSD_AMuxCH0.o)
 .debug_line    0x0000227e      0x1b4 .\ARM_GCC_541\Debug\CapSense_CSD_WithTuner01.a(CapSense_CSD_IntClock.o)
 .debug_line    0x00002432      0x205 .\ARM_GCC_541\Debug\CapSense_CSD_WithTuner01.a(CyFlash.o)
 .debug_line    0x00002637      0x212 .\ARM_GCC_541\Debug\CapSense_CSD_WithTuner01.a(CySpc.o)

.debug_frame    0x00000000     0x25f4
 *(.debug_frame)
 .debug_frame   0x00000000       0x2c .\ARM_GCC_541\Debug\main.o
 .debug_frame   0x0000002c      0x1bc .\ARM_GCC_541\Debug\cyfitter_cfg.o
 .debug_frame   0x000001e8       0xd8 .\ARM_GCC_541\Debug\Cm3Start.o
 .debug_frame   0x000002c0       0x74 .\ARM_GCC_541\Debug\CapSense_CSD_WithTuner01.a(CapSense_CSD_TunerHelper.o)
 .debug_frame   0x00000334      0xc0c .\ARM_GCC_541\Debug\CapSense_CSD_WithTuner01.a(CyLib.o)
 .debug_frame   0x00000f40      0x234 .\ARM_GCC_541\Debug\CapSense_CSD_WithTuner01.a(cyPm.o)
 .debug_frame   0x00001174      0x25c .\ARM_GCC_541\Debug\CapSense_CSD_WithTuner01.a(PWM_1.o)
 .debug_frame   0x000013d0      0x134 .\ARM_GCC_541\Debug\CapSense_CSD_WithTuner01.a(EzI2C.o)
 .debug_frame   0x00001504       0x94 .\ARM_GCC_541\Debug\CapSense_CSD_WithTuner01.a(EzI2C_PM.o)
 .debug_frame   0x00001598       0x34 .\ARM_GCC_541\Debug\CapSense_CSD_WithTuner01.a(EzI2C_INT.o)
 .debug_frame   0x000015cc      0x2b8 .\ARM_GCC_541\Debug\CapSense_CSD_WithTuner01.a(CapSense_CSD.o)
 .debug_frame   0x00001884      0x24c .\ARM_GCC_541\Debug\CapSense_CSD_WithTuner01.a(CapSense_CSD_CSHL.o)
 .debug_frame   0x00001ad0       0x2c .\ARM_GCC_541\Debug\CapSense_CSD_WithTuner01.a(CapSense_CSD_INT.o)
 .debug_frame   0x00001afc       0xb0 .\ARM_GCC_541\Debug\CapSense_CSD_WithTuner01.a(CapSense_CSD_MBX.o)
 .debug_frame   0x00001bac      0x19c .\ARM_GCC_541\Debug\CapSense_CSD_WithTuner01.a(CapSense_CSD_CompCH0.o)
 .debug_frame   0x00001d48      0x158 .\ARM_GCC_541\Debug\CapSense_CSD_WithTuner01.a(CapSense_CSD_IdacCH0.o)
 .debug_frame   0x00001ea0       0xdc .\ARM_GCC_541\Debug\CapSense_CSD_WithTuner01.a(CapSense_CSD_AMuxCH0.o)
 .debug_frame   0x00001f7c      0x1b4 .\ARM_GCC_541\Debug\CapSense_CSD_WithTuner01.a(CapSense_CSD_IntClock.o)
 .debug_frame   0x00002130      0x210 .\ARM_GCC_541\Debug\CapSense_CSD_WithTuner01.a(CyFlash.o)
 .debug_frame   0x00002340      0x1f8 .\ARM_GCC_541\Debug\CapSense_CSD_WithTuner01.a(CySpc.o)
 .debug_frame   0x00002538       0x20 c:/program files (x86)/cypress/psoc creator/4.2/psoc creator/import/gnu/arm/5.4.1/bin/../lib/gcc/arm-none-eabi/5.4.1/../../../../arm-none-eabi/lib/armv7-m\libg_nano.a(lib_a-errno.o)
 .debug_frame   0x00002558       0x28 c:/program files (x86)/cypress/psoc creator/4.2/psoc creator/import/gnu/arm/5.4.1/bin/../lib/gcc/arm-none-eabi/5.4.1/../../../../arm-none-eabi/lib/armv7-m\libg_nano.a(lib_a-exit.o)
 .debug_frame   0x00002580       0x2c c:/program files (x86)/cypress/psoc creator/4.2/psoc creator/import/gnu/arm/5.4.1/bin/../lib/gcc/arm-none-eabi/5.4.1/../../../../arm-none-eabi/lib/armv7-m\libg_nano.a(lib_a-init.o)
 .debug_frame   0x000025ac       0x28 c:/program files (x86)/cypress/psoc creator/4.2/psoc creator/import/gnu/arm/5.4.1/bin/../lib/gcc/arm-none-eabi/5.4.1/../../../../arm-none-eabi/lib/armv7-m\libg_nano.a(lib_a-memcpy-stub.o)
 .debug_frame   0x000025d4       0x20 c:/program files (x86)/cypress/psoc creator/4.2/psoc creator/import/gnu/arm/5.4.1/bin/../lib/gcc/arm-none-eabi/5.4.1/../../../../arm-none-eabi/lib/armv7-m\libg_nano.a(lib_a-memset.o)

.debug_str      0x00000000     0x268c
 *(.debug_str)
 .debug_str     0x00000000      0x175 .\ARM_GCC_541\Debug\main.o
                                0x1bd (size before relaxing)
 .debug_str     0x00000175      0x1fd .\ARM_GCC_541\Debug\cyfitter_cfg.o
                                0x39c (size before relaxing)
 .debug_str     0x00000372       0x7f .\ARM_GCC_541\Debug\cymetadata.o
                                0x1fb (size before relaxing)
 .debug_str     0x000003f1      0x11d .\ARM_GCC_541\Debug\Cm3Start.o
                                0x2ee (size before relaxing)
 .debug_str     0x0000050e      0x173 .\ARM_GCC_541\Debug\CapSense_CSD_WithTuner01.a(CapSense_CSD_TunerHelper.o)
                                0x389 (size before relaxing)
 .debug_str     0x00000681      0x7fd .\ARM_GCC_541\Debug\CapSense_CSD_WithTuner01.a(CyLib.o)
                                0xa01 (size before relaxing)
 .debug_str     0x00000e7e      0x371 .\ARM_GCC_541\Debug\CapSense_CSD_WithTuner01.a(cyPm.o)
                                0x55a (size before relaxing)
 .debug_str     0x000011ef      0x19e .\ARM_GCC_541\Debug\CapSense_CSD_WithTuner01.a(PWM_1.o)
                                0x348 (size before relaxing)
 .debug_str     0x0000138d      0x183 .\ARM_GCC_541\Debug\CapSense_CSD_WithTuner01.a(EzI2C.o)
                                0x34f (size before relaxing)
 .debug_str     0x00001510       0x60 .\ARM_GCC_541\Debug\CapSense_CSD_WithTuner01.a(EzI2C_PM.o)
                                0x256 (size before relaxing)
 .debug_str     0x00001570       0x3f .\ARM_GCC_541\Debug\CapSense_CSD_WithTuner01.a(EzI2C_INT.o)
                                0x255 (size before relaxing)
 .debug_str     0x000015af      0x369 .\ARM_GCC_541\Debug\CapSense_CSD_WithTuner01.a(CapSense_CSD.o)
                                0x51f (size before relaxing)
 .debug_str     0x00001918      0x3b9 .\ARM_GCC_541\Debug\CapSense_CSD_WithTuner01.a(CapSense_CSD_CSHL.o)
                                0x65a (size before relaxing)
 .debug_str     0x00001cd1       0x42 .\ARM_GCC_541\Debug\CapSense_CSD_WithTuner01.a(CapSense_CSD_INT.o)
                                0x204 (size before relaxing)
 .debug_str     0x00001d13       0x9f .\ARM_GCC_541\Debug\CapSense_CSD_WithTuner01.a(CapSense_CSD_MBX.o)
                                0x46c (size before relaxing)
 .debug_str     0x00001db2      0x1f0 .\ARM_GCC_541\Debug\CapSense_CSD_WithTuner01.a(CapSense_CSD_CompCH0.o)
                                0x39b (size before relaxing)
 .debug_str     0x00001fa2      0x15d .\ARM_GCC_541\Debug\CapSense_CSD_WithTuner01.a(CapSense_CSD_IdacCH0.o)
                                0x2f6 (size before relaxing)
 .debug_str     0x000020ff      0x11f .\ARM_GCC_541\Debug\CapSense_CSD_WithTuner01.a(CapSense_CSD_AMuxCH0.o)
                                0x2aa (size before relaxing)
 .debug_str     0x0000221e      0x20a .\ARM_GCC_541\Debug\CapSense_CSD_WithTuner01.a(CapSense_CSD_IntClock.o)
                                0x3ad (size before relaxing)
 .debug_str     0x00002428      0x145 .\ARM_GCC_541\Debug\CapSense_CSD_WithTuner01.a(CyFlash.o)
                                0x30d (size before relaxing)
 .debug_str     0x0000256d      0x11f .\ARM_GCC_541\Debug\CapSense_CSD_WithTuner01.a(CySpc.o)
                                0x30a (size before relaxing)

.debug_loc
 *(.debug_loc)

.debug_macinfo
 *(.debug_macinfo)

.debug_ranges   0x00000000      0x850
 *(.debug_ranges)
 .debug_ranges  0x00000000       0x10 .\ARM_GCC_541\Debug\main.o
 .debug_ranges  0x00000010       0x60 .\ARM_GCC_541\Debug\cyfitter_cfg.o
 .debug_ranges  0x00000070       0x38 .\ARM_GCC_541\Debug\Cm3Start.o
 .debug_ranges  0x000000a8       0x20 .\ARM_GCC_541\Debug\CapSense_CSD_WithTuner01.a(CapSense_CSD_TunerHelper.o)
 .debug_ranges  0x000000c8      0x290 .\ARM_GCC_541\Debug\CapSense_CSD_WithTuner01.a(CyLib.o)
 .debug_ranges  0x00000358       0x88 .\ARM_GCC_541\Debug\CapSense_CSD_WithTuner01.a(cyPm.o)
 .debug_ranges  0x000003e0       0x88 .\ARM_GCC_541\Debug\CapSense_CSD_WithTuner01.a(PWM_1.o)
 .debug_ranges  0x00000468       0x48 .\ARM_GCC_541\Debug\CapSense_CSD_WithTuner01.a(EzI2C.o)
 .debug_ranges  0x000004b0       0x28 .\ARM_GCC_541\Debug\CapSense_CSD_WithTuner01.a(EzI2C_PM.o)
 .debug_ranges  0x000004d8       0x10 .\ARM_GCC_541\Debug\CapSense_CSD_WithTuner01.a(EzI2C_INT.o)
 .debug_ranges  0x000004e8       0x98 .\ARM_GCC_541\Debug\CapSense_CSD_WithTuner01.a(CapSense_CSD.o)
 .debug_ranges  0x00000580       0x78 .\ARM_GCC_541\Debug\CapSense_CSD_WithTuner01.a(CapSense_CSD_CSHL.o)
 .debug_ranges  0x000005f8       0x10 .\ARM_GCC_541\Debug\CapSense_CSD_WithTuner01.a(CapSense_CSD_INT.o)
 .debug_ranges  0x00000608       0x28 .\ARM_GCC_541\Debug\CapSense_CSD_WithTuner01.a(CapSense_CSD_MBX.o)
 .debug_ranges  0x00000630       0x60 .\ARM_GCC_541\Debug\CapSense_CSD_WithTuner01.a(CapSense_CSD_CompCH0.o)
 .debug_ranges  0x00000690       0x50 .\ARM_GCC_541\Debug\CapSense_CSD_WithTuner01.a(CapSense_CSD_IdacCH0.o)
 .debug_ranges  0x000006e0       0x38 .\ARM_GCC_541\Debug\CapSense_CSD_WithTuner01.a(CapSense_CSD_AMuxCH0.o)
 .debug_ranges  0x00000718       0x60 .\ARM_GCC_541\Debug\CapSense_CSD_WithTuner01.a(CapSense_CSD_IntClock.o)
 .debug_ranges  0x00000778       0x70 .\ARM_GCC_541\Debug\CapSense_CSD_WithTuner01.a(CyFlash.o)
 .debug_ranges  0x000007e8       0x68 .\ARM_GCC_541\Debug\CapSense_CSD_WithTuner01.a(CySpc.o)

.comment        0x00000000       0x6e
 .comment       0x00000000       0x6e .\ARM_GCC_541\Debug\main.o
                                 0x6f (size before relaxing)
 .comment       0x0000006e       0x6f .\ARM_GCC_541\Debug\cyfitter_cfg.o
 .comment       0x0000006e       0x6f .\ARM_GCC_541\Debug\cymetadata.o
 .comment       0x0000006e       0x6f .\ARM_GCC_541\Debug\Cm3Start.o
 .comment       0x0000006e       0x6f .\ARM_GCC_541\Debug\CapSense_CSD_WithTuner01.a(CapSense_CSD_TunerHelper.o)
 .comment       0x0000006e       0x6f .\ARM_GCC_541\Debug\CapSense_CSD_WithTuner01.a(CyLib.o)
 .comment       0x0000006e       0x6f .\ARM_GCC_541\Debug\CapSense_CSD_WithTuner01.a(cyPm.o)
 .comment       0x0000006e       0x6f .\ARM_GCC_541\Debug\CapSense_CSD_WithTuner01.a(PWM_1.o)
 .comment       0x0000006e       0x6f .\ARM_GCC_541\Debug\CapSense_CSD_WithTuner01.a(EzI2C.o)
 .comment       0x0000006e       0x6f .\ARM_GCC_541\Debug\CapSense_CSD_WithTuner01.a(EzI2C_PM.o)
 .comment       0x0000006e       0x6f .\ARM_GCC_541\Debug\CapSense_CSD_WithTuner01.a(EzI2C_INT.o)
 .comment       0x0000006e       0x6f .\ARM_GCC_541\Debug\CapSense_CSD_WithTuner01.a(CapSense_CSD.o)
 .comment       0x0000006e       0x6f .\ARM_GCC_541\Debug\CapSense_CSD_WithTuner01.a(CapSense_CSD_CSHL.o)
 .comment       0x0000006e       0x6f .\ARM_GCC_541\Debug\CapSense_CSD_WithTuner01.a(CapSense_CSD_INT.o)
 .comment       0x0000006e       0x6f .\ARM_GCC_541\Debug\CapSense_CSD_WithTuner01.a(CapSense_CSD_MBX.o)
 .comment       0x0000006e       0x6f .\ARM_GCC_541\Debug\CapSense_CSD_WithTuner01.a(CapSense_CSD_CompCH0.o)
 .comment       0x0000006e       0x6f .\ARM_GCC_541\Debug\CapSense_CSD_WithTuner01.a(CapSense_CSD_IdacCH0.o)
 .comment       0x0000006e       0x6f .\ARM_GCC_541\Debug\CapSense_CSD_WithTuner01.a(CapSense_CSD_AMuxCH0.o)
 .comment       0x0000006e       0x6f .\ARM_GCC_541\Debug\CapSense_CSD_WithTuner01.a(CapSense_CSD_IntClock.o)
 .comment       0x0000006e       0x6f .\ARM_GCC_541\Debug\CapSense_CSD_WithTuner01.a(CyFlash.o)
 .comment       0x0000006e       0x6f .\ARM_GCC_541\Debug\CapSense_CSD_WithTuner01.a(CySpc.o)

.debug_weaknames
 *(.debug_weaknames)

.debug_funcnames
 *(.debug_funcnames)

.debug_typenames
 *(.debug_typenames)

.debug_varnames
 *(.debug_varnames)

.note.gnu.arm.ident
 *(.note.gnu.arm.ident)

.ARM.attributes
                0x00000000       0x29
 *(.ARM.attributes)
 .ARM.attributes
                0x00000000       0x1d c:/program files (x86)/cypress/psoc creator/4.2/psoc creator/import/gnu/arm/5.4.1/bin/../lib/gcc/arm-none-eabi/5.4.1/armv7-m/crti.o
 .ARM.attributes
                0x0000001d       0x2d c:/program files (x86)/cypress/psoc creator/4.2/psoc creator/import/gnu/arm/5.4.1/bin/../lib/gcc/arm-none-eabi/5.4.1/armv7-m/crtbegin.o
 .ARM.attributes
                0x0000004a       0x1b c:/program files (x86)/cypress/psoc creator/4.2/psoc creator/import/gnu/arm/5.4.1/bin/../lib/gcc/arm-none-eabi/5.4.1/../../../../arm-none-eabi/lib/armv7-m/crt0.o
 .ARM.attributes
                0x00000065       0x33 .\ARM_GCC_541\Debug\main.o
 .ARM.attributes
                0x00000098       0x33 .\ARM_GCC_541\Debug\cyfitter_cfg.o
 .ARM.attributes
                0x000000cb       0x33 .\ARM_GCC_541\Debug\cymetadata.o
 .ARM.attributes
                0x000000fe       0x33 .\ARM_GCC_541\Debug\Cm3Start.o
 .ARM.attributes
                0x00000131       0x33 .\ARM_GCC_541\Debug\CapSense_CSD_WithTuner01.a(CapSense_CSD_TunerHelper.o)
 .ARM.attributes
                0x00000164       0x33 .\ARM_GCC_541\Debug\CapSense_CSD_WithTuner01.a(CyLib.o)
 .ARM.attributes
                0x00000197       0x33 .\ARM_GCC_541\Debug\CapSense_CSD_WithTuner01.a(cyPm.o)
 .ARM.attributes
                0x000001ca       0x33 .\ARM_GCC_541\Debug\CapSense_CSD_WithTuner01.a(PWM_1.o)
 .ARM.attributes
                0x000001fd       0x21 .\ARM_GCC_541\Debug\CapSense_CSD_WithTuner01.a(CyBootAsmGnu.o)
 .ARM.attributes
                0x0000021e       0x33 .\ARM_GCC_541\Debug\CapSense_CSD_WithTuner01.a(EzI2C.o)
 .ARM.attributes
                0x00000251       0x33 .\ARM_GCC_541\Debug\CapSense_CSD_WithTuner01.a(EzI2C_PM.o)
 .ARM.attributes
                0x00000284       0x33 .\ARM_GCC_541\Debug\CapSense_CSD_WithTuner01.a(EzI2C_INT.o)
 .ARM.attributes
                0x000002b7       0x33 .\ARM_GCC_541\Debug\CapSense_CSD_WithTuner01.a(CapSense_CSD.o)
 .ARM.attributes
                0x000002ea       0x33 .\ARM_GCC_541\Debug\CapSense_CSD_WithTuner01.a(CapSense_CSD_CSHL.o)
 .ARM.attributes
                0x0000031d       0x33 .\ARM_GCC_541\Debug\CapSense_CSD_WithTuner01.a(CapSense_CSD_INT.o)
 .ARM.attributes
                0x00000350       0x33 .\ARM_GCC_541\Debug\CapSense_CSD_WithTuner01.a(CapSense_CSD_MBX.o)
 .ARM.attributes
                0x00000383       0x33 .\ARM_GCC_541\Debug\CapSense_CSD_WithTuner01.a(CapSense_CSD_CompCH0.o)
 .ARM.attributes
                0x000003b6       0x33 .\ARM_GCC_541\Debug\CapSense_CSD_WithTuner01.a(CapSense_CSD_IdacCH0.o)
 .ARM.attributes
                0x000003e9       0x33 .\ARM_GCC_541\Debug\CapSense_CSD_WithTuner01.a(CapSense_CSD_AMuxCH0.o)
 .ARM.attributes
                0x0000041c       0x33 .\ARM_GCC_541\Debug\CapSense_CSD_WithTuner01.a(CapSense_CSD_IntClock.o)
 .ARM.attributes
                0x0000044f       0x33 .\ARM_GCC_541\Debug\CapSense_CSD_WithTuner01.a(CyFlash.o)
 .ARM.attributes
                0x00000482       0x33 .\ARM_GCC_541\Debug\CapSense_CSD_WithTuner01.a(CySpc.o)
 .ARM.attributes
                0x000004b5       0x2d c:/program files (x86)/cypress/psoc creator/4.2/psoc creator/import/gnu/arm/5.4.1/bin/../lib/gcc/arm-none-eabi/5.4.1/../../../../arm-none-eabi/lib/armv7-m\libg_nano.a(lib_a-errno.o)
 .ARM.attributes
                0x000004e2       0x2d c:/program files (x86)/cypress/psoc creator/4.2/psoc creator/import/gnu/arm/5.4.1/bin/../lib/gcc/arm-none-eabi/5.4.1/../../../../arm-none-eabi/lib/armv7-m\libg_nano.a(lib_a-exit.o)
 .ARM.attributes
                0x0000050f       0x2d c:/program files (x86)/cypress/psoc creator/4.2/psoc creator/import/gnu/arm/5.4.1/bin/../lib/gcc/arm-none-eabi/5.4.1/../../../../arm-none-eabi/lib/armv7-m\libg_nano.a(lib_a-impure.o)
 .ARM.attributes
                0x0000053c       0x2d c:/program files (x86)/cypress/psoc creator/4.2/psoc creator/import/gnu/arm/5.4.1/bin/../lib/gcc/arm-none-eabi/5.4.1/../../../../arm-none-eabi/lib/armv7-m\libg_nano.a(lib_a-init.o)
 .ARM.attributes
                0x00000569       0x2d c:/program files (x86)/cypress/psoc creator/4.2/psoc creator/import/gnu/arm/5.4.1/bin/../lib/gcc/arm-none-eabi/5.4.1/../../../../arm-none-eabi/lib/armv7-m\libg_nano.a(lib_a-memcpy-stub.o)
 .ARM.attributes
                0x00000596       0x2d c:/program files (x86)/cypress/psoc creator/4.2/psoc creator/import/gnu/arm/5.4.1/bin/../lib/gcc/arm-none-eabi/5.4.1/../../../../arm-none-eabi/lib/armv7-m\libg_nano.a(lib_a-memset.o)
 .ARM.attributes
                0x000005c3       0x2d c:/program files (x86)/cypress/psoc creator/4.2/psoc creator/import/gnu/arm/5.4.1/bin/../lib/gcc/arm-none-eabi/5.4.1/armv7-m/crtend.o
 .ARM.attributes
                0x000005f0       0x1d c:/program files (x86)/cypress/psoc creator/4.2/psoc creator/import/gnu/arm/5.4.1/bin/../lib/gcc/arm-none-eabi/5.4.1/armv7-m/crtn.o

/DISCARD/
 *(.note.GNU-stack)
OUTPUT(H:\P4P\New\P4P_Project-130\Capsense_stuff\Cap_Sense.cydsn\CapSense_CSD_WithTuner01.cydsn\ARM_GCC_541\Debug\CapSense_CSD_WithTuner01.elf elf32-littlearm)
