ARM GAS  C:\Users\ash750\AppData\Local\Temp\ccc3xuz1.s 			page 1


   1              		.syntax unified
   2              		.cpu cortex-m3
   3              		.fpu softvfp
   4              		.eabi_attribute 20, 1
   5              		.eabi_attribute 21, 1
   6              		.eabi_attribute 23, 3
   7              		.eabi_attribute 24, 1
   8              		.eabi_attribute 25, 1
   9              		.eabi_attribute 26, 1
  10              		.eabi_attribute 30, 6
  11              		.eabi_attribute 34, 1
  12              		.eabi_attribute 18, 4
  13              		.thumb
  14              		.syntax unified
  15              		.file	"CapSense_CSD_MBX.c"
  16              		.text
  17              	.Ltext0:
  18              		.cfi_sections	.debug_frame
  19              		.section	.text.CapSense_CSD_InitParams,"ax",%progbits
  20              		.align	2
  21              		.thumb
  22              		.thumb_func
  23              		.type	CapSense_CSD_InitParams, %function
  24              	CapSense_CSD_InitParams:
  25              	.LFB0:
  26              		.file 1 "Generated_Source\\PSoC5\\CapSense_CSD_MBX.c"
   1:Generated_Source\PSoC5/CapSense_CSD_MBX.c **** /*******************************************************************************
   2:Generated_Source\PSoC5/CapSense_CSD_MBX.c **** * File Name: CapSense_CSD_MBX.c
   3:Generated_Source\PSoC5/CapSense_CSD_MBX.c **** * Version 3.50
   4:Generated_Source\PSoC5/CapSense_CSD_MBX.c **** *
   5:Generated_Source\PSoC5/CapSense_CSD_MBX.c **** * Description:
   6:Generated_Source\PSoC5/CapSense_CSD_MBX.c **** *  This file provides the source code of Tuner communication APIs for the 
   7:Generated_Source\PSoC5/CapSense_CSD_MBX.c **** *  CapSense CSD component.
   8:Generated_Source\PSoC5/CapSense_CSD_MBX.c **** *
   9:Generated_Source\PSoC5/CapSense_CSD_MBX.c **** * Note:
  10:Generated_Source\PSoC5/CapSense_CSD_MBX.c **** *
  11:Generated_Source\PSoC5/CapSense_CSD_MBX.c **** ********************************************************************************
  12:Generated_Source\PSoC5/CapSense_CSD_MBX.c **** * Copyright 2008-2013, Cypress Semiconductor Corporation.  All rights reserved.
  13:Generated_Source\PSoC5/CapSense_CSD_MBX.c **** * You may use this file only in accordance with the license, terms, conditions,
  14:Generated_Source\PSoC5/CapSense_CSD_MBX.c **** * disclaimers, and limitations in the end user license agreement accompanying
  15:Generated_Source\PSoC5/CapSense_CSD_MBX.c **** * the software package with which this file was provided.
  16:Generated_Source\PSoC5/CapSense_CSD_MBX.c **** *******************************************************************************/
  17:Generated_Source\PSoC5/CapSense_CSD_MBX.c **** 
  18:Generated_Source\PSoC5/CapSense_CSD_MBX.c **** #include "CapSense_CSD_MBX.h"
  19:Generated_Source\PSoC5/CapSense_CSD_MBX.c **** 
  20:Generated_Source\PSoC5/CapSense_CSD_MBX.c **** #if (CapSense_CSD_TUNING_METHOD == CapSense_CSD_MANUAL_TUNING)
  21:Generated_Source\PSoC5/CapSense_CSD_MBX.c ****     
  22:Generated_Source\PSoC5/CapSense_CSD_MBX.c **** CapSense_CSD_NO_STRICT_VOLATILE static void CapSense_CSD_InitParams(volatile const CapSense_CSD_INB
  23:Generated_Source\PSoC5/CapSense_CSD_MBX.c ****                                         ;
  24:Generated_Source\PSoC5/CapSense_CSD_MBX.c ****     
  25:Generated_Source\PSoC5/CapSense_CSD_MBX.c ****                                         
  26:Generated_Source\PSoC5/CapSense_CSD_MBX.c ****     /*******************************************************************************
  27:Generated_Source\PSoC5/CapSense_CSD_MBX.c ****     * Function Name: CapSense_CSD_InitParams
  28:Generated_Source\PSoC5/CapSense_CSD_MBX.c ****     ********************************************************************************
  29:Generated_Source\PSoC5/CapSense_CSD_MBX.c ****     *
  30:Generated_Source\PSoC5/CapSense_CSD_MBX.c ****     * Summary:
  31:Generated_Source\PSoC5/CapSense_CSD_MBX.c ****     *  Configures component parameters to match the parameters in the inbox.
ARM GAS  C:\Users\ash750\AppData\Local\Temp\ccc3xuz1.s 			page 2


  32:Generated_Source\PSoC5/CapSense_CSD_MBX.c ****     *  Used only in manual tuning mode to apply new scanning parameters from Tuner 
  33:Generated_Source\PSoC5/CapSense_CSD_MBX.c ****     *  GUI.
  34:Generated_Source\PSoC5/CapSense_CSD_MBX.c ****     *
  35:Generated_Source\PSoC5/CapSense_CSD_MBX.c ****     * Parameters:
  36:Generated_Source\PSoC5/CapSense_CSD_MBX.c ****     *  inbox:  Pointer to Inbox structure in RAM.
  37:Generated_Source\PSoC5/CapSense_CSD_MBX.c ****     *
  38:Generated_Source\PSoC5/CapSense_CSD_MBX.c ****     * Return:
  39:Generated_Source\PSoC5/CapSense_CSD_MBX.c ****     *  None. Contents of the structure are not modified.
  40:Generated_Source\PSoC5/CapSense_CSD_MBX.c ****     * 
  41:Generated_Source\PSoC5/CapSense_CSD_MBX.c ****     * Side Effects: 
  42:Generated_Source\PSoC5/CapSense_CSD_MBX.c ****     *  Resets baseline values.
  43:Generated_Source\PSoC5/CapSense_CSD_MBX.c ****     *
  44:Generated_Source\PSoC5/CapSense_CSD_MBX.c ****     * Global Variables:
  45:Generated_Source\PSoC5/CapSense_CSD_MBX.c ****     *  CapSense_CSD_idacSettings[] - used to store idac value for all sensors.
  46:Generated_Source\PSoC5/CapSense_CSD_MBX.c ****     *  CapSense_CSD_fingerThreshold[] - used to store finger threshold for all 
  47:Generated_Source\PSoC5/CapSense_CSD_MBX.c ****     *  widgets.
  48:Generated_Source\PSoC5/CapSense_CSD_MBX.c ****     *  CapSense_CSD_noiseThreshold[] - used to sotre noise threshold for all 
  49:Generated_Source\PSoC5/CapSense_CSD_MBX.c ****     *  widgets.
  50:Generated_Source\PSoC5/CapSense_CSD_MBX.c ****     *  CapSense_CSD_hysteresis[] - used to store finger threshold for all 
  51:Generated_Source\PSoC5/CapSense_CSD_MBX.c ****     *  widgets.
  52:Generated_Source\PSoC5/CapSense_CSD_MBX.c ****     *  CapSense_CSD_debounce[] - used to store finger threshold for all 
  53:Generated_Source\PSoC5/CapSense_CSD_MBX.c ****     *  widgets.
  54:Generated_Source\PSoC5/CapSense_CSD_MBX.c ****     *  CapSense_CSD_INBOX inbox - structure which is used as input buffer
  55:Generated_Source\PSoC5/CapSense_CSD_MBX.c ****     *  for parameters from Tuner GUI. Only used in manual tuning mode.
  56:Generated_Source\PSoC5/CapSense_CSD_MBX.c ****     *
  57:Generated_Source\PSoC5/CapSense_CSD_MBX.c ****     * Reentrant:
  58:Generated_Source\PSoC5/CapSense_CSD_MBX.c ****     *  No
  59:Generated_Source\PSoC5/CapSense_CSD_MBX.c ****     *
  60:Generated_Source\PSoC5/CapSense_CSD_MBX.c ****     *******************************************************************************/
  61:Generated_Source\PSoC5/CapSense_CSD_MBX.c ****     static void CapSense_CSD_InitParams(volatile const CapSense_CSD_INBOX *inbox)
  62:Generated_Source\PSoC5/CapSense_CSD_MBX.c **** 	                                        
  63:Generated_Source\PSoC5/CapSense_CSD_MBX.c ****     {
  27              		.loc 1 63 0
  28              		.cfi_startproc
  29              		@ args = 0, pretend = 0, frame = 16
  30              		@ frame_needed = 1, uses_anonymous_args = 0
  31 0000 80B5     		push	{r7, lr}
  32              		.cfi_def_cfa_offset 8
  33              		.cfi_offset 7, -8
  34              		.cfi_offset 14, -4
  35 0002 84B0     		sub	sp, sp, #16
  36              		.cfi_def_cfa_offset 24
  37 0004 00AF     		add	r7, sp, #0
  38              		.cfi_def_cfa_register 7
  39 0006 7860     		str	r0, [r7, #4]
  64:Generated_Source\PSoC5/CapSense_CSD_MBX.c ****         /* Define widget sensor belongs to */
  65:Generated_Source\PSoC5/CapSense_CSD_MBX.c ****         uint8 sensor = inbox->sensorIndex;
  40              		.loc 1 65 0
  41 0008 7B68     		ldr	r3, [r7, #4]
  42 000a 1B78     		ldrb	r3, [r3]
  43 000c FB73     		strb	r3, [r7, #15]
  66:Generated_Source\PSoC5/CapSense_CSD_MBX.c ****         uint8 widget = CapSense_CSD_widgetNumber[sensor];
  44              		.loc 1 66 0
  45 000e FB7B     		ldrb	r3, [r7, #15]	@ zero_extendqisi2
  46 0010 314A     		ldr	r2, .L2
  47 0012 D35C     		ldrb	r3, [r2, r3]
  48 0014 BB73     		strb	r3, [r7, #14]
ARM GAS  C:\Users\ash750\AppData\Local\Temp\ccc3xuz1.s 			page 3


  67:Generated_Source\PSoC5/CapSense_CSD_MBX.c ****         uint16 tmpValue;
  68:Generated_Source\PSoC5/CapSense_CSD_MBX.c ****         
  69:Generated_Source\PSoC5/CapSense_CSD_MBX.c ****         /* Scanning parameters */
  70:Generated_Source\PSoC5/CapSense_CSD_MBX.c ****         #if (CapSense_CSD_CURRENT_SOURCE)
  71:Generated_Source\PSoC5/CapSense_CSD_MBX.c ****             CapSense_CSD_idacSettings[sensor] = inbox->idacSettings;
  49              		.loc 1 71 0
  50 0016 FB7B     		ldrb	r3, [r7, #15]	@ zero_extendqisi2
  51 0018 7A68     		ldr	r2, [r7, #4]
  52 001a 5278     		ldrb	r2, [r2, #1]
  53 001c D1B2     		uxtb	r1, r2
  54 001e 2F4A     		ldr	r2, .L2+4
  55 0020 D154     		strb	r1, [r2, r3]
  72:Generated_Source\PSoC5/CapSense_CSD_MBX.c ****         #endif /* CapSense_CSD_CURRENT_SOURCE */   
  73:Generated_Source\PSoC5/CapSense_CSD_MBX.c ****         CapSense_CSD_widgetResolution[widget] = inbox->resolution;
  56              		.loc 1 73 0
  57 0022 BB7B     		ldrb	r3, [r7, #14]	@ zero_extendqisi2
  58 0024 7A68     		ldr	r2, [r7, #4]
  59 0026 9278     		ldrb	r2, [r2, #2]
  60 0028 D1B2     		uxtb	r1, r2
  61 002a 2D4A     		ldr	r2, .L2+8
  62 002c D154     		strb	r1, [r2, r3]
  74:Generated_Source\PSoC5/CapSense_CSD_MBX.c ****     
  75:Generated_Source\PSoC5/CapSense_CSD_MBX.c ****         #if (CapSense_CSD_TOTAL_GENERICS_COUNT)
  76:Generated_Source\PSoC5/CapSense_CSD_MBX.c ****             /* Exclude generic wiget */
  77:Generated_Source\PSoC5/CapSense_CSD_MBX.c ****             if(widget < CapSense_CSD_END_OF_WIDGETS_INDEX)
  78:Generated_Source\PSoC5/CapSense_CSD_MBX.c ****             {
  79:Generated_Source\PSoC5/CapSense_CSD_MBX.c ****         #endif  /* CapSense_CSD_TOTAL_GENERICS_COUNT */
  80:Generated_Source\PSoC5/CapSense_CSD_MBX.c ****         
  81:Generated_Source\PSoC5/CapSense_CSD_MBX.c ****             /* High level parameters */
  82:Generated_Source\PSoC5/CapSense_CSD_MBX.c ****             tmpValue = inbox->fingerThreshold;
  63              		.loc 1 82 0
  64 002e 7B68     		ldr	r3, [r7, #4]
  65 0030 DA78     		ldrb	r2, [r3, #3]
  66 0032 D2B2     		uxtb	r2, r2
  67 0034 1B79     		ldrb	r3, [r3, #4]
  68 0036 DBB2     		uxtb	r3, r3
  69 0038 1B02     		lsls	r3, r3, #8
  70 003a 1343     		orrs	r3, r3, r2
  71 003c BB81     		strh	r3, [r7, #12]	@ movhi
  83:Generated_Source\PSoC5/CapSense_CSD_MBX.c ****             CapSense_CSD_fingerThreshold[widget] = CapSense_CSD_SWAP_ENDIAN16(tmpValue);
  72              		.loc 1 83 0
  73 003e BB7B     		ldrb	r3, [r7, #14]	@ zero_extendqisi2
  74 0040 BA89     		ldrh	r2, [r7, #12]
  75 0042 1202     		lsls	r2, r2, #8
  76 0044 11B2     		sxth	r1, r2
  77 0046 BA89     		ldrh	r2, [r7, #12]
  78 0048 120A     		lsrs	r2, r2, #8
  79 004a 92B2     		uxth	r2, r2
  80 004c 12B2     		sxth	r2, r2
  81 004e 0A43     		orrs	r2, r2, r1
  82 0050 12B2     		sxth	r2, r2
  83 0052 91B2     		uxth	r1, r2
  84 0054 234A     		ldr	r2, .L2+12
  85 0056 22F81310 		strh	r1, [r2, r3, lsl #1]	@ movhi
  84:Generated_Source\PSoC5/CapSense_CSD_MBX.c ****             tmpValue = inbox->noiseThreshold;
  86              		.loc 1 84 0
  87 005a 7B68     		ldr	r3, [r7, #4]
ARM GAS  C:\Users\ash750\AppData\Local\Temp\ccc3xuz1.s 			page 4


  88 005c 5A79     		ldrb	r2, [r3, #5]
  89 005e D2B2     		uxtb	r2, r2
  90 0060 9B79     		ldrb	r3, [r3, #6]
  91 0062 DBB2     		uxtb	r3, r3
  92 0064 1B02     		lsls	r3, r3, #8
  93 0066 1343     		orrs	r3, r3, r2
  94 0068 BB81     		strh	r3, [r7, #12]	@ movhi
  85:Generated_Source\PSoC5/CapSense_CSD_MBX.c ****             CapSense_CSD_noiseThreshold[widget]  = CapSense_CSD_SWAP_ENDIAN16(tmpValue);
  95              		.loc 1 85 0
  96 006a BB7B     		ldrb	r3, [r7, #14]	@ zero_extendqisi2
  97 006c BA89     		ldrh	r2, [r7, #12]
  98 006e 1202     		lsls	r2, r2, #8
  99 0070 11B2     		sxth	r1, r2
 100 0072 BA89     		ldrh	r2, [r7, #12]
 101 0074 120A     		lsrs	r2, r2, #8
 102 0076 92B2     		uxth	r2, r2
 103 0078 12B2     		sxth	r2, r2
 104 007a 0A43     		orrs	r2, r2, r1
 105 007c 12B2     		sxth	r2, r2
 106 007e 91B2     		uxth	r1, r2
 107 0080 194A     		ldr	r2, .L2+16
 108 0082 22F81310 		strh	r1, [r2, r3, lsl #1]	@ movhi
  86:Generated_Source\PSoC5/CapSense_CSD_MBX.c ****             
  87:Generated_Source\PSoC5/CapSense_CSD_MBX.c ****             tmpValue = inbox->hysteresis;
 109              		.loc 1 87 0
 110 0086 7B68     		ldr	r3, [r7, #4]
 111 0088 DA79     		ldrb	r2, [r3, #7]
 112 008a D2B2     		uxtb	r2, r2
 113 008c 1B7A     		ldrb	r3, [r3, #8]
 114 008e DBB2     		uxtb	r3, r3
 115 0090 1B02     		lsls	r3, r3, #8
 116 0092 1343     		orrs	r3, r3, r2
 117 0094 BB81     		strh	r3, [r7, #12]	@ movhi
  88:Generated_Source\PSoC5/CapSense_CSD_MBX.c ****             CapSense_CSD_hysteresis[widget] = CapSense_CSD_SWAP_ENDIAN16(tmpValue);
 118              		.loc 1 88 0
 119 0096 BB7B     		ldrb	r3, [r7, #14]	@ zero_extendqisi2
 120 0098 BA89     		ldrh	r2, [r7, #12]
 121 009a 1202     		lsls	r2, r2, #8
 122 009c 11B2     		sxth	r1, r2
 123 009e BA89     		ldrh	r2, [r7, #12]
 124 00a0 120A     		lsrs	r2, r2, #8
 125 00a2 92B2     		uxth	r2, r2
 126 00a4 12B2     		sxth	r2, r2
 127 00a6 0A43     		orrs	r2, r2, r1
 128 00a8 12B2     		sxth	r2, r2
 129 00aa 91B2     		uxth	r1, r2
 130 00ac 0F4A     		ldr	r2, .L2+20
 131 00ae 22F81310 		strh	r1, [r2, r3, lsl #1]	@ movhi
  89:Generated_Source\PSoC5/CapSense_CSD_MBX.c ****             CapSense_CSD_debounce[widget]   = inbox->debounce;
 132              		.loc 1 89 0
 133 00b2 BB7B     		ldrb	r3, [r7, #14]	@ zero_extendqisi2
 134 00b4 7A68     		ldr	r2, [r7, #4]
 135 00b6 527A     		ldrb	r2, [r2, #9]
 136 00b8 D1B2     		uxtb	r1, r2
 137 00ba 0D4A     		ldr	r2, .L2+24
 138 00bc D154     		strb	r1, [r2, r3]
  90:Generated_Source\PSoC5/CapSense_CSD_MBX.c ****         
ARM GAS  C:\Users\ash750\AppData\Local\Temp\ccc3xuz1.s 			page 5


  91:Generated_Source\PSoC5/CapSense_CSD_MBX.c ****         #if (CapSense_CSD_TOTAL_GENERICS_COUNT)
  92:Generated_Source\PSoC5/CapSense_CSD_MBX.c ****             /* Exclude generic wiget */
  93:Generated_Source\PSoC5/CapSense_CSD_MBX.c ****             }
  94:Generated_Source\PSoC5/CapSense_CSD_MBX.c ****         #endif  /* CapSense_CSD_TOTAL_GENERICS_COUNT */
  95:Generated_Source\PSoC5/CapSense_CSD_MBX.c **** 
  96:Generated_Source\PSoC5/CapSense_CSD_MBX.c ****         #if ( CapSense_CSD_MULTIPLE_PRESCALER_ENABLED )
  97:Generated_Source\PSoC5/CapSense_CSD_MBX.c ****             #if (CapSense_CSD_DESIGN_TYPE == CapSense_CSD_TWO_CHANNELS_DESIGN)
  98:Generated_Source\PSoC5/CapSense_CSD_MBX.c ****                 if( sensor > CapSense_CSD_TOTAL_SENSOR_COUNT__CH0 && \
  99:Generated_Source\PSoC5/CapSense_CSD_MBX.c ****                     sensor < CapSense_CSD_TOTAL_SENSOR_COUNT__CH1 )
 100:Generated_Source\PSoC5/CapSense_CSD_MBX.c ****                 {
 101:Generated_Source\PSoC5/CapSense_CSD_MBX.c ****                     sensor = sensor - CapSense_CSD_TOTAL_SENSOR_COUNT__CH0;
 102:Generated_Source\PSoC5/CapSense_CSD_MBX.c ****                 }
 103:Generated_Source\PSoC5/CapSense_CSD_MBX.c ****             #endif /* (CapSense_CSD_DESIGN_TYPE == CapSense_CSD_TWO_CHANNELS_DESIGN) */
 104:Generated_Source\PSoC5/CapSense_CSD_MBX.c ****             CapSense_CSD_analogSwitchDivider[sensor] = inbox->analogSwitchDivider;
 139              		.loc 1 104 0
 140 00be FB7B     		ldrb	r3, [r7, #15]	@ zero_extendqisi2
 141 00c0 7A68     		ldr	r2, [r7, #4]
 142 00c2 927A     		ldrb	r2, [r2, #10]
 143 00c4 D1B2     		uxtb	r1, r2
 144 00c6 0B4A     		ldr	r2, .L2+28
 145 00c8 D154     		strb	r1, [r2, r3]
 105:Generated_Source\PSoC5/CapSense_CSD_MBX.c ****         #else
 106:Generated_Source\PSoC5/CapSense_CSD_MBX.c ****             CapSense_CSD_analogSwitchDivider = inbox->analogSwitchDivider;
 107:Generated_Source\PSoC5/CapSense_CSD_MBX.c ****         #endif /* ( CapSense_CSD_MULTIPLE_PRESCALER_ENABLED ) */
 108:Generated_Source\PSoC5/CapSense_CSD_MBX.c **** 
 109:Generated_Source\PSoC5/CapSense_CSD_MBX.c ****         /* Re-Init baselines */
 110:Generated_Source\PSoC5/CapSense_CSD_MBX.c ****         CapSense_CSD_InitializeAllBaselines();
 146              		.loc 1 110 0
 147 00ca FFF7FEFF 		bl	CapSense_CSD_InitializeAllBaselines
 111:Generated_Source\PSoC5/CapSense_CSD_MBX.c ****     }
 148              		.loc 1 111 0
 149 00ce 00BF     		nop
 150 00d0 1037     		adds	r7, r7, #16
 151              		.cfi_def_cfa_offset 8
 152 00d2 BD46     		mov	sp, r7
 153              		.cfi_def_cfa_register 13
 154              		@ sp needed
 155 00d4 80BD     		pop	{r7, pc}
 156              	.L3:
 157 00d6 00BF     		.align	2
 158              	.L2:
 159 00d8 00000000 		.word	CapSense_CSD_widgetNumber
 160 00dc 00000000 		.word	CapSense_CSD_idacSettings
 161 00e0 00000000 		.word	CapSense_CSD_widgetResolution
 162 00e4 00000000 		.word	CapSense_CSD_fingerThreshold
 163 00e8 00000000 		.word	CapSense_CSD_noiseThreshold
 164 00ec 00000000 		.word	CapSense_CSD_hysteresis
 165 00f0 00000000 		.word	CapSense_CSD_debounce
 166 00f4 00000000 		.word	CapSense_CSD_analogSwitchDivider
 167              		.cfi_endproc
 168              	.LFE0:
 169              		.size	CapSense_CSD_InitParams, .-CapSense_CSD_InitParams
 170              		.section	.text.CapSense_CSD_InitMailbox,"ax",%progbits
 171              		.align	2
 172              		.global	CapSense_CSD_InitMailbox
 173              		.thumb
 174              		.thumb_func
ARM GAS  C:\Users\ash750\AppData\Local\Temp\ccc3xuz1.s 			page 6


 175              		.type	CapSense_CSD_InitMailbox, %function
 176              	CapSense_CSD_InitMailbox:
 177              	.LFB1:
 112:Generated_Source\PSoC5/CapSense_CSD_MBX.c **** #endif  /* (CapSense_CSD_TUNING_METHOD == CapSense_CSD_MANUAL_TUNING) */
 113:Generated_Source\PSoC5/CapSense_CSD_MBX.c **** 
 114:Generated_Source\PSoC5/CapSense_CSD_MBX.c **** 
 115:Generated_Source\PSoC5/CapSense_CSD_MBX.c **** /*******************************************************************************
 116:Generated_Source\PSoC5/CapSense_CSD_MBX.c **** * Function Name: CapSense_CSD_InitMailbox
 117:Generated_Source\PSoC5/CapSense_CSD_MBX.c **** ********************************************************************************
 118:Generated_Source\PSoC5/CapSense_CSD_MBX.c **** *
 119:Generated_Source\PSoC5/CapSense_CSD_MBX.c **** * Summary:
 120:Generated_Source\PSoC5/CapSense_CSD_MBX.c **** *  Initialize parameters  of mailbox structure.
 121:Generated_Source\PSoC5/CapSense_CSD_MBX.c **** *  Sets type and size of mailbox structure. 
 122:Generated_Source\PSoC5/CapSense_CSD_MBX.c **** *  Sets check sum to check by Tuner GUI and noReadMsg flag to indicate that this 
 123:Generated_Source\PSoC5/CapSense_CSD_MBX.c **** *  is the first communication packet.
 124:Generated_Source\PSoC5/CapSense_CSD_MBX.c **** *
 125:Generated_Source\PSoC5/CapSense_CSD_MBX.c **** * Parameters:
 126:Generated_Source\PSoC5/CapSense_CSD_MBX.c **** *  mbx:  Pointer to Mailbox structure in RAM.
 127:Generated_Source\PSoC5/CapSense_CSD_MBX.c **** *
 128:Generated_Source\PSoC5/CapSense_CSD_MBX.c **** * Return:
 129:Generated_Source\PSoC5/CapSense_CSD_MBX.c **** *  None. Modifies the contents of mbx and mbx->outbox.
 130:Generated_Source\PSoC5/CapSense_CSD_MBX.c **** *
 131:Generated_Source\PSoC5/CapSense_CSD_MBX.c **** * Global Variables:
 132:Generated_Source\PSoC5/CapSense_CSD_MBX.c **** *  CapSense_CSD_MAILBOXES - structure which incorporates two fields: 
 133:Generated_Source\PSoC5/CapSense_CSD_MBX.c **** *    - numMailBoxes (number of mailboxes);
 134:Generated_Source\PSoC5/CapSense_CSD_MBX.c **** *    - CapSense_CSD_MAILBOX csdMailbox;
 135:Generated_Source\PSoC5/CapSense_CSD_MBX.c **** *  CapSense_CSD_MAILBOX - structure which incorporates status output and
 136:Generated_Source\PSoC5/CapSense_CSD_MBX.c **** *  input buffer fields and CapSense_CSD_OUTBOX and CapSense_CSD_INBOX.
 137:Generated_Source\PSoC5/CapSense_CSD_MBX.c **** *    - type (used as outbox read status of Tuner GUI);
 138:Generated_Source\PSoC5/CapSense_CSD_MBX.c **** *    - size (used as inbox apply status of component);
 139:Generated_Source\PSoC5/CapSense_CSD_MBX.c **** *    - CapSense_CSD_OUTBOX outbox - structure which is used as ouput 
 140:Generated_Source\PSoC5/CapSense_CSD_MBX.c **** *      buffer for report data to Tuner GUI.
 141:Generated_Source\PSoC5/CapSense_CSD_MBX.c **** *    - CapSense_CSD_INBOX inbox - structure which is used as input buffer
 142:Generated_Source\PSoC5/CapSense_CSD_MBX.c **** *      for paramters from Tuner GUI. Only used in manual tuning mode.
 143:Generated_Source\PSoC5/CapSense_CSD_MBX.c **** *
 144:Generated_Source\PSoC5/CapSense_CSD_MBX.c **** * Reentrant:
 145:Generated_Source\PSoC5/CapSense_CSD_MBX.c **** *  No
 146:Generated_Source\PSoC5/CapSense_CSD_MBX.c **** *
 147:Generated_Source\PSoC5/CapSense_CSD_MBX.c **** *******************************************************************************/
 148:Generated_Source\PSoC5/CapSense_CSD_MBX.c **** void CapSense_CSD_InitMailbox(volatile CapSense_CSD_MAILBOX *mbx)
 149:Generated_Source\PSoC5/CapSense_CSD_MBX.c ****                                   
 150:Generated_Source\PSoC5/CapSense_CSD_MBX.c **** {
 178              		.loc 1 150 0
 179              		.cfi_startproc
 180              		@ args = 0, pretend = 0, frame = 8
 181              		@ frame_needed = 1, uses_anonymous_args = 0
 182              		@ link register save eliminated.
 183 0000 80B4     		push	{r7}
 184              		.cfi_def_cfa_offset 4
 185              		.cfi_offset 7, -4
 186 0002 83B0     		sub	sp, sp, #12
 187              		.cfi_def_cfa_offset 16
 188 0004 00AF     		add	r7, sp, #0
 189              		.cfi_def_cfa_register 7
 190 0006 7860     		str	r0, [r7, #4]
 151:Generated_Source\PSoC5/CapSense_CSD_MBX.c ****     /* Restore TYPE_ID (clear busy flag) to indicate "action complete" */
 152:Generated_Source\PSoC5/CapSense_CSD_MBX.c ****     mbx->type = CapSense_CSD_TYPE_ID;
ARM GAS  C:\Users\ash750\AppData\Local\Temp\ccc3xuz1.s 			page 7


 191              		.loc 1 152 0
 192 0008 7B68     		ldr	r3, [r7, #4]
 193 000a 0422     		movs	r2, #4
 194 000c 1A70     		strb	r2, [r3]
 153:Generated_Source\PSoC5/CapSense_CSD_MBX.c ****     /* Restore default value - clear "have_msg" */
 154:Generated_Source\PSoC5/CapSense_CSD_MBX.c ****     mbx->size = CapSense_CSD_SWAP_ENDIAN16(sizeof(CapSense_CSD_MAILBOX));
 195              		.loc 1 154 0
 196 000e 7B68     		ldr	r3, [r7, #4]
 197 0010 5A78     		ldrb	r2, [r3, #1]
 198 0012 0022     		movs	r2, #0
 199 0014 5A70     		strb	r2, [r3, #1]
 200 0016 9A78     		ldrb	r2, [r3, #2]
 201 0018 0022     		movs	r2, #0
 202 001a 42F01E02 		orr	r2, r2, #30
 203 001e 9A70     		strb	r2, [r3, #2]
 155:Generated_Source\PSoC5/CapSense_CSD_MBX.c ****     
 156:Generated_Source\PSoC5/CapSense_CSD_MBX.c ****     /* Addtional fields for async and reset handling */
 157:Generated_Source\PSoC5/CapSense_CSD_MBX.c ****     #if(CapSense_CSD_TUNING_METHOD == CapSense_CSD_MANUAL_TUNING)
 158:Generated_Source\PSoC5/CapSense_CSD_MBX.c ****         mbx->outbox.noReadMsg = 1u;
 204              		.loc 1 158 0
 205 0020 7B68     		ldr	r3, [r7, #4]
 206 0022 0122     		movs	r2, #1
 207 0024 1A74     		strb	r2, [r3, #16]
 159:Generated_Source\PSoC5/CapSense_CSD_MBX.c ****     #endif  /* (CapSense_CSD_TUNING_METHOD == CapSense_CSD_MANUAL_TUNING) */
 160:Generated_Source\PSoC5/CapSense_CSD_MBX.c ****     
 161:Generated_Source\PSoC5/CapSense_CSD_MBX.c ****     mbx->outbox.checkSum = CapSense_CSD_SWAP_ENDIAN16(CapSense_CSD_CHECK_SUM);
 208              		.loc 1 161 0
 209 0026 7B68     		ldr	r3, [r7, #4]
 210 0028 5A7C     		ldrb	r2, [r3, #17]
 211 002a 0022     		movs	r2, #0
 212 002c 5A74     		strb	r2, [r3, #17]
 213 002e 9A7C     		ldrb	r2, [r3, #18]
 214 0030 0022     		movs	r2, #0
 215 0032 42F02B02 		orr	r2, r2, #43
 216 0036 9A74     		strb	r2, [r3, #18]
 162:Generated_Source\PSoC5/CapSense_CSD_MBX.c **** }
 217              		.loc 1 162 0
 218 0038 00BF     		nop
 219 003a 0C37     		adds	r7, r7, #12
 220              		.cfi_def_cfa_offset 4
 221 003c BD46     		mov	sp, r7
 222              		.cfi_def_cfa_register 13
 223              		@ sp needed
 224 003e 80BC     		pop	{r7}
 225              		.cfi_restore 7
 226              		.cfi_def_cfa_offset 0
 227 0040 7047     		bx	lr
 228              		.cfi_endproc
 229              	.LFE1:
 230              		.size	CapSense_CSD_InitMailbox, .-CapSense_CSD_InitMailbox
 231 0042 00BF     		.section	.text.CapSense_CSD_PostMessage,"ax",%progbits
 232              		.align	2
 233              		.global	CapSense_CSD_PostMessage
 234              		.thumb
 235              		.thumb_func
 236              		.type	CapSense_CSD_PostMessage, %function
 237              	CapSense_CSD_PostMessage:
ARM GAS  C:\Users\ash750\AppData\Local\Temp\ccc3xuz1.s 			page 8


 238              	.LFB2:
 163:Generated_Source\PSoC5/CapSense_CSD_MBX.c **** 
 164:Generated_Source\PSoC5/CapSense_CSD_MBX.c **** 
 165:Generated_Source\PSoC5/CapSense_CSD_MBX.c **** /*******************************************************************************
 166:Generated_Source\PSoC5/CapSense_CSD_MBX.c **** * Function Name:  CapSense_CSD_PostMessage
 167:Generated_Source\PSoC5/CapSense_CSD_MBX.c **** ********************************************************************************
 168:Generated_Source\PSoC5/CapSense_CSD_MBX.c **** *
 169:Generated_Source\PSoC5/CapSense_CSD_MBX.c **** * Summary:
 170:Generated_Source\PSoC5/CapSense_CSD_MBX.c **** *  This blocking function waits while Tuner GUI reports that content of mailbox 
 171:Generated_Source\PSoC5/CapSense_CSD_MBX.c **** *  could be modified (clears CapSense_CSD_BUSY_FLAG). Then loads the report 
 172:Generated_Source\PSoC5/CapSense_CSD_MBX.c **** *  data to outbox and sets the busy flag.
 173:Generated_Source\PSoC5/CapSense_CSD_MBX.c **** *  In manual tuning mode the report data:
 174:Generated_Source\PSoC5/CapSense_CSD_MBX.c **** *    - raw data, baseline, signal;
 175:Generated_Source\PSoC5/CapSense_CSD_MBX.c **** *  In auto tuning mode to report added data:
 176:Generated_Source\PSoC5/CapSense_CSD_MBX.c **** *    - fingerThreshold;
 177:Generated_Source\PSoC5/CapSense_CSD_MBX.c **** *    - noiseThreshold;
 178:Generated_Source\PSoC5/CapSense_CSD_MBX.c **** *    - scanResolution;
 179:Generated_Source\PSoC5/CapSense_CSD_MBX.c **** *    - idacValue;
 180:Generated_Source\PSoC5/CapSense_CSD_MBX.c **** *    - prescaler.
 181:Generated_Source\PSoC5/CapSense_CSD_MBX.c **** *
 182:Generated_Source\PSoC5/CapSense_CSD_MBX.c **** * Parameters:
 183:Generated_Source\PSoC5/CapSense_CSD_MBX.c **** *  mbx:  Pointer to Mailbox structure in RAM.
 184:Generated_Source\PSoC5/CapSense_CSD_MBX.c **** *
 185:Generated_Source\PSoC5/CapSense_CSD_MBX.c **** * Return:
 186:Generated_Source\PSoC5/CapSense_CSD_MBX.c **** *  None. Modifies the contents of mbx->outbox.
 187:Generated_Source\PSoC5/CapSense_CSD_MBX.c **** *
 188:Generated_Source\PSoC5/CapSense_CSD_MBX.c **** * Global Variables:
 189:Generated_Source\PSoC5/CapSense_CSD_MBX.c **** *  CapSense_CSD_MAILBOXES - structure which incorporates two fields: 
 190:Generated_Source\PSoC5/CapSense_CSD_MBX.c **** *    - numMailBoxes (number of mailboxes);
 191:Generated_Source\PSoC5/CapSense_CSD_MBX.c **** *    - CapSense_CSD_MAILBOX csdMailbox;
 192:Generated_Source\PSoC5/CapSense_CSD_MBX.c **** *  CapSense_CSD_MAILBOX - structure which incorporates status output and
 193:Generated_Source\PSoC5/CapSense_CSD_MBX.c **** *  input buffer fields and CapSense_CSD_OUTBOX and CapSense_CSD_INBOX.
 194:Generated_Source\PSoC5/CapSense_CSD_MBX.c **** *    - type (used as outbox read status of Tuner GUI);
 195:Generated_Source\PSoC5/CapSense_CSD_MBX.c **** *    - size (used as inbox apply status of component);
 196:Generated_Source\PSoC5/CapSense_CSD_MBX.c **** *    - CapSense_CSD_OUTBOX outbox - structure which is used as ouput 
 197:Generated_Source\PSoC5/CapSense_CSD_MBX.c **** *      buffer for report data to Tuner GUI.
 198:Generated_Source\PSoC5/CapSense_CSD_MBX.c **** *    - CapSense_CSD_INBOX inbox - structure which is used as input buffer
 199:Generated_Source\PSoC5/CapSense_CSD_MBX.c **** *      for parameters from Tuner GUI. Only used in manual tuning mode.
 200:Generated_Source\PSoC5/CapSense_CSD_MBX.c **** *  CapSense_CSD_lowLevelTuningDone - used to notify the Tuner GUI that 
 201:Generated_Source\PSoC5/CapSense_CSD_MBX.c **** *  tuning of scanning parameters are done. The scanning parameters in mailbox
 202:Generated_Source\PSoC5/CapSense_CSD_MBX.c **** *  will not be updated after clear it.
 203:Generated_Source\PSoC5/CapSense_CSD_MBX.c **** *
 204:Generated_Source\PSoC5/CapSense_CSD_MBX.c **** * Reentrant:
 205:Generated_Source\PSoC5/CapSense_CSD_MBX.c **** *  No
 206:Generated_Source\PSoC5/CapSense_CSD_MBX.c **** *
 207:Generated_Source\PSoC5/CapSense_CSD_MBX.c **** *******************************************************************************/
 208:Generated_Source\PSoC5/CapSense_CSD_MBX.c **** void CapSense_CSD_PostMessage(volatile CapSense_CSD_MAILBOX *mbx)
 209:Generated_Source\PSoC5/CapSense_CSD_MBX.c ****                                   
 210:Generated_Source\PSoC5/CapSense_CSD_MBX.c **** {
 239              		.loc 1 210 0
 240              		.cfi_startproc
 241              		@ args = 0, pretend = 0, frame = 16
 242              		@ frame_needed = 1, uses_anonymous_args = 0
 243              		@ link register save eliminated.
 244 0000 80B4     		push	{r7}
 245              		.cfi_def_cfa_offset 4
 246              		.cfi_offset 7, -4
ARM GAS  C:\Users\ash750\AppData\Local\Temp\ccc3xuz1.s 			page 9


 247 0002 85B0     		sub	sp, sp, #20
 248              		.cfi_def_cfa_offset 24
 249 0004 00AF     		add	r7, sp, #0
 250              		.cfi_def_cfa_register 7
 251 0006 7860     		str	r0, [r7, #4]
 211:Generated_Source\PSoC5/CapSense_CSD_MBX.c ****     uint8 i;
 212:Generated_Source\PSoC5/CapSense_CSD_MBX.c **** 
 213:Generated_Source\PSoC5/CapSense_CSD_MBX.c ****     /* Check busy flag */
 214:Generated_Source\PSoC5/CapSense_CSD_MBX.c ****     while (mbx->type != CapSense_CSD_TYPE_ID)
 252              		.loc 1 214 0
 253 0008 00BF     		nop
 254              	.L6:
 255              		.loc 1 214 0 is_stmt 0 discriminator 1
 256 000a 7B68     		ldr	r3, [r7, #4]
 257 000c 1B78     		ldrb	r3, [r3]
 258 000e DBB2     		uxtb	r3, r3
 259 0010 042B     		cmp	r3, #4
 260 0012 FAD1     		bne	.L6
 215:Generated_Source\PSoC5/CapSense_CSD_MBX.c ****     {
 216:Generated_Source\PSoC5/CapSense_CSD_MBX.c ****         /* Wait while busy flag is set */
 217:Generated_Source\PSoC5/CapSense_CSD_MBX.c ****     }
 218:Generated_Source\PSoC5/CapSense_CSD_MBX.c ****     
 219:Generated_Source\PSoC5/CapSense_CSD_MBX.c ****     /* Copy all data - Raw, Base, Signal, OnMask */
 220:Generated_Source\PSoC5/CapSense_CSD_MBX.c ****     for(i = 0u; i < CapSense_CSD_TOTAL_SENSOR_COUNT; i++)
 261              		.loc 1 220 0 is_stmt 1
 262 0014 0023     		movs	r3, #0
 263 0016 FB73     		strb	r3, [r7, #15]
 264 0018 48E0     		b	.L7
 265              	.L8:
 221:Generated_Source\PSoC5/CapSense_CSD_MBX.c ****     {
 222:Generated_Source\PSoC5/CapSense_CSD_MBX.c ****         mbx->outbox.rawData[i]  = CapSense_CSD_SWAP_ENDIAN16(CapSense_CSD_sensorRaw[i]);
 266              		.loc 1 222 0 discriminator 3
 267 001a FB7B     		ldrb	r3, [r7, #15]	@ zero_extendqisi2
 268 001c FA7B     		ldrb	r2, [r7, #15]	@ zero_extendqisi2
 269 001e 2949     		ldr	r1, .L9
 270 0020 31F81220 		ldrh	r2, [r1, r2, lsl #1]
 271 0024 1202     		lsls	r2, r2, #8
 272 0026 11B2     		sxth	r1, r2
 273 0028 FA7B     		ldrb	r2, [r7, #15]	@ zero_extendqisi2
 274 002a 2648     		ldr	r0, .L9
 275 002c 30F81220 		ldrh	r2, [r0, r2, lsl #1]
 276 0030 120A     		lsrs	r2, r2, #8
 277 0032 92B2     		uxth	r2, r2
 278 0034 12B2     		sxth	r2, r2
 279 0036 0A43     		orrs	r2, r2, r1
 280 0038 12B2     		sxth	r2, r2
 281 003a 91B2     		uxth	r1, r2
 282 003c 7A68     		ldr	r2, [r7, #4]
 283 003e 5B00     		lsls	r3, r3, #1
 284 0040 1344     		add	r3, r3, r2
 285 0042 0A46     		mov	r2, r1	@ movhi
 286 0044 A3F80320 		strh	r2, [r3, #3]	@ unaligned
 223:Generated_Source\PSoC5/CapSense_CSD_MBX.c ****         mbx->outbox.baseLine[i] = CapSense_CSD_SWAP_ENDIAN16(CapSense_CSD_sensorBaseline[i]);
 287              		.loc 1 223 0 discriminator 3
 288 0048 FB7B     		ldrb	r3, [r7, #15]	@ zero_extendqisi2
 289 004a FA7B     		ldrb	r2, [r7, #15]	@ zero_extendqisi2
 290 004c 1E49     		ldr	r1, .L9+4
ARM GAS  C:\Users\ash750\AppData\Local\Temp\ccc3xuz1.s 			page 10


 291 004e 31F81220 		ldrh	r2, [r1, r2, lsl #1]
 292 0052 1202     		lsls	r2, r2, #8
 293 0054 11B2     		sxth	r1, r2
 294 0056 FA7B     		ldrb	r2, [r7, #15]	@ zero_extendqisi2
 295 0058 1B48     		ldr	r0, .L9+4
 296 005a 30F81220 		ldrh	r2, [r0, r2, lsl #1]
 297 005e 120A     		lsrs	r2, r2, #8
 298 0060 92B2     		uxth	r2, r2
 299 0062 12B2     		sxth	r2, r2
 300 0064 0A43     		orrs	r2, r2, r1
 301 0066 12B2     		sxth	r2, r2
 302 0068 91B2     		uxth	r1, r2
 303 006a 7A68     		ldr	r2, [r7, #4]
 304 006c 5B00     		lsls	r3, r3, #1
 305 006e 1344     		add	r3, r3, r2
 306 0070 0A46     		mov	r2, r1	@ movhi
 307 0072 A3F80720 		strh	r2, [r3, #7]	@ unaligned
 224:Generated_Source\PSoC5/CapSense_CSD_MBX.c ****         #if (CapSense_CSD_SIGNAL_SIZE == CapSense_CSD_SIGNAL_SIZE_UINT8)
 225:Generated_Source\PSoC5/CapSense_CSD_MBX.c ****             mbx->outbox.signal[i]   = CapSense_CSD_sensorSignal[i];
 226:Generated_Source\PSoC5/CapSense_CSD_MBX.c ****         #else
 227:Generated_Source\PSoC5/CapSense_CSD_MBX.c ****             mbx->outbox.signal[i]   = CapSense_CSD_SWAP_ENDIAN16(CapSense_CSD_sensorSignal[i]);
 308              		.loc 1 227 0 discriminator 3
 309 0076 FB7B     		ldrb	r3, [r7, #15]	@ zero_extendqisi2
 310 0078 FA7B     		ldrb	r2, [r7, #15]	@ zero_extendqisi2
 311 007a 1449     		ldr	r1, .L9+8
 312 007c 31F81220 		ldrh	r2, [r1, r2, lsl #1]
 313 0080 1202     		lsls	r2, r2, #8
 314 0082 11B2     		sxth	r1, r2
 315 0084 FA7B     		ldrb	r2, [r7, #15]	@ zero_extendqisi2
 316 0086 1148     		ldr	r0, .L9+8
 317 0088 30F81220 		ldrh	r2, [r0, r2, lsl #1]
 318 008c 120A     		lsrs	r2, r2, #8
 319 008e 92B2     		uxth	r2, r2
 320 0090 12B2     		sxth	r2, r2
 321 0092 0A43     		orrs	r2, r2, r1
 322 0094 12B2     		sxth	r2, r2
 323 0096 91B2     		uxth	r1, r2
 324 0098 7A68     		ldr	r2, [r7, #4]
 325 009a 0433     		adds	r3, r3, #4
 326 009c 5B00     		lsls	r3, r3, #1
 327 009e 1344     		add	r3, r3, r2
 328 00a0 0A46     		mov	r2, r1	@ movhi
 329 00a2 A3F80320 		strh	r2, [r3, #3]	@ unaligned
 220:Generated_Source\PSoC5/CapSense_CSD_MBX.c ****     {
 330              		.loc 1 220 0 discriminator 3
 331 00a6 FB7B     		ldrb	r3, [r7, #15]	@ zero_extendqisi2
 332 00a8 0133     		adds	r3, r3, #1
 333 00aa FB73     		strb	r3, [r7, #15]
 334              	.L7:
 220:Generated_Source\PSoC5/CapSense_CSD_MBX.c ****     {
 335              		.loc 1 220 0 is_stmt 0 discriminator 1
 336 00ac FB7B     		ldrb	r3, [r7, #15]	@ zero_extendqisi2
 337 00ae 012B     		cmp	r3, #1
 338 00b0 B3D9     		bls	.L8
 228:Generated_Source\PSoC5/CapSense_CSD_MBX.c ****         #endif  /* (CapSense_CSD_SIGNAL_SIZE == CapSense_CSD_SIGNAL_SIZE_UINT8) */
 229:Generated_Source\PSoC5/CapSense_CSD_MBX.c ****     }
 230:Generated_Source\PSoC5/CapSense_CSD_MBX.c ****         
ARM GAS  C:\Users\ash750\AppData\Local\Temp\ccc3xuz1.s 			page 11


 231:Generated_Source\PSoC5/CapSense_CSD_MBX.c ****     /* AutoTuning - need to copy all High Level parameters */
 232:Generated_Source\PSoC5/CapSense_CSD_MBX.c ****     #if (CapSense_CSD_TUNING_METHOD == CapSense_CSD_AUTO_TUNING)
 233:Generated_Source\PSoC5/CapSense_CSD_MBX.c ****         
 234:Generated_Source\PSoC5/CapSense_CSD_MBX.c ****         /* Parameters are changed in run time */
 235:Generated_Source\PSoC5/CapSense_CSD_MBX.c ****         for(i = 0u; i < CapSense_CSD_WIDGET_CSHL_PARAMETERS_COUNT; i++)
 236:Generated_Source\PSoC5/CapSense_CSD_MBX.c ****         {
 237:Generated_Source\PSoC5/CapSense_CSD_MBX.c ****             #if (CapSense_CSD_SIGNAL_SIZE == CapSense_CSD_SIGNAL_SIZE_UINT8)
 238:Generated_Source\PSoC5/CapSense_CSD_MBX.c ****                 mbx->outbox.fingerThreshold[i] = CapSense_CSD_fingerThreshold[i];
 239:Generated_Source\PSoC5/CapSense_CSD_MBX.c ****                 mbx->outbox.noiseThreshold[i]  = CapSense_CSD_noiseThreshold[i];
 240:Generated_Source\PSoC5/CapSense_CSD_MBX.c ****             #else
 241:Generated_Source\PSoC5/CapSense_CSD_MBX.c ****                 mbx->outbox.fingerThreshold[i] = $INSTANCE_NAME`_SWAP_ENDIAN16(CapSense_CSD_fingerT
 242:Generated_Source\PSoC5/CapSense_CSD_MBX.c ****                 mbx->outbox.noiseThreshold[i]  = $INSTANCE_NAME`_SWAP_ENDIAN16(CapSense_CSD_noiseTh
 243:Generated_Source\PSoC5/CapSense_CSD_MBX.c ****             #endif /* (CapSense_CSD_SIGNAL_SIZE == CapSense_CSD_SIGNAL_SIZE_UINT8) */
 244:Generated_Source\PSoC5/CapSense_CSD_MBX.c ****         }
 245:Generated_Source\PSoC5/CapSense_CSD_MBX.c ****         
 246:Generated_Source\PSoC5/CapSense_CSD_MBX.c ****         /* Widget resolution, take to account TP and MB */
 247:Generated_Source\PSoC5/CapSense_CSD_MBX.c ****         for(i=0u; i < CapSense_CSD_WIDGET_RESOLUTION_PARAMETERS_COUNT; i++)
 248:Generated_Source\PSoC5/CapSense_CSD_MBX.c ****         {
 249:Generated_Source\PSoC5/CapSense_CSD_MBX.c ****             mbx->outbox.scanResolution[i]  = CapSense_CSD_widgetResolution[i];
 250:Generated_Source\PSoC5/CapSense_CSD_MBX.c ****         }
 251:Generated_Source\PSoC5/CapSense_CSD_MBX.c **** 
 252:Generated_Source\PSoC5/CapSense_CSD_MBX.c ****         /* Copy tuned idac values */
 253:Generated_Source\PSoC5/CapSense_CSD_MBX.c ****         for(i=0u; i < CapSense_CSD_TOTAL_SENSOR_COUNT; i++)
 254:Generated_Source\PSoC5/CapSense_CSD_MBX.c ****         {
 255:Generated_Source\PSoC5/CapSense_CSD_MBX.c ****             mbx->outbox.idacValue[i] = CapSense_CSD_idacSettings[i];
 256:Generated_Source\PSoC5/CapSense_CSD_MBX.c ****         }
 257:Generated_Source\PSoC5/CapSense_CSD_MBX.c ****             
 258:Generated_Source\PSoC5/CapSense_CSD_MBX.c ****         /* Pass parameters only once */
 259:Generated_Source\PSoC5/CapSense_CSD_MBX.c ****         CapSense_CSD_lowLevelTuningDone = 0u;
 260:Generated_Source\PSoC5/CapSense_CSD_MBX.c ****     #endif  /* (CapSense_CSD_TUNING_METHOD == CapSense_CSD_MANUAL_TUNING) */
 261:Generated_Source\PSoC5/CapSense_CSD_MBX.c **** 
 262:Generated_Source\PSoC5/CapSense_CSD_MBX.c ****     /* Copy scan parameters */
 263:Generated_Source\PSoC5/CapSense_CSD_MBX.c ****     #if ( CapSense_CSD_TUNING_METHOD == CapSense_CSD_AUTO_TUNING )
 264:Generated_Source\PSoC5/CapSense_CSD_MBX.c ****         for(i = 0u; i < CapSense_CSD_TOTAL_SCANSLOT_COUNT; i++)
 265:Generated_Source\PSoC5/CapSense_CSD_MBX.c ****         {
 266:Generated_Source\PSoC5/CapSense_CSD_MBX.c ****             mbx->outbox.analogSwitchDivider[i] = CapSense_CSD_analogSwitchDivider[i];
 267:Generated_Source\PSoC5/CapSense_CSD_MBX.c ****         }
 268:Generated_Source\PSoC5/CapSense_CSD_MBX.c ****     #endif /* (CapSense_CSD_TUNING_METHOD == CapSense_CSD_AUTO_TUNING) */
 269:Generated_Source\PSoC5/CapSense_CSD_MBX.c **** 
 270:Generated_Source\PSoC5/CapSense_CSD_MBX.c ****     /* Set busy flag */
 271:Generated_Source\PSoC5/CapSense_CSD_MBX.c ****     mbx->type = CapSense_CSD_BUSY_FLAG;
 339              		.loc 1 271 0 is_stmt 1
 340 00b2 7B68     		ldr	r3, [r7, #4]
 341 00b4 8422     		movs	r2, #132
 342 00b6 1A70     		strb	r2, [r3]
 272:Generated_Source\PSoC5/CapSense_CSD_MBX.c **** }
 343              		.loc 1 272 0
 344 00b8 00BF     		nop
 345 00ba 1437     		adds	r7, r7, #20
 346              		.cfi_def_cfa_offset 4
 347 00bc BD46     		mov	sp, r7
 348              		.cfi_def_cfa_register 13
 349              		@ sp needed
 350 00be 80BC     		pop	{r7}
 351              		.cfi_restore 7
 352              		.cfi_def_cfa_offset 0
 353 00c0 7047     		bx	lr
ARM GAS  C:\Users\ash750\AppData\Local\Temp\ccc3xuz1.s 			page 12


 354              	.L10:
 355 00c2 00BF     		.align	2
 356              	.L9:
 357 00c4 00000000 		.word	CapSense_CSD_sensorRaw
 358 00c8 00000000 		.word	CapSense_CSD_sensorBaseline
 359 00cc 00000000 		.word	CapSense_CSD_sensorSignal
 360              		.cfi_endproc
 361              	.LFE2:
 362              		.size	CapSense_CSD_PostMessage, .-CapSense_CSD_PostMessage
 363              		.section	.text.CapSense_CSD_ReadMessage,"ax",%progbits
 364              		.align	2
 365              		.global	CapSense_CSD_ReadMessage
 366              		.thumb
 367              		.thumb_func
 368              		.type	CapSense_CSD_ReadMessage, %function
 369              	CapSense_CSD_ReadMessage:
 370              	.LFB3:
 273:Generated_Source\PSoC5/CapSense_CSD_MBX.c **** 
 274:Generated_Source\PSoC5/CapSense_CSD_MBX.c **** 
 275:Generated_Source\PSoC5/CapSense_CSD_MBX.c **** #if (CapSense_CSD_TUNING_METHOD == CapSense_CSD_MANUAL_TUNING)
 276:Generated_Source\PSoC5/CapSense_CSD_MBX.c ****     /*******************************************************************************
 277:Generated_Source\PSoC5/CapSense_CSD_MBX.c ****     * Function Name: CapSense_CSD_ReadMessage
 278:Generated_Source\PSoC5/CapSense_CSD_MBX.c ****     ********************************************************************************
 279:Generated_Source\PSoC5/CapSense_CSD_MBX.c ****     *
 280:Generated_Source\PSoC5/CapSense_CSD_MBX.c ****     * Summary:
 281:Generated_Source\PSoC5/CapSense_CSD_MBX.c ****     *  If CapSense_CSD_HAVE_MSG is found in the mailbox, initialize component 
 282:Generated_Source\PSoC5/CapSense_CSD_MBX.c ****     *  with parameters found in the inbox. Signal DONE by overwriting the
 283:Generated_Source\PSoC5/CapSense_CSD_MBX.c ****     *  value in size field in mailbox.
 284:Generated_Source\PSoC5/CapSense_CSD_MBX.c ****     *  Only available when manual tuning mode.
 285:Generated_Source\PSoC5/CapSense_CSD_MBX.c ****     *
 286:Generated_Source\PSoC5/CapSense_CSD_MBX.c ****     * Parameters:
 287:Generated_Source\PSoC5/CapSense_CSD_MBX.c ****     *  mbx:  Pointer to Mailbox structure in RAM.
 288:Generated_Source\PSoC5/CapSense_CSD_MBX.c ****     *
 289:Generated_Source\PSoC5/CapSense_CSD_MBX.c ****     * Return:
 290:Generated_Source\PSoC5/CapSense_CSD_MBX.c ****     *  None. Modifies the contents of mbx.
 291:Generated_Source\PSoC5/CapSense_CSD_MBX.c ****     *
 292:Generated_Source\PSoC5/CapSense_CSD_MBX.c ****     * Side Effects: 
 293:Generated_Source\PSoC5/CapSense_CSD_MBX.c ****     *  Initializes component parameters if CapSense_CSD_HAVE_MSG is received.
 294:Generated_Source\PSoC5/CapSense_CSD_MBX.c ****     *
 295:Generated_Source\PSoC5/CapSense_CSD_MBX.c ****     * Global Variables:
 296:Generated_Source\PSoC5/CapSense_CSD_MBX.c ****     *  CapSense_CSD_MAILBOXES - structure which incorporates two fields: 
 297:Generated_Source\PSoC5/CapSense_CSD_MBX.c ****     *    - numMailBoxes (number of mailboxes);
 298:Generated_Source\PSoC5/CapSense_CSD_MBX.c ****     *    - CapSense_CSD_MAILBOX csdMailbox;
 299:Generated_Source\PSoC5/CapSense_CSD_MBX.c ****     *  CapSense_CSD_MAILBOX - structure which incorporates status output and
 300:Generated_Source\PSoC5/CapSense_CSD_MBX.c ****     *  input buffer fields and CapSense_CSD_OUTBOX and CapSense_CSD_INBOX.
 301:Generated_Source\PSoC5/CapSense_CSD_MBX.c ****     *    - type (used as outbox read status of Tuner GUI);
 302:Generated_Source\PSoC5/CapSense_CSD_MBX.c ****     *    - size (used as inbox apply status of component);
 303:Generated_Source\PSoC5/CapSense_CSD_MBX.c ****     *    - CapSense_CSD_OUTBOX outbox - structure which is used as ouput 
 304:Generated_Source\PSoC5/CapSense_CSD_MBX.c ****     *      buffer for report data to Tuner GUI.
 305:Generated_Source\PSoC5/CapSense_CSD_MBX.c ****     *    - CapSense_CSD_INBOX inbox - structure which is used as input buffer
 306:Generated_Source\PSoC5/CapSense_CSD_MBX.c ****     *      for parameters from Tuner GUI. Only used in manual tuning mode.
 307:Generated_Source\PSoC5/CapSense_CSD_MBX.c ****     *
 308:Generated_Source\PSoC5/CapSense_CSD_MBX.c ****     * Reentrant:
 309:Generated_Source\PSoC5/CapSense_CSD_MBX.c ****     *  No
 310:Generated_Source\PSoC5/CapSense_CSD_MBX.c ****     *
 311:Generated_Source\PSoC5/CapSense_CSD_MBX.c ****     *******************************************************************************/
 312:Generated_Source\PSoC5/CapSense_CSD_MBX.c ****     void CapSense_CSD_ReadMessage(volatile CapSense_CSD_MAILBOX *mbx)
ARM GAS  C:\Users\ash750\AppData\Local\Temp\ccc3xuz1.s 			page 13


 313:Generated_Source\PSoC5/CapSense_CSD_MBX.c **** 	                                  
 314:Generated_Source\PSoC5/CapSense_CSD_MBX.c ****     {
 371              		.loc 1 314 0
 372              		.cfi_startproc
 373              		@ args = 0, pretend = 0, frame = 16
 374              		@ frame_needed = 1, uses_anonymous_args = 0
 375 0000 80B5     		push	{r7, lr}
 376              		.cfi_def_cfa_offset 8
 377              		.cfi_offset 7, -8
 378              		.cfi_offset 14, -4
 379 0002 84B0     		sub	sp, sp, #16
 380              		.cfi_def_cfa_offset 24
 381 0004 00AF     		add	r7, sp, #0
 382              		.cfi_def_cfa_register 7
 383 0006 7860     		str	r0, [r7, #4]
 315:Generated_Source\PSoC5/CapSense_CSD_MBX.c ****         volatile CapSense_CSD_INBOX *tmpInbox;
 316:Generated_Source\PSoC5/CapSense_CSD_MBX.c ****         uint16 tmpValue;
 317:Generated_Source\PSoC5/CapSense_CSD_MBX.c ****         
 318:Generated_Source\PSoC5/CapSense_CSD_MBX.c ****         tmpValue = mbx->size;
 384              		.loc 1 318 0
 385 0008 7B68     		ldr	r3, [r7, #4]
 386 000a 5A78     		ldrb	r2, [r3, #1]
 387 000c D2B2     		uxtb	r2, r2
 388 000e 9B78     		ldrb	r3, [r3, #2]
 389 0010 DBB2     		uxtb	r3, r3
 390 0012 1B02     		lsls	r3, r3, #8
 391 0014 1343     		orrs	r3, r3, r2
 392 0016 FB81     		strh	r3, [r7, #14]	@ movhi
 319:Generated_Source\PSoC5/CapSense_CSD_MBX.c ****        
 320:Generated_Source\PSoC5/CapSense_CSD_MBX.c ****         /* Do we have a message waiting? */
 321:Generated_Source\PSoC5/CapSense_CSD_MBX.c ****         if (CapSense_CSD_SWAP_ENDIAN16(tmpValue) == CapSense_CSD_HAVE_MSG)
 393              		.loc 1 321 0
 394 0018 FB89     		ldrh	r3, [r7, #14]
 395 001a 1B02     		lsls	r3, r3, #8
 396 001c 1AB2     		sxth	r2, r3
 397 001e FB89     		ldrh	r3, [r7, #14]
 398 0020 1B0A     		lsrs	r3, r3, #8
 399 0022 9BB2     		uxth	r3, r3
 400 0024 1BB2     		sxth	r3, r3
 401 0026 1343     		orrs	r3, r3, r2
 402 0028 1BB2     		sxth	r3, r3
 403 002a 0C4A     		ldr	r2, .L14
 404 002c 9342     		cmp	r3, r2
 405 002e 11D1     		bne	.L13
 322:Generated_Source\PSoC5/CapSense_CSD_MBX.c ****         {
 323:Generated_Source\PSoC5/CapSense_CSD_MBX.c ****             tmpInbox = &(mbx->inbox);
 406              		.loc 1 323 0
 407 0030 7B68     		ldr	r3, [r7, #4]
 408 0032 1333     		adds	r3, r3, #19
 409 0034 BB60     		str	r3, [r7, #8]
 324:Generated_Source\PSoC5/CapSense_CSD_MBX.c ****             
 325:Generated_Source\PSoC5/CapSense_CSD_MBX.c ****             CapSense_CSD_InitParams(tmpInbox);
 410              		.loc 1 325 0
 411 0036 B868     		ldr	r0, [r7, #8]
 412 0038 FFF7FEFF 		bl	CapSense_CSD_InitParams
 326:Generated_Source\PSoC5/CapSense_CSD_MBX.c ****     
 327:Generated_Source\PSoC5/CapSense_CSD_MBX.c ****             /* Notify host/tuner that we have consumed the message */
ARM GAS  C:\Users\ash750\AppData\Local\Temp\ccc3xuz1.s 			page 14


 328:Generated_Source\PSoC5/CapSense_CSD_MBX.c ****             mbx->size = CapSense_CSD_SWAP_ENDIAN16(sizeof(CapSense_CSD_MAILBOX));
 413              		.loc 1 328 0
 414 003c 7B68     		ldr	r3, [r7, #4]
 415 003e 5A78     		ldrb	r2, [r3, #1]
 416 0040 0022     		movs	r2, #0
 417 0042 5A70     		strb	r2, [r3, #1]
 418 0044 9A78     		ldrb	r2, [r3, #2]
 419 0046 0022     		movs	r2, #0
 420 0048 42F01E02 		orr	r2, r2, #30
 421 004c 9A70     		strb	r2, [r3, #2]
 329:Generated_Source\PSoC5/CapSense_CSD_MBX.c ****             
 330:Generated_Source\PSoC5/CapSense_CSD_MBX.c ****             /* Defualt settings where changed */
 331:Generated_Source\PSoC5/CapSense_CSD_MBX.c ****             mbx->outbox.noReadMsg = 0u;
 422              		.loc 1 331 0
 423 004e 7B68     		ldr	r3, [r7, #4]
 424 0050 0022     		movs	r2, #0
 425 0052 1A74     		strb	r2, [r3, #16]
 426              	.L13:
 332:Generated_Source\PSoC5/CapSense_CSD_MBX.c ****         }       
 333:Generated_Source\PSoC5/CapSense_CSD_MBX.c ****     }
 427              		.loc 1 333 0
 428 0054 00BF     		nop
 429 0056 1037     		adds	r7, r7, #16
 430              		.cfi_def_cfa_offset 8
 431 0058 BD46     		mov	sp, r7
 432              		.cfi_def_cfa_register 13
 433              		@ sp needed
 434 005a 80BD     		pop	{r7, pc}
 435              	.L15:
 436              		.align	2
 437              	.L14:
 438 005c 1E80FFFF 		.word	-32738
 439              		.cfi_endproc
 440              	.LFE3:
 441              		.size	CapSense_CSD_ReadMessage, .-CapSense_CSD_ReadMessage
 442              		.text
 443              	.Letext0:
 444              		.file 2 "Generated_Source\\PSoC5\\cytypes.h"
 445              		.file 3 "Generated_Source\\PSoC5\\CapSense_CSD_MBX.h"
 446              		.file 4 "Generated_Source\\PSoC5\\CapSense_CSD.h"
 447              		.file 5 "Generated_Source\\PSoC5\\CapSense_CSD_CSHL.h"
 448              		.section	.debug_info,"",%progbits
 449              	.Ldebug_info0:
 450 0000 85030000 		.4byte	0x385
 451 0004 0400     		.2byte	0x4
 452 0006 00000000 		.4byte	.Ldebug_abbrev0
 453 000a 04       		.byte	0x4
 454 000b 01       		.uleb128 0x1
 455 000c 00000000 		.4byte	.LASF55
 456 0010 0C       		.byte	0xc
 457 0011 8E000000 		.4byte	.LASF56
 458 0015 8E030000 		.4byte	.LASF57
 459 0019 00000000 		.4byte	.Ldebug_ranges0+0
 460 001d 00000000 		.4byte	0
 461 0021 00000000 		.4byte	.Ldebug_line0
 462 0025 02       		.uleb128 0x2
 463 0026 01       		.byte	0x1
ARM GAS  C:\Users\ash750\AppData\Local\Temp\ccc3xuz1.s 			page 15


 464 0027 06       		.byte	0x6
 465 0028 F3030000 		.4byte	.LASF0
 466 002c 02       		.uleb128 0x2
 467 002d 01       		.byte	0x1
 468 002e 08       		.byte	0x8
 469 002f E3010000 		.4byte	.LASF1
 470 0033 02       		.uleb128 0x2
 471 0034 02       		.byte	0x2
 472 0035 05       		.byte	0x5
 473 0036 17030000 		.4byte	.LASF2
 474 003a 02       		.uleb128 0x2
 475 003b 02       		.byte	0x2
 476 003c 07       		.byte	0x7
 477 003d D3000000 		.4byte	.LASF3
 478 0041 02       		.uleb128 0x2
 479 0042 04       		.byte	0x4
 480 0043 05       		.byte	0x5
 481 0044 80030000 		.4byte	.LASF4
 482 0048 02       		.uleb128 0x2
 483 0049 04       		.byte	0x4
 484 004a 07       		.byte	0x7
 485 004b 90010000 		.4byte	.LASF5
 486 004f 02       		.uleb128 0x2
 487 0050 08       		.byte	0x8
 488 0051 05       		.byte	0x5
 489 0052 CB020000 		.4byte	.LASF6
 490 0056 02       		.uleb128 0x2
 491 0057 08       		.byte	0x8
 492 0058 07       		.byte	0x7
 493 0059 3A010000 		.4byte	.LASF7
 494 005d 03       		.uleb128 0x3
 495 005e 04       		.byte	0x4
 496 005f 05       		.byte	0x5
 497 0060 696E7400 		.ascii	"int\000"
 498 0064 02       		.uleb128 0x2
 499 0065 04       		.byte	0x4
 500 0066 07       		.byte	0x7
 501 0067 46020000 		.4byte	.LASF8
 502 006b 04       		.uleb128 0x4
 503 006c A2010000 		.4byte	.LASF9
 504 0070 02       		.byte	0x2
 505 0071 9201     		.2byte	0x192
 506 0073 2C000000 		.4byte	0x2c
 507 0077 04       		.uleb128 0x4
 508 0078 30020000 		.4byte	.LASF10
 509 007c 02       		.byte	0x2
 510 007d 9301     		.2byte	0x193
 511 007f 3A000000 		.4byte	0x3a
 512 0083 02       		.uleb128 0x2
 513 0084 04       		.byte	0x4
 514 0085 04       		.byte	0x4
 515 0086 2B010000 		.4byte	.LASF11
 516 008a 02       		.uleb128 0x2
 517 008b 08       		.byte	0x8
 518 008c 04       		.byte	0x4
 519 008d 06020000 		.4byte	.LASF12
 520 0091 02       		.uleb128 0x2
ARM GAS  C:\Users\ash750\AppData\Local\Temp\ccc3xuz1.s 			page 16


 521 0092 01       		.byte	0x1
 522 0093 08       		.byte	0x8
 523 0094 89030000 		.4byte	.LASF13
 524 0098 02       		.uleb128 0x2
 525 0099 08       		.byte	0x8
 526 009a 04       		.byte	0x4
 527 009b E7030000 		.4byte	.LASF14
 528 009f 02       		.uleb128 0x2
 529 00a0 04       		.byte	0x4
 530 00a1 07       		.byte	0x7
 531 00a2 C2020000 		.4byte	.LASF15
 532 00a6 05       		.uleb128 0x5
 533 00a7 10       		.byte	0x10
 534 00a8 03       		.byte	0x3
 535 00a9 3C       		.byte	0x3c
 536 00aa F7000000 		.4byte	0xf7
 537 00ae 06       		.uleb128 0x6
 538 00af 78030000 		.4byte	.LASF16
 539 00b3 03       		.byte	0x3
 540 00b4 46       		.byte	0x46
 541 00b5 F7000000 		.4byte	0xf7
 542 00b9 00       		.byte	0
 543 00ba 06       		.uleb128 0x6
 544 00bb 19040000 		.4byte	.LASF17
 545 00bf 03       		.byte	0x3
 546 00c0 47       		.byte	0x47
 547 00c1 F7000000 		.4byte	0xf7
 548 00c5 04       		.byte	0x4
 549 00c6 06       		.uleb128 0x6
 550 00c7 B8000000 		.4byte	.LASF18
 551 00cb 03       		.byte	0x3
 552 00cc 48       		.byte	0x48
 553 00cd F7000000 		.4byte	0xf7
 554 00d1 08       		.byte	0x8
 555 00d2 06       		.uleb128 0x6
 556 00d3 29020000 		.4byte	.LASF19
 557 00d7 03       		.byte	0x3
 558 00d8 49       		.byte	0x49
 559 00d9 07010000 		.4byte	0x107
 560 00dd 0C       		.byte	0xc
 561 00de 06       		.uleb128 0x6
 562 00df 53020000 		.4byte	.LASF20
 563 00e3 03       		.byte	0x3
 564 00e4 54       		.byte	0x54
 565 00e5 6B000000 		.4byte	0x6b
 566 00e9 0D       		.byte	0xd
 567 00ea 06       		.uleb128 0x6
 568 00eb 09010000 		.4byte	.LASF21
 569 00ef 03       		.byte	0x3
 570 00f0 56       		.byte	0x56
 571 00f1 77000000 		.4byte	0x77
 572 00f5 0E       		.byte	0xe
 573 00f6 00       		.byte	0
 574 00f7 07       		.uleb128 0x7
 575 00f8 77000000 		.4byte	0x77
 576 00fc 07010000 		.4byte	0x107
 577 0100 08       		.uleb128 0x8
ARM GAS  C:\Users\ash750\AppData\Local\Temp\ccc3xuz1.s 			page 17


 578 0101 9F000000 		.4byte	0x9f
 579 0105 01       		.byte	0x1
 580 0106 00       		.byte	0
 581 0107 07       		.uleb128 0x7
 582 0108 6B000000 		.4byte	0x6b
 583 010c 17010000 		.4byte	0x117
 584 0110 08       		.uleb128 0x8
 585 0111 9F000000 		.4byte	0x9f
 586 0115 00       		.byte	0
 587 0116 00       		.byte	0
 588 0117 09       		.uleb128 0x9
 589 0118 BF000000 		.4byte	.LASF22
 590 011c 03       		.byte	0x3
 591 011d 58       		.byte	0x58
 592 011e A6000000 		.4byte	0xa6
 593 0122 05       		.uleb128 0x5
 594 0123 0B       		.byte	0xb
 595 0124 03       		.byte	0x3
 596 0125 5C       		.byte	0x5c
 597 0126 8B010000 		.4byte	0x18b
 598 012a 06       		.uleb128 0x6
 599 012b 76020000 		.4byte	.LASF23
 600 012f 03       		.byte	0x3
 601 0130 5E       		.byte	0x5e
 602 0131 6B000000 		.4byte	0x6b
 603 0135 00       		.byte	0
 604 0136 06       		.uleb128 0x6
 605 0137 82020000 		.4byte	.LASF24
 606 013b 03       		.byte	0x3
 607 013c 60       		.byte	0x60
 608 013d 6B000000 		.4byte	0x6b
 609 0141 01       		.byte	0x1
 610 0142 06       		.uleb128 0x6
 611 0143 F7020000 		.4byte	.LASF25
 612 0147 03       		.byte	0x3
 613 0148 62       		.byte	0x62
 614 0149 6B000000 		.4byte	0x6b
 615 014d 02       		.byte	0x2
 616 014e 06       		.uleb128 0x6
 617 014f 02030000 		.4byte	.LASF26
 618 0153 03       		.byte	0x3
 619 0154 63       		.byte	0x63
 620 0155 77000000 		.4byte	0x77
 621 0159 03       		.byte	0x3
 622 015a 06       		.uleb128 0x6
 623 015b 37020000 		.4byte	.LASF27
 624 015f 03       		.byte	0x3
 625 0160 64       		.byte	0x64
 626 0161 77000000 		.4byte	0x77
 627 0165 05       		.byte	0x5
 628 0166 06       		.uleb128 0x6
 629 0167 9F020000 		.4byte	.LASF28
 630 016b 03       		.byte	0x3
 631 016c 65       		.byte	0x65
 632 016d 77000000 		.4byte	0x77
 633 0171 07       		.byte	0x7
 634 0172 06       		.uleb128 0x6
ARM GAS  C:\Users\ash750\AppData\Local\Temp\ccc3xuz1.s 			page 18


 635 0173 8F020000 		.4byte	.LASF29
 636 0177 03       		.byte	0x3
 637 0178 66       		.byte	0x66
 638 0179 6B000000 		.4byte	0x6b
 639 017d 09       		.byte	0x9
 640 017e 06       		.uleb128 0x6
 641 017f 6F010000 		.4byte	.LASF30
 642 0183 03       		.byte	0x3
 643 0184 67       		.byte	0x67
 644 0185 6B000000 		.4byte	0x6b
 645 0189 0A       		.byte	0xa
 646 018a 00       		.byte	0
 647 018b 09       		.uleb128 0x9
 648 018c 3A040000 		.4byte	.LASF31
 649 0190 03       		.byte	0x3
 650 0191 68       		.byte	0x68
 651 0192 22010000 		.4byte	0x122
 652 0196 05       		.uleb128 0x5
 653 0197 1E       		.byte	0x1e
 654 0198 03       		.byte	0x3
 655 0199 6D       		.byte	0x6d
 656 019a CF010000 		.4byte	0x1cf
 657 019e 06       		.uleb128 0x6
 658 019f 12030000 		.4byte	.LASF32
 659 01a3 03       		.byte	0x3
 660 01a4 6F       		.byte	0x6f
 661 01a5 6B000000 		.4byte	0x6b
 662 01a9 00       		.byte	0
 663 01aa 06       		.uleb128 0x6
 664 01ab 51010000 		.4byte	.LASF33
 665 01af 03       		.byte	0x3
 666 01b0 70       		.byte	0x70
 667 01b1 77000000 		.4byte	0x77
 668 01b5 01       		.byte	0x1
 669 01b6 06       		.uleb128 0x6
 670 01b7 55030000 		.4byte	.LASF34
 671 01bb 03       		.byte	0x3
 672 01bc 71       		.byte	0x71
 673 01bd 17010000 		.4byte	0x117
 674 01c1 03       		.byte	0x3
 675 01c2 06       		.uleb128 0x6
 676 01c3 8A010000 		.4byte	.LASF35
 677 01c7 03       		.byte	0x3
 678 01c8 73       		.byte	0x73
 679 01c9 8B010000 		.4byte	0x18b
 680 01cd 13       		.byte	0x13
 681 01ce 00       		.byte	0
 682 01cf 09       		.uleb128 0x9
 683 01d0 F1010000 		.4byte	.LASF36
 684 01d4 03       		.byte	0x3
 685 01d5 76       		.byte	0x76
 686 01d6 96010000 		.4byte	0x196
 687 01da 0A       		.uleb128 0xa
 688 01db 22040000 		.4byte	.LASF58
 689 01df 01       		.byte	0x1
 690 01e0 3D       		.byte	0x3d
 691 01e1 00000000 		.4byte	.LFB0
ARM GAS  C:\Users\ash750\AppData\Local\Temp\ccc3xuz1.s 			page 19


 692 01e5 F8000000 		.4byte	.LFE0-.LFB0
 693 01e9 01       		.uleb128 0x1
 694 01ea 9C       		.byte	0x9c
 695 01eb 28020000 		.4byte	0x228
 696 01ef 0B       		.uleb128 0xb
 697 01f0 8A010000 		.4byte	.LASF35
 698 01f4 01       		.byte	0x1
 699 01f5 3D       		.byte	0x3d
 700 01f6 28020000 		.4byte	0x228
 701 01fa 02       		.uleb128 0x2
 702 01fb 91       		.byte	0x91
 703 01fc 6C       		.sleb128 -20
 704 01fd 0C       		.uleb128 0xc
 705 01fe 83010000 		.4byte	.LASF37
 706 0202 01       		.byte	0x1
 707 0203 41       		.byte	0x41
 708 0204 6B000000 		.4byte	0x6b
 709 0208 02       		.uleb128 0x2
 710 0209 91       		.byte	0x91
 711 020a 77       		.sleb128 -9
 712 020b 0C       		.uleb128 0xc
 713 020c 98020000 		.4byte	.LASF38
 714 0210 01       		.byte	0x1
 715 0211 42       		.byte	0x42
 716 0212 6B000000 		.4byte	0x6b
 717 0216 02       		.uleb128 0x2
 718 0217 91       		.byte	0x91
 719 0218 76       		.sleb128 -10
 720 0219 0C       		.uleb128 0xc
 721 021a E6000000 		.4byte	.LASF39
 722 021e 01       		.byte	0x1
 723 021f 43       		.byte	0x43
 724 0220 77000000 		.4byte	0x77
 725 0224 02       		.uleb128 0x2
 726 0225 91       		.byte	0x91
 727 0226 74       		.sleb128 -12
 728 0227 00       		.byte	0
 729 0228 0D       		.uleb128 0xd
 730 0229 04       		.byte	0x4
 731 022a 33020000 		.4byte	0x233
 732 022e 0E       		.uleb128 0xe
 733 022f 8B010000 		.4byte	0x18b
 734 0233 0F       		.uleb128 0xf
 735 0234 2E020000 		.4byte	0x22e
 736 0238 10       		.uleb128 0x10
 737 0239 5D020000 		.4byte	.LASF40
 738 023d 01       		.byte	0x1
 739 023e 94       		.byte	0x94
 740 023f 00000000 		.4byte	.LFB1
 741 0243 42000000 		.4byte	.LFE1-.LFB1
 742 0247 01       		.uleb128 0x1
 743 0248 9C       		.byte	0x9c
 744 0249 5C020000 		.4byte	0x25c
 745 024d 11       		.uleb128 0x11
 746 024e 6D627800 		.ascii	"mbx\000"
 747 0252 01       		.byte	0x1
 748 0253 94       		.byte	0x94
ARM GAS  C:\Users\ash750\AppData\Local\Temp\ccc3xuz1.s 			page 20


 749 0254 5C020000 		.4byte	0x25c
 750 0258 02       		.uleb128 0x2
 751 0259 91       		.byte	0x91
 752 025a 74       		.sleb128 -12
 753 025b 00       		.byte	0
 754 025c 0D       		.uleb128 0xd
 755 025d 04       		.byte	0x4
 756 025e 62020000 		.4byte	0x262
 757 0262 0E       		.uleb128 0xe
 758 0263 CF010000 		.4byte	0x1cf
 759 0267 10       		.uleb128 0x10
 760 0268 56010000 		.4byte	.LASF41
 761 026c 01       		.byte	0x1
 762 026d D0       		.byte	0xd0
 763 026e 00000000 		.4byte	.LFB2
 764 0272 D0000000 		.4byte	.LFE2-.LFB2
 765 0276 01       		.uleb128 0x1
 766 0277 9C       		.byte	0x9c
 767 0278 97020000 		.4byte	0x297
 768 027c 11       		.uleb128 0x11
 769 027d 6D627800 		.ascii	"mbx\000"
 770 0281 01       		.byte	0x1
 771 0282 D0       		.byte	0xd0
 772 0283 5C020000 		.4byte	0x25c
 773 0287 02       		.uleb128 0x2
 774 0288 91       		.byte	0x91
 775 0289 6C       		.sleb128 -20
 776 028a 12       		.uleb128 0x12
 777 028b 6900     		.ascii	"i\000"
 778 028d 01       		.byte	0x1
 779 028e D3       		.byte	0xd3
 780 028f 6B000000 		.4byte	0x6b
 781 0293 02       		.uleb128 0x2
 782 0294 91       		.byte	0x91
 783 0295 77       		.sleb128 -9
 784 0296 00       		.byte	0
 785 0297 13       		.uleb128 0x13
 786 0298 12010000 		.4byte	.LASF42
 787 029c 01       		.byte	0x1
 788 029d 3801     		.2byte	0x138
 789 029f 00000000 		.4byte	.LFB3
 790 02a3 60000000 		.4byte	.LFE3-.LFB3
 791 02a7 01       		.uleb128 0x1
 792 02a8 9C       		.byte	0x9c
 793 02a9 DB020000 		.4byte	0x2db
 794 02ad 14       		.uleb128 0x14
 795 02ae 6D627800 		.ascii	"mbx\000"
 796 02b2 01       		.byte	0x1
 797 02b3 3801     		.2byte	0x138
 798 02b5 5C020000 		.4byte	0x25c
 799 02b9 02       		.uleb128 0x2
 800 02ba 91       		.byte	0x91
 801 02bb 6C       		.sleb128 -20
 802 02bc 15       		.uleb128 0x15
 803 02bd 31010000 		.4byte	.LASF43
 804 02c1 01       		.byte	0x1
 805 02c2 3B01     		.2byte	0x13b
ARM GAS  C:\Users\ash750\AppData\Local\Temp\ccc3xuz1.s 			page 21


 806 02c4 DB020000 		.4byte	0x2db
 807 02c8 02       		.uleb128 0x2
 808 02c9 91       		.byte	0x91
 809 02ca 70       		.sleb128 -16
 810 02cb 15       		.uleb128 0x15
 811 02cc E6000000 		.4byte	.LASF39
 812 02d0 01       		.byte	0x1
 813 02d1 3C01     		.2byte	0x13c
 814 02d3 77000000 		.4byte	0x77
 815 02d7 02       		.uleb128 0x2
 816 02d8 91       		.byte	0x91
 817 02d9 76       		.sleb128 -10
 818 02da 00       		.byte	0
 819 02db 0D       		.uleb128 0xd
 820 02dc 04       		.byte	0x4
 821 02dd 2E020000 		.4byte	0x22e
 822 02e1 16       		.uleb128 0x16
 823 02e2 3E030000 		.4byte	.LASF44
 824 02e6 04       		.byte	0x4
 825 02e7 BA02     		.2byte	0x2ba
 826 02e9 F7000000 		.4byte	0xf7
 827 02ed 07       		.uleb128 0x7
 828 02ee FD020000 		.4byte	0x2fd
 829 02f2 FD020000 		.4byte	0x2fd
 830 02f6 08       		.uleb128 0x8
 831 02f7 9F000000 		.4byte	0x9f
 832 02fb 01       		.byte	0x1
 833 02fc 00       		.byte	0
 834 02fd 0F       		.uleb128 0xf
 835 02fe 6B000000 		.4byte	0x6b
 836 0302 16       		.uleb128 0x16
 837 0303 FF030000 		.4byte	.LASF45
 838 0307 05       		.byte	0x5
 839 0308 0501     		.2byte	0x105
 840 030a 0E030000 		.4byte	0x30e
 841 030e 0F       		.uleb128 0xf
 842 030f ED020000 		.4byte	0x2ed
 843 0313 16       		.uleb128 0x16
 844 0314 5C030000 		.4byte	.LASF46
 845 0318 05       		.byte	0x5
 846 0319 0701     		.2byte	0x107
 847 031b F7000000 		.4byte	0xf7
 848 031f 16       		.uleb128 0x16
 849 0320 EF000000 		.4byte	.LASF47
 850 0324 05       		.byte	0x5
 851 0325 0901     		.2byte	0x109
 852 0327 F7000000 		.4byte	0xf7
 853 032b 07       		.uleb128 0x7
 854 032c 6B000000 		.4byte	0x6b
 855 0330 3B030000 		.4byte	0x33b
 856 0334 08       		.uleb128 0x8
 857 0335 9F000000 		.4byte	0x9f
 858 0339 01       		.byte	0x1
 859 033a 00       		.byte	0
 860 033b 17       		.uleb128 0x17
 861 033c C9010000 		.4byte	.LASF48
 862 0340 03       		.byte	0x3
ARM GAS  C:\Users\ash750\AppData\Local\Temp\ccc3xuz1.s 			page 22


 863 0341 9B       		.byte	0x9b
 864 0342 2B030000 		.4byte	0x32b
 865 0346 17       		.uleb128 0x17
 866 0347 D9020000 		.4byte	.LASF49
 867 034b 03       		.byte	0x3
 868 034c 9E       		.byte	0x9e
 869 034d 2B030000 		.4byte	0x32b
 870 0351 17       		.uleb128 0x17
 871 0352 21030000 		.4byte	.LASF50
 872 0356 03       		.byte	0x3
 873 0357 A0       		.byte	0xa0
 874 0358 F7000000 		.4byte	0xf7
 875 035c 17       		.uleb128 0x17
 876 035d 0D020000 		.4byte	.LASF51
 877 0361 03       		.byte	0x3
 878 0362 A1       		.byte	0xa1
 879 0363 F7000000 		.4byte	0xf7
 880 0367 17       		.uleb128 0x17
 881 0368 AA020000 		.4byte	.LASF52
 882 036c 03       		.byte	0x3
 883 036d A2       		.byte	0xa2
 884 036e F7000000 		.4byte	0xf7
 885 0372 17       		.uleb128 0x17
 886 0373 4D040000 		.4byte	.LASF53
 887 0377 03       		.byte	0x3
 888 0378 A3       		.byte	0xa3
 889 0379 2B030000 		.4byte	0x32b
 890 037d 17       		.uleb128 0x17
 891 037e A8010000 		.4byte	.LASF54
 892 0382 03       		.byte	0x3
 893 0383 AC       		.byte	0xac
 894 0384 2B030000 		.4byte	0x32b
 895 0388 00       		.byte	0
 896              		.section	.debug_abbrev,"",%progbits
 897              	.Ldebug_abbrev0:
 898 0000 01       		.uleb128 0x1
 899 0001 11       		.uleb128 0x11
 900 0002 01       		.byte	0x1
 901 0003 25       		.uleb128 0x25
 902 0004 0E       		.uleb128 0xe
 903 0005 13       		.uleb128 0x13
 904 0006 0B       		.uleb128 0xb
 905 0007 03       		.uleb128 0x3
 906 0008 0E       		.uleb128 0xe
 907 0009 1B       		.uleb128 0x1b
 908 000a 0E       		.uleb128 0xe
 909 000b 55       		.uleb128 0x55
 910 000c 17       		.uleb128 0x17
 911 000d 11       		.uleb128 0x11
 912 000e 01       		.uleb128 0x1
 913 000f 10       		.uleb128 0x10
 914 0010 17       		.uleb128 0x17
 915 0011 00       		.byte	0
 916 0012 00       		.byte	0
 917 0013 02       		.uleb128 0x2
 918 0014 24       		.uleb128 0x24
 919 0015 00       		.byte	0
ARM GAS  C:\Users\ash750\AppData\Local\Temp\ccc3xuz1.s 			page 23


 920 0016 0B       		.uleb128 0xb
 921 0017 0B       		.uleb128 0xb
 922 0018 3E       		.uleb128 0x3e
 923 0019 0B       		.uleb128 0xb
 924 001a 03       		.uleb128 0x3
 925 001b 0E       		.uleb128 0xe
 926 001c 00       		.byte	0
 927 001d 00       		.byte	0
 928 001e 03       		.uleb128 0x3
 929 001f 24       		.uleb128 0x24
 930 0020 00       		.byte	0
 931 0021 0B       		.uleb128 0xb
 932 0022 0B       		.uleb128 0xb
 933 0023 3E       		.uleb128 0x3e
 934 0024 0B       		.uleb128 0xb
 935 0025 03       		.uleb128 0x3
 936 0026 08       		.uleb128 0x8
 937 0027 00       		.byte	0
 938 0028 00       		.byte	0
 939 0029 04       		.uleb128 0x4
 940 002a 16       		.uleb128 0x16
 941 002b 00       		.byte	0
 942 002c 03       		.uleb128 0x3
 943 002d 0E       		.uleb128 0xe
 944 002e 3A       		.uleb128 0x3a
 945 002f 0B       		.uleb128 0xb
 946 0030 3B       		.uleb128 0x3b
 947 0031 05       		.uleb128 0x5
 948 0032 49       		.uleb128 0x49
 949 0033 13       		.uleb128 0x13
 950 0034 00       		.byte	0
 951 0035 00       		.byte	0
 952 0036 05       		.uleb128 0x5
 953 0037 13       		.uleb128 0x13
 954 0038 01       		.byte	0x1
 955 0039 0B       		.uleb128 0xb
 956 003a 0B       		.uleb128 0xb
 957 003b 3A       		.uleb128 0x3a
 958 003c 0B       		.uleb128 0xb
 959 003d 3B       		.uleb128 0x3b
 960 003e 0B       		.uleb128 0xb
 961 003f 01       		.uleb128 0x1
 962 0040 13       		.uleb128 0x13
 963 0041 00       		.byte	0
 964 0042 00       		.byte	0
 965 0043 06       		.uleb128 0x6
 966 0044 0D       		.uleb128 0xd
 967 0045 00       		.byte	0
 968 0046 03       		.uleb128 0x3
 969 0047 0E       		.uleb128 0xe
 970 0048 3A       		.uleb128 0x3a
 971 0049 0B       		.uleb128 0xb
 972 004a 3B       		.uleb128 0x3b
 973 004b 0B       		.uleb128 0xb
 974 004c 49       		.uleb128 0x49
 975 004d 13       		.uleb128 0x13
 976 004e 38       		.uleb128 0x38
ARM GAS  C:\Users\ash750\AppData\Local\Temp\ccc3xuz1.s 			page 24


 977 004f 0B       		.uleb128 0xb
 978 0050 00       		.byte	0
 979 0051 00       		.byte	0
 980 0052 07       		.uleb128 0x7
 981 0053 01       		.uleb128 0x1
 982 0054 01       		.byte	0x1
 983 0055 49       		.uleb128 0x49
 984 0056 13       		.uleb128 0x13
 985 0057 01       		.uleb128 0x1
 986 0058 13       		.uleb128 0x13
 987 0059 00       		.byte	0
 988 005a 00       		.byte	0
 989 005b 08       		.uleb128 0x8
 990 005c 21       		.uleb128 0x21
 991 005d 00       		.byte	0
 992 005e 49       		.uleb128 0x49
 993 005f 13       		.uleb128 0x13
 994 0060 2F       		.uleb128 0x2f
 995 0061 0B       		.uleb128 0xb
 996 0062 00       		.byte	0
 997 0063 00       		.byte	0
 998 0064 09       		.uleb128 0x9
 999 0065 16       		.uleb128 0x16
 1000 0066 00       		.byte	0
 1001 0067 03       		.uleb128 0x3
 1002 0068 0E       		.uleb128 0xe
 1003 0069 3A       		.uleb128 0x3a
 1004 006a 0B       		.uleb128 0xb
 1005 006b 3B       		.uleb128 0x3b
 1006 006c 0B       		.uleb128 0xb
 1007 006d 49       		.uleb128 0x49
 1008 006e 13       		.uleb128 0x13
 1009 006f 00       		.byte	0
 1010 0070 00       		.byte	0
 1011 0071 0A       		.uleb128 0xa
 1012 0072 2E       		.uleb128 0x2e
 1013 0073 01       		.byte	0x1
 1014 0074 03       		.uleb128 0x3
 1015 0075 0E       		.uleb128 0xe
 1016 0076 3A       		.uleb128 0x3a
 1017 0077 0B       		.uleb128 0xb
 1018 0078 3B       		.uleb128 0x3b
 1019 0079 0B       		.uleb128 0xb
 1020 007a 27       		.uleb128 0x27
 1021 007b 19       		.uleb128 0x19
 1022 007c 11       		.uleb128 0x11
 1023 007d 01       		.uleb128 0x1
 1024 007e 12       		.uleb128 0x12
 1025 007f 06       		.uleb128 0x6
 1026 0080 40       		.uleb128 0x40
 1027 0081 18       		.uleb128 0x18
 1028 0082 9642     		.uleb128 0x2116
 1029 0084 19       		.uleb128 0x19
 1030 0085 01       		.uleb128 0x1
 1031 0086 13       		.uleb128 0x13
 1032 0087 00       		.byte	0
 1033 0088 00       		.byte	0
ARM GAS  C:\Users\ash750\AppData\Local\Temp\ccc3xuz1.s 			page 25


 1034 0089 0B       		.uleb128 0xb
 1035 008a 05       		.uleb128 0x5
 1036 008b 00       		.byte	0
 1037 008c 03       		.uleb128 0x3
 1038 008d 0E       		.uleb128 0xe
 1039 008e 3A       		.uleb128 0x3a
 1040 008f 0B       		.uleb128 0xb
 1041 0090 3B       		.uleb128 0x3b
 1042 0091 0B       		.uleb128 0xb
 1043 0092 49       		.uleb128 0x49
 1044 0093 13       		.uleb128 0x13
 1045 0094 02       		.uleb128 0x2
 1046 0095 18       		.uleb128 0x18
 1047 0096 00       		.byte	0
 1048 0097 00       		.byte	0
 1049 0098 0C       		.uleb128 0xc
 1050 0099 34       		.uleb128 0x34
 1051 009a 00       		.byte	0
 1052 009b 03       		.uleb128 0x3
 1053 009c 0E       		.uleb128 0xe
 1054 009d 3A       		.uleb128 0x3a
 1055 009e 0B       		.uleb128 0xb
 1056 009f 3B       		.uleb128 0x3b
 1057 00a0 0B       		.uleb128 0xb
 1058 00a1 49       		.uleb128 0x49
 1059 00a2 13       		.uleb128 0x13
 1060 00a3 02       		.uleb128 0x2
 1061 00a4 18       		.uleb128 0x18
 1062 00a5 00       		.byte	0
 1063 00a6 00       		.byte	0
 1064 00a7 0D       		.uleb128 0xd
 1065 00a8 0F       		.uleb128 0xf
 1066 00a9 00       		.byte	0
 1067 00aa 0B       		.uleb128 0xb
 1068 00ab 0B       		.uleb128 0xb
 1069 00ac 49       		.uleb128 0x49
 1070 00ad 13       		.uleb128 0x13
 1071 00ae 00       		.byte	0
 1072 00af 00       		.byte	0
 1073 00b0 0E       		.uleb128 0xe
 1074 00b1 35       		.uleb128 0x35
 1075 00b2 00       		.byte	0
 1076 00b3 49       		.uleb128 0x49
 1077 00b4 13       		.uleb128 0x13
 1078 00b5 00       		.byte	0
 1079 00b6 00       		.byte	0
 1080 00b7 0F       		.uleb128 0xf
 1081 00b8 26       		.uleb128 0x26
 1082 00b9 00       		.byte	0
 1083 00ba 49       		.uleb128 0x49
 1084 00bb 13       		.uleb128 0x13
 1085 00bc 00       		.byte	0
 1086 00bd 00       		.byte	0
 1087 00be 10       		.uleb128 0x10
 1088 00bf 2E       		.uleb128 0x2e
 1089 00c0 01       		.byte	0x1
 1090 00c1 3F       		.uleb128 0x3f
ARM GAS  C:\Users\ash750\AppData\Local\Temp\ccc3xuz1.s 			page 26


 1091 00c2 19       		.uleb128 0x19
 1092 00c3 03       		.uleb128 0x3
 1093 00c4 0E       		.uleb128 0xe
 1094 00c5 3A       		.uleb128 0x3a
 1095 00c6 0B       		.uleb128 0xb
 1096 00c7 3B       		.uleb128 0x3b
 1097 00c8 0B       		.uleb128 0xb
 1098 00c9 27       		.uleb128 0x27
 1099 00ca 19       		.uleb128 0x19
 1100 00cb 11       		.uleb128 0x11
 1101 00cc 01       		.uleb128 0x1
 1102 00cd 12       		.uleb128 0x12
 1103 00ce 06       		.uleb128 0x6
 1104 00cf 40       		.uleb128 0x40
 1105 00d0 18       		.uleb128 0x18
 1106 00d1 9742     		.uleb128 0x2117
 1107 00d3 19       		.uleb128 0x19
 1108 00d4 01       		.uleb128 0x1
 1109 00d5 13       		.uleb128 0x13
 1110 00d6 00       		.byte	0
 1111 00d7 00       		.byte	0
 1112 00d8 11       		.uleb128 0x11
 1113 00d9 05       		.uleb128 0x5
 1114 00da 00       		.byte	0
 1115 00db 03       		.uleb128 0x3
 1116 00dc 08       		.uleb128 0x8
 1117 00dd 3A       		.uleb128 0x3a
 1118 00de 0B       		.uleb128 0xb
 1119 00df 3B       		.uleb128 0x3b
 1120 00e0 0B       		.uleb128 0xb
 1121 00e1 49       		.uleb128 0x49
 1122 00e2 13       		.uleb128 0x13
 1123 00e3 02       		.uleb128 0x2
 1124 00e4 18       		.uleb128 0x18
 1125 00e5 00       		.byte	0
 1126 00e6 00       		.byte	0
 1127 00e7 12       		.uleb128 0x12
 1128 00e8 34       		.uleb128 0x34
 1129 00e9 00       		.byte	0
 1130 00ea 03       		.uleb128 0x3
 1131 00eb 08       		.uleb128 0x8
 1132 00ec 3A       		.uleb128 0x3a
 1133 00ed 0B       		.uleb128 0xb
 1134 00ee 3B       		.uleb128 0x3b
 1135 00ef 0B       		.uleb128 0xb
 1136 00f0 49       		.uleb128 0x49
 1137 00f1 13       		.uleb128 0x13
 1138 00f2 02       		.uleb128 0x2
 1139 00f3 18       		.uleb128 0x18
 1140 00f4 00       		.byte	0
 1141 00f5 00       		.byte	0
 1142 00f6 13       		.uleb128 0x13
 1143 00f7 2E       		.uleb128 0x2e
 1144 00f8 01       		.byte	0x1
 1145 00f9 3F       		.uleb128 0x3f
 1146 00fa 19       		.uleb128 0x19
 1147 00fb 03       		.uleb128 0x3
ARM GAS  C:\Users\ash750\AppData\Local\Temp\ccc3xuz1.s 			page 27


 1148 00fc 0E       		.uleb128 0xe
 1149 00fd 3A       		.uleb128 0x3a
 1150 00fe 0B       		.uleb128 0xb
 1151 00ff 3B       		.uleb128 0x3b
 1152 0100 05       		.uleb128 0x5
 1153 0101 27       		.uleb128 0x27
 1154 0102 19       		.uleb128 0x19
 1155 0103 11       		.uleb128 0x11
 1156 0104 01       		.uleb128 0x1
 1157 0105 12       		.uleb128 0x12
 1158 0106 06       		.uleb128 0x6
 1159 0107 40       		.uleb128 0x40
 1160 0108 18       		.uleb128 0x18
 1161 0109 9642     		.uleb128 0x2116
 1162 010b 19       		.uleb128 0x19
 1163 010c 01       		.uleb128 0x1
 1164 010d 13       		.uleb128 0x13
 1165 010e 00       		.byte	0
 1166 010f 00       		.byte	0
 1167 0110 14       		.uleb128 0x14
 1168 0111 05       		.uleb128 0x5
 1169 0112 00       		.byte	0
 1170 0113 03       		.uleb128 0x3
 1171 0114 08       		.uleb128 0x8
 1172 0115 3A       		.uleb128 0x3a
 1173 0116 0B       		.uleb128 0xb
 1174 0117 3B       		.uleb128 0x3b
 1175 0118 05       		.uleb128 0x5
 1176 0119 49       		.uleb128 0x49
 1177 011a 13       		.uleb128 0x13
 1178 011b 02       		.uleb128 0x2
 1179 011c 18       		.uleb128 0x18
 1180 011d 00       		.byte	0
 1181 011e 00       		.byte	0
 1182 011f 15       		.uleb128 0x15
 1183 0120 34       		.uleb128 0x34
 1184 0121 00       		.byte	0
 1185 0122 03       		.uleb128 0x3
 1186 0123 0E       		.uleb128 0xe
 1187 0124 3A       		.uleb128 0x3a
 1188 0125 0B       		.uleb128 0xb
 1189 0126 3B       		.uleb128 0x3b
 1190 0127 05       		.uleb128 0x5
 1191 0128 49       		.uleb128 0x49
 1192 0129 13       		.uleb128 0x13
 1193 012a 02       		.uleb128 0x2
 1194 012b 18       		.uleb128 0x18
 1195 012c 00       		.byte	0
 1196 012d 00       		.byte	0
 1197 012e 16       		.uleb128 0x16
 1198 012f 34       		.uleb128 0x34
 1199 0130 00       		.byte	0
 1200 0131 03       		.uleb128 0x3
 1201 0132 0E       		.uleb128 0xe
 1202 0133 3A       		.uleb128 0x3a
 1203 0134 0B       		.uleb128 0xb
 1204 0135 3B       		.uleb128 0x3b
ARM GAS  C:\Users\ash750\AppData\Local\Temp\ccc3xuz1.s 			page 28


 1205 0136 05       		.uleb128 0x5
 1206 0137 49       		.uleb128 0x49
 1207 0138 13       		.uleb128 0x13
 1208 0139 3F       		.uleb128 0x3f
 1209 013a 19       		.uleb128 0x19
 1210 013b 3C       		.uleb128 0x3c
 1211 013c 19       		.uleb128 0x19
 1212 013d 00       		.byte	0
 1213 013e 00       		.byte	0
 1214 013f 17       		.uleb128 0x17
 1215 0140 34       		.uleb128 0x34
 1216 0141 00       		.byte	0
 1217 0142 03       		.uleb128 0x3
 1218 0143 0E       		.uleb128 0xe
 1219 0144 3A       		.uleb128 0x3a
 1220 0145 0B       		.uleb128 0xb
 1221 0146 3B       		.uleb128 0x3b
 1222 0147 0B       		.uleb128 0xb
 1223 0148 49       		.uleb128 0x49
 1224 0149 13       		.uleb128 0x13
 1225 014a 3F       		.uleb128 0x3f
 1226 014b 19       		.uleb128 0x19
 1227 014c 3C       		.uleb128 0x3c
 1228 014d 19       		.uleb128 0x19
 1229 014e 00       		.byte	0
 1230 014f 00       		.byte	0
 1231 0150 00       		.byte	0
 1232              		.section	.debug_aranges,"",%progbits
 1233 0000 34000000 		.4byte	0x34
 1234 0004 0200     		.2byte	0x2
 1235 0006 00000000 		.4byte	.Ldebug_info0
 1236 000a 04       		.byte	0x4
 1237 000b 00       		.byte	0
 1238 000c 0000     		.2byte	0
 1239 000e 0000     		.2byte	0
 1240 0010 00000000 		.4byte	.LFB0
 1241 0014 F8000000 		.4byte	.LFE0-.LFB0
 1242 0018 00000000 		.4byte	.LFB1
 1243 001c 42000000 		.4byte	.LFE1-.LFB1
 1244 0020 00000000 		.4byte	.LFB2
 1245 0024 D0000000 		.4byte	.LFE2-.LFB2
 1246 0028 00000000 		.4byte	.LFB3
 1247 002c 60000000 		.4byte	.LFE3-.LFB3
 1248 0030 00000000 		.4byte	0
 1249 0034 00000000 		.4byte	0
 1250              		.section	.debug_ranges,"",%progbits
 1251              	.Ldebug_ranges0:
 1252 0000 00000000 		.4byte	.LFB0
 1253 0004 F8000000 		.4byte	.LFE0
 1254 0008 00000000 		.4byte	.LFB1
 1255 000c 42000000 		.4byte	.LFE1
 1256 0010 00000000 		.4byte	.LFB2
 1257 0014 D0000000 		.4byte	.LFE2
 1258 0018 00000000 		.4byte	.LFB3
 1259 001c 60000000 		.4byte	.LFE3
 1260 0020 00000000 		.4byte	0
 1261 0024 00000000 		.4byte	0
ARM GAS  C:\Users\ash750\AppData\Local\Temp\ccc3xuz1.s 			page 29


 1262              		.section	.debug_line,"",%progbits
 1263              	.Ldebug_line0:
 1264 0000 1C010000 		.section	.debug_str,"MS",%progbits,1
 1264      02008C00 
 1264      00000201 
 1264      FB0E0D00 
 1264      01010101 
 1265              	.LASF55:
 1266 0000 474E5520 		.ascii	"GNU C11 5.4.1 20160609 (release) [ARM/embedded-5-br"
 1266      43313120 
 1266      352E342E 
 1266      31203230 
 1266      31363036 
 1267 0033 616E6368 		.ascii	"anch revision 237715] -mcpu=cortex-m3 -mthumb -g -O"
 1267      20726576 
 1267      6973696F 
 1267      6E203233 
 1267      37373135 
 1268 0066 30202D66 		.ascii	"0 -ffunction-sections -ffat-lto-objects\000"
 1268      66756E63 
 1268      74696F6E 
 1268      2D736563 
 1268      74696F6E 
 1269              	.LASF56:
 1270 008e 47656E65 		.ascii	"Generated_Source\\PSoC5\\CapSense_CSD_MBX.c\000"
 1270      72617465 
 1270      645F536F 
 1270      75726365 
 1270      5C50536F 
 1271              	.LASF18:
 1272 00b8 7369676E 		.ascii	"signal\000"
 1272      616C00
 1273              	.LASF22:
 1274 00bf 43617053 		.ascii	"CapSense_CSD_OUTBOX\000"
 1274      656E7365 
 1274      5F435344 
 1274      5F4F5554 
 1274      424F5800 
 1275              	.LASF3:
 1276 00d3 73686F72 		.ascii	"short unsigned int\000"
 1276      7420756E 
 1276      7369676E 
 1276      65642069 
 1276      6E7400
 1277              	.LASF39:
 1278 00e6 746D7056 		.ascii	"tmpValue\000"
 1278      616C7565 
 1278      00
 1279              	.LASF47:
 1280 00ef 43617053 		.ascii	"CapSense_CSD_sensorSignal\000"
 1280      656E7365 
 1280      5F435344 
 1280      5F73656E 
 1280      736F7253 
 1281              	.LASF21:
 1282 0109 63686563 		.ascii	"checkSum\000"
 1282      6B53756D 
ARM GAS  C:\Users\ash750\AppData\Local\Temp\ccc3xuz1.s 			page 30


 1282      00
 1283              	.LASF42:
 1284 0112 43617053 		.ascii	"CapSense_CSD_ReadMessage\000"
 1284      656E7365 
 1284      5F435344 
 1284      5F526561 
 1284      644D6573 
 1285              	.LASF11:
 1286 012b 666C6F61 		.ascii	"float\000"
 1286      7400
 1287              	.LASF43:
 1288 0131 746D7049 		.ascii	"tmpInbox\000"
 1288      6E626F78 
 1288      00
 1289              	.LASF7:
 1290 013a 6C6F6E67 		.ascii	"long long unsigned int\000"
 1290      206C6F6E 
 1290      6720756E 
 1290      7369676E 
 1290      65642069 
 1291              	.LASF33:
 1292 0151 73697A65 		.ascii	"size\000"
 1292      00
 1293              	.LASF41:
 1294 0156 43617053 		.ascii	"CapSense_CSD_PostMessage\000"
 1294      656E7365 
 1294      5F435344 
 1294      5F506F73 
 1294      744D6573 
 1295              	.LASF30:
 1296 016f 616E616C 		.ascii	"analogSwitchDivider\000"
 1296      6F675377 
 1296      69746368 
 1296      44697669 
 1296      64657200 
 1297              	.LASF37:
 1298 0183 73656E73 		.ascii	"sensor\000"
 1298      6F7200
 1299              	.LASF35:
 1300 018a 696E626F 		.ascii	"inbox\000"
 1300      7800
 1301              	.LASF5:
 1302 0190 6C6F6E67 		.ascii	"long unsigned int\000"
 1302      20756E73 
 1302      69676E65 
 1302      6420696E 
 1302      7400
 1303              	.LASF9:
 1304 01a2 75696E74 		.ascii	"uint8\000"
 1304      3800
 1305              	.LASF54:
 1306 01a8 43617053 		.ascii	"CapSense_CSD_analogSwitchDivider\000"
 1306      656E7365 
 1306      5F435344 
 1306      5F616E61 
 1306      6C6F6753 
 1307              	.LASF48:
ARM GAS  C:\Users\ash750\AppData\Local\Temp\ccc3xuz1.s 			page 31


 1308 01c9 43617053 		.ascii	"CapSense_CSD_idacSettings\000"
 1308      656E7365 
 1308      5F435344 
 1308      5F696461 
 1308      63536574 
 1309              	.LASF1:
 1310 01e3 756E7369 		.ascii	"unsigned char\000"
 1310      676E6564 
 1310      20636861 
 1310      7200
 1311              	.LASF36:
 1312 01f1 43617053 		.ascii	"CapSense_CSD_MAILBOX\000"
 1312      656E7365 
 1312      5F435344 
 1312      5F4D4149 
 1312      4C424F58 
 1313              	.LASF12:
 1314 0206 646F7562 		.ascii	"double\000"
 1314      6C6500
 1315              	.LASF51:
 1316 020d 43617053 		.ascii	"CapSense_CSD_noiseThreshold\000"
 1316      656E7365 
 1316      5F435344 
 1316      5F6E6F69 
 1316      73655468 
 1317              	.LASF19:
 1318 0229 6F6E4D61 		.ascii	"onMask\000"
 1318      736B00
 1319              	.LASF10:
 1320 0230 75696E74 		.ascii	"uint16\000"
 1320      313600
 1321              	.LASF27:
 1322 0237 6E6F6973 		.ascii	"noiseThreshold\000"
 1322      65546872 
 1322      6573686F 
 1322      6C6400
 1323              	.LASF8:
 1324 0246 756E7369 		.ascii	"unsigned int\000"
 1324      676E6564 
 1324      20696E74 
 1324      00
 1325              	.LASF20:
 1326 0253 6E6F5265 		.ascii	"noReadMsg\000"
 1326      61644D73 
 1326      6700
 1327              	.LASF40:
 1328 025d 43617053 		.ascii	"CapSense_CSD_InitMailbox\000"
 1328      656E7365 
 1328      5F435344 
 1328      5F496E69 
 1328      744D6169 
 1329              	.LASF23:
 1330 0276 73656E73 		.ascii	"sensorIndex\000"
 1330      6F72496E 
 1330      64657800 
 1331              	.LASF24:
 1332 0282 69646163 		.ascii	"idacSettings\000"
ARM GAS  C:\Users\ash750\AppData\Local\Temp\ccc3xuz1.s 			page 32


 1332      53657474 
 1332      696E6773 
 1332      00
 1333              	.LASF29:
 1334 028f 6465626F 		.ascii	"debounce\000"
 1334      756E6365 
 1334      00
 1335              	.LASF38:
 1336 0298 77696467 		.ascii	"widget\000"
 1336      657400
 1337              	.LASF28:
 1338 029f 68797374 		.ascii	"hysteresis\000"
 1338      65726573 
 1338      697300
 1339              	.LASF52:
 1340 02aa 43617053 		.ascii	"CapSense_CSD_hysteresis\000"
 1340      656E7365 
 1340      5F435344 
 1340      5F687973 
 1340      74657265 
 1341              	.LASF15:
 1342 02c2 73697A65 		.ascii	"sizetype\000"
 1342      74797065 
 1342      00
 1343              	.LASF6:
 1344 02cb 6C6F6E67 		.ascii	"long long int\000"
 1344      206C6F6E 
 1344      6720696E 
 1344      7400
 1345              	.LASF49:
 1346 02d9 43617053 		.ascii	"CapSense_CSD_widgetResolution\000"
 1346      656E7365 
 1346      5F435344 
 1346      5F776964 
 1346      67657452 
 1347              	.LASF25:
 1348 02f7 7265736F 		.ascii	"resolution\000"
 1348      6C757469 
 1348      6F6E00
 1349              	.LASF26:
 1350 0302 66696E67 		.ascii	"fingerThreshold\000"
 1350      65725468 
 1350      72657368 
 1350      6F6C6400 
 1351              	.LASF32:
 1352 0312 74797065 		.ascii	"type\000"
 1352      00
 1353              	.LASF2:
 1354 0317 73686F72 		.ascii	"short int\000"
 1354      7420696E 
 1354      7400
 1355              	.LASF50:
 1356 0321 43617053 		.ascii	"CapSense_CSD_fingerThreshold\000"
 1356      656E7365 
 1356      5F435344 
 1356      5F66696E 
 1356      67657254 
ARM GAS  C:\Users\ash750\AppData\Local\Temp\ccc3xuz1.s 			page 33


 1357              	.LASF44:
 1358 033e 43617053 		.ascii	"CapSense_CSD_sensorRaw\000"
 1358      656E7365 
 1358      5F435344 
 1358      5F73656E 
 1358      736F7252 
 1359              	.LASF34:
 1360 0355 6F757462 		.ascii	"outbox\000"
 1360      6F7800
 1361              	.LASF46:
 1362 035c 43617053 		.ascii	"CapSense_CSD_sensorBaseline\000"
 1362      656E7365 
 1362      5F435344 
 1362      5F73656E 
 1362      736F7242 
 1363              	.LASF16:
 1364 0378 72617744 		.ascii	"rawData\000"
 1364      61746100 
 1365              	.LASF4:
 1366 0380 6C6F6E67 		.ascii	"long int\000"
 1366      20696E74 
 1366      00
 1367              	.LASF13:
 1368 0389 63686172 		.ascii	"char\000"
 1368      00
 1369              	.LASF57:
 1370 038e 483A5C50 		.ascii	"H:\\P4P\\New\\P4P_Project-130\\Capsense_stuff\\Cap_"
 1370      34505C4E 
 1370      65775C50 
 1370      34505F50 
 1370      726F6A65 
 1371 03bc 53656E73 		.ascii	"Sense.cydsn\\CapSense_CSD_WithTuner01.cydsn\000"
 1371      652E6379 
 1371      64736E5C 
 1371      43617053 
 1371      656E7365 
 1372              	.LASF14:
 1373 03e7 6C6F6E67 		.ascii	"long double\000"
 1373      20646F75 
 1373      626C6500 
 1374              	.LASF0:
 1375 03f3 7369676E 		.ascii	"signed char\000"
 1375      65642063 
 1375      68617200 
 1376              	.LASF45:
 1377 03ff 43617053 		.ascii	"CapSense_CSD_widgetNumber\000"
 1377      656E7365 
 1377      5F435344 
 1377      5F776964 
 1377      6765744E 
 1378              	.LASF17:
 1379 0419 62617365 		.ascii	"baseLine\000"
 1379      4C696E65 
 1379      00
 1380              	.LASF58:
 1381 0422 43617053 		.ascii	"CapSense_CSD_InitParams\000"
 1381      656E7365 
ARM GAS  C:\Users\ash750\AppData\Local\Temp\ccc3xuz1.s 			page 34


 1381      5F435344 
 1381      5F496E69 
 1381      74506172 
 1382              	.LASF31:
 1383 043a 43617053 		.ascii	"CapSense_CSD_INBOX\000"
 1383      656E7365 
 1383      5F435344 
 1383      5F494E42 
 1383      4F5800
 1384              	.LASF53:
 1385 044d 43617053 		.ascii	"CapSense_CSD_debounce\000"
 1385      656E7365 
 1385      5F435344 
 1385      5F646562 
 1385      6F756E63 
 1386              		.ident	"GCC: (GNU Tools for ARM Embedded Processors) 5.4.1 20160609 (release) [ARM/embedded-5-bran
