Archive member included to satisfy reference by file (symbol)

.\ARM_GCC_541\Debug\CapSense_CSD_WithTuner01.a(CapSense_CSD_TunerHelper.o)
                              .\ARM_GCC_541\Debug\main.o (CapSense_CSD_TunerStart)
.\ARM_GCC_541\Debug\CapSense_CSD_WithTuner01.a(CyLib.o)
                              .\ARM_GCC_541\Debug\Cm3Start.o (CyResetStatus)
.\ARM_GCC_541\Debug\CapSense_CSD_WithTuner01.a(cyPm.o)
                              .\ARM_GCC_541\Debug\CapSense_CSD_WithTuner01.a(CyLib.o) (CyPmReadStatus)
.\ARM_GCC_541\Debug\CapSense_CSD_WithTuner01.a(CyBootAsmGnu.o)
                              .\ARM_GCC_541\Debug\cyfitter_cfg.o (CyDelayCycles)
.\ARM_GCC_541\Debug\CapSense_CSD_WithTuner01.a(EzI2C.o)
                              .\ARM_GCC_541\Debug\CapSense_CSD_WithTuner01.a(CapSense_CSD_TunerHelper.o) (EzI2C_Start)
.\ARM_GCC_541\Debug\CapSense_CSD_WithTuner01.a(EzI2C_PM.o)
                              .\ARM_GCC_541\Debug\CapSense_CSD_WithTuner01.a(EzI2C.o) (EzI2C_backup)
.\ARM_GCC_541\Debug\CapSense_CSD_WithTuner01.a(EzI2C_INT.o)
                              .\ARM_GCC_541\Debug\CapSense_CSD_WithTuner01.a(EzI2C.o) (EzI2C_ISR)
.\ARM_GCC_541\Debug\CapSense_CSD_WithTuner01.a(CapSense_CSD.o)
                              .\ARM_GCC_541\Debug\CapSense_CSD_WithTuner01.a(CapSense_CSD_TunerHelper.o) (CapSense_CSD_Start)
.\ARM_GCC_541\Debug\CapSense_CSD_WithTuner01.a(CapSense_CSD_CSHL.o)
                              .\ARM_GCC_541\Debug\CapSense_CSD_WithTuner01.a(CapSense_CSD_TunerHelper.o) (CapSense_CSD_sensorOnMask)
.\ARM_GCC_541\Debug\CapSense_CSD_WithTuner01.a(CapSense_CSD_INT.o)
                              .\ARM_GCC_541\Debug\CapSense_CSD_WithTuner01.a(CapSense_CSD.o) (CapSense_CSD_IsrCH0_ISR)
.\ARM_GCC_541\Debug\CapSense_CSD_WithTuner01.a(CapSense_CSD_MBX.o)
                              .\ARM_GCC_541\Debug\CapSense_CSD_WithTuner01.a(CapSense_CSD_TunerHelper.o) (CapSense_CSD_InitMailbox)
.\ARM_GCC_541\Debug\CapSense_CSD_WithTuner01.a(CapSense_CSD_CompCH0.o)
                              .\ARM_GCC_541\Debug\CapSense_CSD_WithTuner01.a(CapSense_CSD.o) (CapSense_CSD_CompCH0_Init)
.\ARM_GCC_541\Debug\CapSense_CSD_WithTuner01.a(CapSense_CSD_IdacCH0.o)
                              .\ARM_GCC_541\Debug\CapSense_CSD_WithTuner01.a(CapSense_CSD.o) (CapSense_CSD_IdacCH0_Init)
.\ARM_GCC_541\Debug\CapSense_CSD_WithTuner01.a(CapSense_CSD_AMuxCH0.o)
                              .\ARM_GCC_541\Debug\CapSense_CSD_WithTuner01.a(CapSense_CSD.o) (CapSense_CSD_AMuxCH0_Init)
.\ARM_GCC_541\Debug\CapSense_CSD_WithTuner01.a(CapSense_CSD_IntClock.o)
                              .\ARM_GCC_541\Debug\CapSense_CSD_WithTuner01.a(CapSense_CSD.o) (CapSense_CSD_IntClock_Start)
.\ARM_GCC_541\Debug\CapSense_CSD_WithTuner01.a(CyFlash.o)
                              .\ARM_GCC_541\Debug\CapSense_CSD_WithTuner01.a(cyPm.o) (CyFlash_SetWaitCycles)
.\ARM_GCC_541\Debug\CapSense_CSD_WithTuner01.a(CySpc.o)
                              .\ARM_GCC_541\Debug\CapSense_CSD_WithTuner01.a(CyFlash.o) (CySpcStart)
c:/program files (x86)/cypress/psoc creator/4.2/psoc creator/import/gnu/arm/5.4.1/bin/../lib/gcc/arm-none-eabi/5.4.1/../../../../arm-none-eabi/lib/armv7-m\libg_nano.a(lib_a-errno.o)
                              .\ARM_GCC_541\Debug\Cm3Start.o (__errno)
c:/program files (x86)/cypress/psoc creator/4.2/psoc creator/import/gnu/arm/5.4.1/bin/../lib/gcc/arm-none-eabi/5.4.1/../../../../arm-none-eabi/lib/armv7-m\libg_nano.a(lib_a-exit.o)
                              c:/program files (x86)/cypress/psoc creator/4.2/psoc creator/import/gnu/arm/5.4.1/bin/../lib/gcc/arm-none-eabi/5.4.1/../../../../arm-none-eabi/lib/armv7-m/crt0.o (exit)
c:/program files (x86)/cypress/psoc creator/4.2/psoc creator/import/gnu/arm/5.4.1/bin/../lib/gcc/arm-none-eabi/5.4.1/../../../../arm-none-eabi/lib/armv7-m\libg_nano.a(lib_a-impure.o)
                              c:/program files (x86)/cypress/psoc creator/4.2/psoc creator/import/gnu/arm/5.4.1/bin/../lib/gcc/arm-none-eabi/5.4.1/../../../../arm-none-eabi/lib/armv7-m\libg_nano.a(lib_a-exit.o) (_global_impure_ptr)
c:/program files (x86)/cypress/psoc creator/4.2/psoc creator/import/gnu/arm/5.4.1/bin/../lib/gcc/arm-none-eabi/5.4.1/../../../../arm-none-eabi/lib/armv7-m\libg_nano.a(lib_a-init.o)
                              c:/program files (x86)/cypress/psoc creator/4.2/psoc creator/import/gnu/arm/5.4.1/bin/../lib/gcc/arm-none-eabi/5.4.1/../../../../arm-none-eabi/lib/armv7-m/crt0.o (__libc_init_array)
c:/program files (x86)/cypress/psoc creator/4.2/psoc creator/import/gnu/arm/5.4.1/bin/../lib/gcc/arm-none-eabi/5.4.1/../../../../arm-none-eabi/lib/armv7-m\libg_nano.a(lib_a-memcpy-stub.o)
                              .\ARM_GCC_541\Debug\cyfitter_cfg.o (memcpy)
c:/program files (x86)/cypress/psoc creator/4.2/psoc creator/import/gnu/arm/5.4.1/bin/../lib/gcc/arm-none-eabi/5.4.1/../../../../arm-none-eabi/lib/armv7-m\libg_nano.a(lib_a-memset.o)
                              c:/program files (x86)/cypress/psoc creator/4.2/psoc creator/import/gnu/arm/5.4.1/bin/../lib/gcc/arm-none-eabi/5.4.1/../../../../arm-none-eabi/lib/armv7-m/crt0.o (memset)

Allocating common symbols
Common symbol       size              file

CapSense_CSD_sensorIndex
                    0x1               .\ARM_GCC_541\Debug\CapSense_CSD_WithTuner01.a(CapSense_CSD.o)
EzI2C_rwIndexS1     0x2               .\ARM_GCC_541\Debug\CapSense_CSD_WithTuner01.a(EzI2C.o)
EzI2C_curStatus     0x1               .\ARM_GCC_541\Debug\CapSense_CSD_WithTuner01.a(EzI2C.o)
CapSense_CSD_mailboxesComm
                    0x3f              .\ARM_GCC_541\Debug\CapSense_CSD_WithTuner01.a(CapSense_CSD_TunerHelper.o)
CapSense_CSD_csv    0x1               .\ARM_GCC_541\Debug\CapSense_CSD_WithTuner01.a(CapSense_CSD.o)
EzI2C_rwOffsetS1    0x2               .\ARM_GCC_541\Debug\CapSense_CSD_WithTuner01.a(EzI2C.o)
CapSense_CSD_sensorSignal
                    0xe               .\ARM_GCC_541\Debug\CapSense_CSD_WithTuner01.a(CapSense_CSD_CSHL.o)
EzI2C_bufSizeS1     0x2               .\ARM_GCC_541\Debug\CapSense_CSD_WithTuner01.a(EzI2C.o)
EzI2C_curState      0x1               .\ARM_GCC_541\Debug\CapSense_CSD_WithTuner01.a(EzI2C.o)
EzI2C_wrProtectS1   0x2               .\ARM_GCC_541\Debug\CapSense_CSD_WithTuner01.a(EzI2C.o)
CapSense_CSD_sensorBaseline
                    0xe               .\ARM_GCC_541\Debug\CapSense_CSD_WithTuner01.a(CapSense_CSD_CSHL.o)
CapSense_CSD_sensorBaselineLow
                    0x7               .\ARM_GCC_541\Debug\CapSense_CSD_WithTuner01.a(CapSense_CSD_CSHL.o)
CapSense_CSD_sensorRaw
                    0xe               .\ARM_GCC_541\Debug\CapSense_CSD_WithTuner01.a(CapSense_CSD.o)
EzI2C_dataPtrS1     0x4               .\ARM_GCC_541\Debug\CapSense_CSD_WithTuner01.a(EzI2C.o)
CapSense_CSD_sensorOnMask
                    0x1               .\ARM_GCC_541\Debug\CapSense_CSD_WithTuner01.a(CapSense_CSD_CSHL.o)
CapSense_CSD_lowBaselineResetCnt
                    0x7               .\ARM_GCC_541\Debug\CapSense_CSD_WithTuner01.a(CapSense_CSD_CSHL.o)
dieTemperature      0x2               .\ARM_GCC_541\Debug\CapSense_CSD_WithTuner01.a(CyFlash.o)

Discarded input sections

 .text          0x00000000        0x0 c:/program files (x86)/cypress/psoc creator/4.2/psoc creator/import/gnu/arm/5.4.1/bin/../lib/gcc/arm-none-eabi/5.4.1/armv7-m/crti.o
 .data          0x00000000        0x0 c:/program files (x86)/cypress/psoc creator/4.2/psoc creator/import/gnu/arm/5.4.1/bin/../lib/gcc/arm-none-eabi/5.4.1/armv7-m/crti.o
 .bss           0x00000000        0x0 c:/program files (x86)/cypress/psoc creator/4.2/psoc creator/import/gnu/arm/5.4.1/bin/../lib/gcc/arm-none-eabi/5.4.1/armv7-m/crti.o
 .data          0x00000000        0x4 c:/program files (x86)/cypress/psoc creator/4.2/psoc creator/import/gnu/arm/5.4.1/bin/../lib/gcc/arm-none-eabi/5.4.1/armv7-m/crtbegin.o
 .text          0x00000000       0x74 c:/program files (x86)/cypress/psoc creator/4.2/psoc creator/import/gnu/arm/5.4.1/bin/../lib/gcc/arm-none-eabi/5.4.1/../../../../arm-none-eabi/lib/armv7-m/crt0.o
 .data          0x00000000        0x0 c:/program files (x86)/cypress/psoc creator/4.2/psoc creator/import/gnu/arm/5.4.1/bin/../lib/gcc/arm-none-eabi/5.4.1/../../../../arm-none-eabi/lib/armv7-m/crt0.o
 .bss           0x00000000        0x0 c:/program files (x86)/cypress/psoc creator/4.2/psoc creator/import/gnu/arm/5.4.1/bin/../lib/gcc/arm-none-eabi/5.4.1/../../../../arm-none-eabi/lib/armv7-m/crt0.o
 .ARM.extab     0x00000000        0x0 c:/program files (x86)/cypress/psoc creator/4.2/psoc creator/import/gnu/arm/5.4.1/bin/../lib/gcc/arm-none-eabi/5.4.1/../../../../arm-none-eabi/lib/armv7-m/crt0.o
 .ARM.exidx     0x00000000        0x8 c:/program files (x86)/cypress/psoc creator/4.2/psoc creator/import/gnu/arm/5.4.1/bin/../lib/gcc/arm-none-eabi/5.4.1/../../../../arm-none-eabi/lib/armv7-m/crt0.o
 .text          0x00000000        0x0 .\ARM_GCC_541\Debug\main.o
 .data          0x00000000        0x0 .\ARM_GCC_541\Debug\main.o
 .bss           0x00000000        0x0 .\ARM_GCC_541\Debug\main.o
 .text          0x00000000        0x0 .\ARM_GCC_541\Debug\cyfitter_cfg.o
 .data          0x00000000        0x0 .\ARM_GCC_541\Debug\cyfitter_cfg.o
 .bss           0x00000000        0x0 .\ARM_GCC_541\Debug\cyfitter_cfg.o
 .text.CYCONFIGCPYCODE
                0x00000000       0x20 .\ARM_GCC_541\Debug\cyfitter_cfg.o
 .text.SetAnalogRoutingPumps
                0x00000000       0x3c .\ARM_GCC_541\Debug\cyfitter_cfg.o
 .text          0x00000000        0x0 .\ARM_GCC_541\Debug\cymetadata.o
 .data          0x00000000        0x0 .\ARM_GCC_541\Debug\cymetadata.o
 .bss           0x00000000        0x0 .\ARM_GCC_541\Debug\cymetadata.o
 .text          0x00000000        0x0 .\ARM_GCC_541\Debug\Cm3Start.o
 .data          0x00000000        0x4 .\ARM_GCC_541\Debug\Cm3Start.o
 .bss           0x00000000        0x0 .\ARM_GCC_541\Debug\Cm3Start.o
 .text._exit    0x00000000       0x14 .\ARM_GCC_541\Debug\Cm3Start.o
 .text._sbrk    0x00000000       0x50 .\ARM_GCC_541\Debug\Cm3Start.o
 .text          0x00000000        0x0 .\ARM_GCC_541\Debug\CapSense_CSD_WithTuner01.a(CapSense_CSD_TunerHelper.o)
 .data          0x00000000        0x0 .\ARM_GCC_541\Debug\CapSense_CSD_WithTuner01.a(CapSense_CSD_TunerHelper.o)
 .bss           0x00000000        0x0 .\ARM_GCC_541\Debug\CapSense_CSD_WithTuner01.a(CapSense_CSD_TunerHelper.o)
 .text          0x00000000        0x0 .\ARM_GCC_541\Debug\CapSense_CSD_WithTuner01.a(CyLib.o)
 .data          0x00000000       0x10 .\ARM_GCC_541\Debug\CapSense_CSD_WithTuner01.a(CyLib.o)
 .bss           0x00000000       0x19 .\ARM_GCC_541\Debug\CapSense_CSD_WithTuner01.a(CyLib.o)
 .text.CyPLL_OUT_Start
                0x00000000       0xb0 .\ARM_GCC_541\Debug\CapSense_CSD_WithTuner01.a(CyLib.o)
 .text.CyPLL_OUT_Stop
                0x00000000       0x20 .\ARM_GCC_541\Debug\CapSense_CSD_WithTuner01.a(CyLib.o)
 .text.CyPLL_OUT_SetPQ
                0x00000000       0x94 .\ARM_GCC_541\Debug\CapSense_CSD_WithTuner01.a(CyLib.o)
 .text.CyPLL_OUT_SetSource
                0x00000000       0x58 .\ARM_GCC_541\Debug\CapSense_CSD_WithTuner01.a(CyLib.o)
 .text.CyIMO_Start
                0x00000000       0x94 .\ARM_GCC_541\Debug\CapSense_CSD_WithTuner01.a(CyLib.o)
 .text.CyIMO_Stop
                0x00000000       0x34 .\ARM_GCC_541\Debug\CapSense_CSD_WithTuner01.a(CyLib.o)
 .text.CyUSB_PowerOnCheck
                0x00000000       0x60 .\ARM_GCC_541\Debug\CapSense_CSD_WithTuner01.a(CyLib.o)
 .text.CyIMO_SetTrimValue
                0x00000000      0x108 .\ARM_GCC_541\Debug\CapSense_CSD_WithTuner01.a(CyLib.o)
 .text.CyIMO_SetFreq
                0x00000000      0x1b0 .\ARM_GCC_541\Debug\CapSense_CSD_WithTuner01.a(CyLib.o)
 .text.CyIMO_SetSource
                0x00000000       0x8c .\ARM_GCC_541\Debug\CapSense_CSD_WithTuner01.a(CyLib.o)
 .text.CyIMO_EnableDoubler
                0x00000000       0x20 .\ARM_GCC_541\Debug\CapSense_CSD_WithTuner01.a(CyLib.o)
 .text.CyIMO_DisableDoubler
                0x00000000       0x20 .\ARM_GCC_541\Debug\CapSense_CSD_WithTuner01.a(CyLib.o)
 .text.CyMasterClk_SetSource
                0x00000000       0x34 .\ARM_GCC_541\Debug\CapSense_CSD_WithTuner01.a(CyLib.o)
 .text.CyMasterClk_SetDivider
                0x00000000       0x20 .\ARM_GCC_541\Debug\CapSense_CSD_WithTuner01.a(CyLib.o)
 .text.CyBusClk_Internal_SetDivider
                0x00000000       0x78 .\ARM_GCC_541\Debug\CapSense_CSD_WithTuner01.a(CyLib.o)
 .text.CyBusClk_SetDivider
                0x00000000       0xb4 .\ARM_GCC_541\Debug\CapSense_CSD_WithTuner01.a(CyLib.o)
 .text.CyUsbClk_SetSource
                0x00000000       0x34 .\ARM_GCC_541\Debug\CapSense_CSD_WithTuner01.a(CyLib.o)
 .text.CyILO_Start1K
                0x00000000       0x20 .\ARM_GCC_541\Debug\CapSense_CSD_WithTuner01.a(CyLib.o)
 .text.CyILO_Stop1K
                0x00000000       0x20 .\ARM_GCC_541\Debug\CapSense_CSD_WithTuner01.a(CyLib.o)
 .text.CyILO_Start100K
                0x00000000       0x20 .\ARM_GCC_541\Debug\CapSense_CSD_WithTuner01.a(CyLib.o)
 .text.CyILO_Stop100K
                0x00000000       0x20 .\ARM_GCC_541\Debug\CapSense_CSD_WithTuner01.a(CyLib.o)
 .text.CyILO_Enable33K
                0x00000000       0x20 .\ARM_GCC_541\Debug\CapSense_CSD_WithTuner01.a(CyLib.o)
 .text.CyILO_Disable33K
                0x00000000       0x20 .\ARM_GCC_541\Debug\CapSense_CSD_WithTuner01.a(CyLib.o)
 .text.CyILO_SetSource
                0x00000000       0x38 .\ARM_GCC_541\Debug\CapSense_CSD_WithTuner01.a(CyLib.o)
 .text.CyILO_SetPowerMode
                0x00000000       0x4c .\ARM_GCC_541\Debug\CapSense_CSD_WithTuner01.a(CyLib.o)
 .text.CyXTAL_32KHZ_Start
                0x00000000       0x88 .\ARM_GCC_541\Debug\CapSense_CSD_WithTuner01.a(CyLib.o)
 .text.CyXTAL_32KHZ_Stop
                0x00000000       0x50 .\ARM_GCC_541\Debug\CapSense_CSD_WithTuner01.a(CyLib.o)
 .text.CyXTAL_32KHZ_ReadStatus
                0x00000000       0x1c .\ARM_GCC_541\Debug\CapSense_CSD_WithTuner01.a(CyLib.o)
 .text.CyXTAL_32KHZ_SetPowerMode
                0x00000000       0xb4 .\ARM_GCC_541\Debug\CapSense_CSD_WithTuner01.a(CyLib.o)
 .text.CyXTAL_Start
                0x00000000       0xd0 .\ARM_GCC_541\Debug\CapSense_CSD_WithTuner01.a(CyLib.o)
 .text.CyXTAL_Stop
                0x00000000       0x20 .\ARM_GCC_541\Debug\CapSense_CSD_WithTuner01.a(CyLib.o)
 .text.CyXTAL_EnableErrStatus
                0x00000000       0x20 .\ARM_GCC_541\Debug\CapSense_CSD_WithTuner01.a(CyLib.o)
 .text.CyXTAL_DisableErrStatus
                0x00000000       0x20 .\ARM_GCC_541\Debug\CapSense_CSD_WithTuner01.a(CyLib.o)
 .text.CyXTAL_ReadStatus
                0x00000000       0x24 .\ARM_GCC_541\Debug\CapSense_CSD_WithTuner01.a(CyLib.o)
 .text.CyXTAL_EnableFaultRecovery
                0x00000000       0x20 .\ARM_GCC_541\Debug\CapSense_CSD_WithTuner01.a(CyLib.o)
 .text.CyXTAL_DisableFaultRecovery
                0x00000000       0x20 .\ARM_GCC_541\Debug\CapSense_CSD_WithTuner01.a(CyLib.o)
 .text.CyXTAL_SetStartup
                0x00000000       0x34 .\ARM_GCC_541\Debug\CapSense_CSD_WithTuner01.a(CyLib.o)
 .text.CyXTAL_SetFbVoltage
                0x00000000       0x34 .\ARM_GCC_541\Debug\CapSense_CSD_WithTuner01.a(CyLib.o)
 .text.CyXTAL_SetWdVoltage
                0x00000000       0x38 .\ARM_GCC_541\Debug\CapSense_CSD_WithTuner01.a(CyLib.o)
 .text.CySoftwareReset
                0x00000000       0x20 .\ARM_GCC_541\Debug\CapSense_CSD_WithTuner01.a(CyLib.o)
 .text.CyDelay  0x00000000       0x44 .\ARM_GCC_541\Debug\CapSense_CSD_WithTuner01.a(CyLib.o)
 .text.CyDelayUs
                0x00000000       0x28 .\ARM_GCC_541\Debug\CapSense_CSD_WithTuner01.a(CyLib.o)
 .text.CyDelayFreq
                0x00000000       0x7c .\ARM_GCC_541\Debug\CapSense_CSD_WithTuner01.a(CyLib.o)
 .text.CyWdtStart
                0x00000000       0x8c .\ARM_GCC_541\Debug\CapSense_CSD_WithTuner01.a(CyLib.o)
 .text.CyWdtClear
                0x00000000       0x18 .\ARM_GCC_541\Debug\CapSense_CSD_WithTuner01.a(CyLib.o)
 .text.CyVdLvDigitEnable
                0x00000000       0xcc .\ARM_GCC_541\Debug\CapSense_CSD_WithTuner01.a(CyLib.o)
 .text.CyVdLvAnalogEnable
                0x00000000       0xcc .\ARM_GCC_541\Debug\CapSense_CSD_WithTuner01.a(CyLib.o)
 .text.CyVdLvDigitDisable
                0x00000000       0x48 .\ARM_GCC_541\Debug\CapSense_CSD_WithTuner01.a(CyLib.o)
 .text.CyVdLvAnalogDisable
                0x00000000       0x44 .\ARM_GCC_541\Debug\CapSense_CSD_WithTuner01.a(CyLib.o)
 .text.CyVdHvAnalogEnable
                0x00000000       0x7c .\ARM_GCC_541\Debug\CapSense_CSD_WithTuner01.a(CyLib.o)
 .text.CyVdHvAnalogDisable
                0x00000000       0x30 .\ARM_GCC_541\Debug\CapSense_CSD_WithTuner01.a(CyLib.o)
 .text.CyVdStickyStatus
                0x00000000       0x5c .\ARM_GCC_541\Debug\CapSense_CSD_WithTuner01.a(CyLib.o)
 .text.CyVdRealTimeStatus
                0x00000000       0x30 .\ARM_GCC_541\Debug\CapSense_CSD_WithTuner01.a(CyLib.o)
 .text.CyDisableInts
                0x00000000       0x34 .\ARM_GCC_541\Debug\CapSense_CSD_WithTuner01.a(CyLib.o)
 .text.CyEnableInts
                0x00000000       0x2c .\ARM_GCC_541\Debug\CapSense_CSD_WithTuner01.a(CyLib.o)
 .text.CyFlushCache
                0x00000000       0x5c .\ARM_GCC_541\Debug\CapSense_CSD_WithTuner01.a(CyLib.o)
 .text.CyIntSetSysVector
                0x00000000       0x4c .\ARM_GCC_541\Debug\CapSense_CSD_WithTuner01.a(CyLib.o)
 .text.CyIntGetSysVector
                0x00000000       0x38 .\ARM_GCC_541\Debug\CapSense_CSD_WithTuner01.a(CyLib.o)
 .text.CyIntGetVector
                0x00000000       0x38 .\ARM_GCC_541\Debug\CapSense_CSD_WithTuner01.a(CyLib.o)
 .text.CyIntGetPriority
                0x00000000       0x38 .\ARM_GCC_541\Debug\CapSense_CSD_WithTuner01.a(CyLib.o)
 .text.CyIntGetState
                0x00000000       0x44 .\ARM_GCC_541\Debug\CapSense_CSD_WithTuner01.a(CyLib.o)
 .text.CySysTickStart
                0x00000000       0x24 .\ARM_GCC_541\Debug\CapSense_CSD_WithTuner01.a(CyLib.o)
 .text.CySysTickInit
                0x00000000       0x6c .\ARM_GCC_541\Debug\CapSense_CSD_WithTuner01.a(CyLib.o)
 .text.CySysTickEnable
                0x00000000       0x1c .\ARM_GCC_541\Debug\CapSense_CSD_WithTuner01.a(CyLib.o)
 .text.CySysTickStop
                0x00000000       0x1c .\ARM_GCC_541\Debug\CapSense_CSD_WithTuner01.a(CyLib.o)
 .text.CySysTickEnableInterrupt
                0x00000000       0x1c .\ARM_GCC_541\Debug\CapSense_CSD_WithTuner01.a(CyLib.o)
 .text.CySysTickDisableInterrupt
                0x00000000       0x1c .\ARM_GCC_541\Debug\CapSense_CSD_WithTuner01.a(CyLib.o)
 .text.CySysTickSetReload
                0x00000000       0x20 .\ARM_GCC_541\Debug\CapSense_CSD_WithTuner01.a(CyLib.o)
 .text.CySysTickGetReload
                0x00000000       0x18 .\ARM_GCC_541\Debug\CapSense_CSD_WithTuner01.a(CyLib.o)
 .text.CySysTickGetValue
                0x00000000       0x18 .\ARM_GCC_541\Debug\CapSense_CSD_WithTuner01.a(CyLib.o)
 .text.CySysTickSetClockSource
                0x00000000       0x38 .\ARM_GCC_541\Debug\CapSense_CSD_WithTuner01.a(CyLib.o)
 .text.CySysTickGetClockSource
                0x00000000       0x1c .\ARM_GCC_541\Debug\CapSense_CSD_WithTuner01.a(CyLib.o)
 .text.CySysTickGetCountFlag
                0x00000000       0x1c .\ARM_GCC_541\Debug\CapSense_CSD_WithTuner01.a(CyLib.o)
 .text.CySysTickClear
                0x00000000       0x18 .\ARM_GCC_541\Debug\CapSense_CSD_WithTuner01.a(CyLib.o)
 .text.CySysTickSetCallback
                0x00000000       0x30 .\ARM_GCC_541\Debug\CapSense_CSD_WithTuner01.a(CyLib.o)
 .text.CySysTickGetCallback
                0x00000000       0x20 .\ARM_GCC_541\Debug\CapSense_CSD_WithTuner01.a(CyLib.o)
 .text.CySysTickServiceCallbacks
                0x00000000       0x44 .\ARM_GCC_541\Debug\CapSense_CSD_WithTuner01.a(CyLib.o)
 .text.CyGetUniqueId
                0x00000000       0xc4 .\ARM_GCC_541\Debug\CapSense_CSD_WithTuner01.a(CyLib.o)
 .text          0x00000000        0x0 .\ARM_GCC_541\Debug\CapSense_CSD_WithTuner01.a(cyPm.o)
 .data          0x00000000        0x0 .\ARM_GCC_541\Debug\CapSense_CSD_WithTuner01.a(cyPm.o)
 .bss           0x00000000       0x43 .\ARM_GCC_541\Debug\CapSense_CSD_WithTuner01.a(cyPm.o)
 .rodata        0x00000000        0xf .\ARM_GCC_541\Debug\CapSense_CSD_WithTuner01.a(cyPm.o)
 .text.CyPmSaveClocks
                0x00000000      0x288 .\ARM_GCC_541\Debug\CapSense_CSD_WithTuner01.a(cyPm.o)
 .text.CyPmRestoreClocks
                0x00000000      0x2f0 .\ARM_GCC_541\Debug\CapSense_CSD_WithTuner01.a(cyPm.o)
 .text.CyPmAltAct
                0x00000000       0xbc .\ARM_GCC_541\Debug\CapSense_CSD_WithTuner01.a(cyPm.o)
 .text.CyPmSleep
                0x00000000      0x170 .\ARM_GCC_541\Debug\CapSense_CSD_WithTuner01.a(cyPm.o)
 .text.CyPmHibernate
                0x00000000       0x10 .\ARM_GCC_541\Debug\CapSense_CSD_WithTuner01.a(cyPm.o)
 .text.CyPmHibernateEx
                0x00000000      0x158 .\ARM_GCC_541\Debug\CapSense_CSD_WithTuner01.a(cyPm.o)
 .text.CyPmReadStatus
                0x00000000       0x5c .\ARM_GCC_541\Debug\CapSense_CSD_WithTuner01.a(cyPm.o)
 .text.CyPmHibSaveSet
                0x00000000       0xe8 .\ARM_GCC_541\Debug\CapSense_CSD_WithTuner01.a(cyPm.o)
 .text.CyPmHibRestore
                0x00000000       0x78 .\ARM_GCC_541\Debug\CapSense_CSD_WithTuner01.a(cyPm.o)
 .text.CyPmCtwSetInterval
                0x00000000       0x94 .\ARM_GCC_541\Debug\CapSense_CSD_WithTuner01.a(cyPm.o)
 .text.CyPmOppsSet
                0x00000000       0x44 .\ARM_GCC_541\Debug\CapSense_CSD_WithTuner01.a(cyPm.o)
 .text.CyPmFtwSetInterval
                0x00000000       0x94 .\ARM_GCC_541\Debug\CapSense_CSD_WithTuner01.a(cyPm.o)
 .text.CyPmHibSlpSaveSet
                0x00000000      0x280 .\ARM_GCC_541\Debug\CapSense_CSD_WithTuner01.a(cyPm.o)
 .text.CyPmHibSlpRestore
                0x00000000      0x18c .\ARM_GCC_541\Debug\CapSense_CSD_WithTuner01.a(cyPm.o)
 .text.CyPmHviLviSaveDisable
                0x00000000       0xd8 .\ARM_GCC_541\Debug\CapSense_CSD_WithTuner01.a(cyPm.o)
 .text.CyPmHviLviRestore
                0x00000000       0x58 .\ARM_GCC_541\Debug\CapSense_CSD_WithTuner01.a(cyPm.o)
 .data          0x00000000        0x0 .\ARM_GCC_541\Debug\CapSense_CSD_WithTuner01.a(CyBootAsmGnu.o)
 .bss           0x00000000        0x0 .\ARM_GCC_541\Debug\CapSense_CSD_WithTuner01.a(CyBootAsmGnu.o)
 .text          0x00000000        0x0 .\ARM_GCC_541\Debug\CapSense_CSD_WithTuner01.a(EzI2C.o)
 .data          0x00000000        0x0 .\ARM_GCC_541\Debug\CapSense_CSD_WithTuner01.a(EzI2C.o)
 .text.EzI2C_Stop
                0x00000000      0x108 .\ARM_GCC_541\Debug\CapSense_CSD_WithTuner01.a(EzI2C.o)
 .text.EzI2C_SetAddress1
                0x00000000       0x24 .\ARM_GCC_541\Debug\CapSense_CSD_WithTuner01.a(EzI2C.o)
 .text.EzI2C_GetAddress1
                0x00000000       0x18 .\ARM_GCC_541\Debug\CapSense_CSD_WithTuner01.a(EzI2C.o)
 .text          0x00000000        0x0 .\ARM_GCC_541\Debug\CapSense_CSD_WithTuner01.a(EzI2C_PM.o)
 .data          0x00000000        0x6 .\ARM_GCC_541\Debug\CapSense_CSD_WithTuner01.a(EzI2C_PM.o)
 .bss           0x00000000        0x0 .\ARM_GCC_541\Debug\CapSense_CSD_WithTuner01.a(EzI2C_PM.o)
 .text.EzI2C_SaveConfig
                0x00000000       0x58 .\ARM_GCC_541\Debug\CapSense_CSD_WithTuner01.a(EzI2C_PM.o)
 .text.EzI2C_RestoreConfig
                0x00000000       0x84 .\ARM_GCC_541\Debug\CapSense_CSD_WithTuner01.a(EzI2C_PM.o)
 .text.EzI2C_Sleep
                0x00000000       0x30 .\ARM_GCC_541\Debug\CapSense_CSD_WithTuner01.a(EzI2C_PM.o)
 .text.EzI2C_Wakeup
                0x00000000       0x1c .\ARM_GCC_541\Debug\CapSense_CSD_WithTuner01.a(EzI2C_PM.o)
 .text          0x00000000        0x0 .\ARM_GCC_541\Debug\CapSense_CSD_WithTuner01.a(EzI2C_INT.o)
 .data          0x00000000        0x0 .\ARM_GCC_541\Debug\CapSense_CSD_WithTuner01.a(EzI2C_INT.o)
 .text          0x00000000        0x0 .\ARM_GCC_541\Debug\CapSense_CSD_WithTuner01.a(CapSense_CSD.o)
 .text.CapSense_CSD_Stop
                0x00000000       0x98 .\ARM_GCC_541\Debug\CapSense_CSD_WithTuner01.a(CapSense_CSD.o)
 .text.CapSense_CSD_ReadSensorRaw
                0x00000000       0x20 .\ARM_GCC_541\Debug\CapSense_CSD_WithTuner01.a(CapSense_CSD.o)
 .text.CapSense_CSD_GetPrescaler
                0x00000000       0x20 .\ARM_GCC_541\Debug\CapSense_CSD_WithTuner01.a(CapSense_CSD.o)
 .text.CapSense_CSD_SetScanSpeed
                0x00000000       0x20 .\ARM_GCC_541\Debug\CapSense_CSD_WithTuner01.a(CapSense_CSD.o)
 .text          0x00000000        0x0 .\ARM_GCC_541\Debug\CapSense_CSD_WithTuner01.a(CapSense_CSD_CSHL.o)
 .text.CapSense_CSD_InitializeEnabledBaselines
                0x00000000       0x70 .\ARM_GCC_541\Debug\CapSense_CSD_WithTuner01.a(CapSense_CSD_CSHL.o)
 .text.CapSense_CSD_EnableWidget
                0x00000000       0x68 .\ARM_GCC_541\Debug\CapSense_CSD_WithTuner01.a(CapSense_CSD_CSHL.o)
 .text.CapSense_CSD_DisableWidget
                0x00000000       0x6c .\ARM_GCC_541\Debug\CapSense_CSD_WithTuner01.a(CapSense_CSD_CSHL.o)
 .text          0x00000000        0x0 .\ARM_GCC_541\Debug\CapSense_CSD_WithTuner01.a(CapSense_CSD_INT.o)
 .data          0x00000000        0x0 .\ARM_GCC_541\Debug\CapSense_CSD_WithTuner01.a(CapSense_CSD_INT.o)
 .bss           0x00000000        0x0 .\ARM_GCC_541\Debug\CapSense_CSD_WithTuner01.a(CapSense_CSD_INT.o)
 .text          0x00000000        0x0 .\ARM_GCC_541\Debug\CapSense_CSD_WithTuner01.a(CapSense_CSD_MBX.o)
 .data          0x00000000        0x0 .\ARM_GCC_541\Debug\CapSense_CSD_WithTuner01.a(CapSense_CSD_MBX.o)
 .bss           0x00000000        0x0 .\ARM_GCC_541\Debug\CapSense_CSD_WithTuner01.a(CapSense_CSD_MBX.o)
 .text          0x00000000        0x0 .\ARM_GCC_541\Debug\CapSense_CSD_WithTuner01.a(CapSense_CSD_CompCH0.o)
 .data          0x00000000        0x0 .\ARM_GCC_541\Debug\CapSense_CSD_WithTuner01.a(CapSense_CSD_CompCH0.o)
 .bss           0x00000000        0x1 .\ARM_GCC_541\Debug\CapSense_CSD_WithTuner01.a(CapSense_CSD_CompCH0.o)
 .text.CapSense_CSD_CompCH0_Start
                0x00000000       0x24 .\ARM_GCC_541\Debug\CapSense_CSD_WithTuner01.a(CapSense_CSD_CompCH0.o)
 .text.CapSense_CSD_CompCH0_Stop
                0x00000000       0x34 .\ARM_GCC_541\Debug\CapSense_CSD_WithTuner01.a(CapSense_CSD_CompCH0.o)
 .text.CapSense_CSD_CompCH0_GetCompare
                0x00000000       0x1c .\ARM_GCC_541\Debug\CapSense_CSD_WithTuner01.a(CapSense_CSD_CompCH0.o)
 .text.CapSense_CSD_CompCH0_trimAdjust
                0x00000000       0xc0 .\ARM_GCC_541\Debug\CapSense_CSD_WithTuner01.a(CapSense_CSD_CompCH0.o)
 .text.CapSense_CSD_CompCH0_ZeroCal
                0x00000000       0xc4 .\ARM_GCC_541\Debug\CapSense_CSD_WithTuner01.a(CapSense_CSD_CompCH0.o)
 .text.CapSense_CSD_CompCH0_LoadTrim
                0x00000000       0x30 .\ARM_GCC_541\Debug\CapSense_CSD_WithTuner01.a(CapSense_CSD_CompCH0.o)
 .text.CapSense_CSD_CompCH0_PwrDwnOverrideEnable
                0x00000000       0x20 .\ARM_GCC_541\Debug\CapSense_CSD_WithTuner01.a(CapSense_CSD_CompCH0.o)
 .text.CapSense_CSD_CompCH0_PwrDwnOverrideDisable
                0x00000000       0x20 .\ARM_GCC_541\Debug\CapSense_CSD_WithTuner01.a(CapSense_CSD_CompCH0.o)
 .text          0x00000000        0x0 .\ARM_GCC_541\Debug\CapSense_CSD_WithTuner01.a(CapSense_CSD_IdacCH0.o)
 .data          0x00000000        0x0 .\ARM_GCC_541\Debug\CapSense_CSD_WithTuner01.a(CapSense_CSD_IdacCH0.o)
 .bss           0x00000000        0x1 .\ARM_GCC_541\Debug\CapSense_CSD_WithTuner01.a(CapSense_CSD_IdacCH0.o)
 .text.CapSense_CSD_IdacCH0_Start
                0x00000000       0x28 .\ARM_GCC_541\Debug\CapSense_CSD_WithTuner01.a(CapSense_CSD_IdacCH0.o)
 .text.CapSense_CSD_IdacCH0_Stop
                0x00000000       0x34 .\ARM_GCC_541\Debug\CapSense_CSD_WithTuner01.a(CapSense_CSD_IdacCH0.o)
 .text          0x00000000        0x0 .\ARM_GCC_541\Debug\CapSense_CSD_WithTuner01.a(CapSense_CSD_AMuxCH0.o)
 .data          0x00000000        0x1 .\ARM_GCC_541\Debug\CapSense_CSD_WithTuner01.a(CapSense_CSD_AMuxCH0.o)
 .bss           0x00000000        0x1 .\ARM_GCC_541\Debug\CapSense_CSD_WithTuner01.a(CapSense_CSD_AMuxCH0.o)
 .text.CapSense_CSD_AMuxCH0_Start
                0x00000000       0x18 .\ARM_GCC_541\Debug\CapSense_CSD_WithTuner01.a(CapSense_CSD_AMuxCH0.o)
 .text.CapSense_CSD_AMuxCH0_Stop
                0x00000000        0xc .\ARM_GCC_541\Debug\CapSense_CSD_WithTuner01.a(CapSense_CSD_AMuxCH0.o)
 .text.CapSense_CSD_AMuxCH0_Select
                0x00000000       0x28 .\ARM_GCC_541\Debug\CapSense_CSD_WithTuner01.a(CapSense_CSD_AMuxCH0.o)
 .text.CapSense_CSD_AMuxCH0_FastSelect
                0x00000000       0x38 .\ARM_GCC_541\Debug\CapSense_CSD_WithTuner01.a(CapSense_CSD_AMuxCH0.o)
 .text          0x00000000        0x0 .\ARM_GCC_541\Debug\CapSense_CSD_WithTuner01.a(CapSense_CSD_IntClock.o)
 .data          0x00000000        0x0 .\ARM_GCC_541\Debug\CapSense_CSD_WithTuner01.a(CapSense_CSD_IntClock.o)
 .bss           0x00000000        0x0 .\ARM_GCC_541\Debug\CapSense_CSD_WithTuner01.a(CapSense_CSD_IntClock.o)
 .text.CapSense_CSD_IntClock_Stop
                0x00000000       0x34 .\ARM_GCC_541\Debug\CapSense_CSD_WithTuner01.a(CapSense_CSD_IntClock.o)
 .text.CapSense_CSD_IntClock_StopBlock
                0x00000000       0xb0 .\ARM_GCC_541\Debug\CapSense_CSD_WithTuner01.a(CapSense_CSD_IntClock.o)
 .text.CapSense_CSD_IntClock_StandbyPower
                0x00000000       0x40 .\ARM_GCC_541\Debug\CapSense_CSD_WithTuner01.a(CapSense_CSD_IntClock.o)
 .text.CapSense_CSD_IntClock_SetDividerRegister
                0x00000000      0x164 .\ARM_GCC_541\Debug\CapSense_CSD_WithTuner01.a(CapSense_CSD_IntClock.o)
 .text.CapSense_CSD_IntClock_GetDividerRegister
                0x00000000       0x18 .\ARM_GCC_541\Debug\CapSense_CSD_WithTuner01.a(CapSense_CSD_IntClock.o)
 .text.CapSense_CSD_IntClock_SetModeRegister
                0x00000000       0x34 .\ARM_GCC_541\Debug\CapSense_CSD_WithTuner01.a(CapSense_CSD_IntClock.o)
 .text.CapSense_CSD_IntClock_ClearModeRegister
                0x00000000       0x34 .\ARM_GCC_541\Debug\CapSense_CSD_WithTuner01.a(CapSense_CSD_IntClock.o)
 .text.CapSense_CSD_IntClock_GetModeRegister
                0x00000000       0x1c .\ARM_GCC_541\Debug\CapSense_CSD_WithTuner01.a(CapSense_CSD_IntClock.o)
 .text.CapSense_CSD_IntClock_SetSourceRegister
                0x00000000       0xc4 .\ARM_GCC_541\Debug\CapSense_CSD_WithTuner01.a(CapSense_CSD_IntClock.o)
 .text.CapSense_CSD_IntClock_GetSourceRegister
                0x00000000       0x1c .\ARM_GCC_541\Debug\CapSense_CSD_WithTuner01.a(CapSense_CSD_IntClock.o)
 .text          0x00000000        0x0 .\ARM_GCC_541\Debug\CapSense_CSD_WithTuner01.a(CyFlash.o)
 .data          0x00000000        0x0 .\ARM_GCC_541\Debug\CapSense_CSD_WithTuner01.a(CyFlash.o)
 .bss           0x00000000        0x4 .\ARM_GCC_541\Debug\CapSense_CSD_WithTuner01.a(CyFlash.o)
 .text.CyFlash_Start
                0x00000000       0x8c .\ARM_GCC_541\Debug\CapSense_CSD_WithTuner01.a(CyFlash.o)
 .text.CyFlash_Stop
                0x00000000       0x48 .\ARM_GCC_541\Debug\CapSense_CSD_WithTuner01.a(CyFlash.o)
 .text.CySetTempInt
                0x00000000       0x7c .\ARM_GCC_541\Debug\CapSense_CSD_WithTuner01.a(CyFlash.o)
 .text.CyFlashGetSpcAlgorithm
                0x00000000       0x70 .\ARM_GCC_541\Debug\CapSense_CSD_WithTuner01.a(CyFlash.o)
 .text.CySetTemp
                0x00000000       0x24 .\ARM_GCC_541\Debug\CapSense_CSD_WithTuner01.a(CyFlash.o)
 .text.CySetFlashEEBuffer
                0x00000000       0x54 .\ARM_GCC_541\Debug\CapSense_CSD_WithTuner01.a(CyFlash.o)
 .text.CyWriteRowData
                0x00000000       0x38 .\ARM_GCC_541\Debug\CapSense_CSD_WithTuner01.a(CyFlash.o)
 .text.CyWriteRowFull
                0x00000000      0x154 .\ARM_GCC_541\Debug\CapSense_CSD_WithTuner01.a(CyFlash.o)
 .text.CyFlash_SetWaitCycles
                0x00000000       0xbc .\ARM_GCC_541\Debug\CapSense_CSD_WithTuner01.a(CyFlash.o)
 .text.CyEEPROM_Start
                0x00000000       0x8c .\ARM_GCC_541\Debug\CapSense_CSD_WithTuner01.a(CyFlash.o)
 .text.CyEEPROM_Stop
                0x00000000       0x48 .\ARM_GCC_541\Debug\CapSense_CSD_WithTuner01.a(CyFlash.o)
 .text.CyEEPROM_ReadReserve
                0x00000000       0x30 .\ARM_GCC_541\Debug\CapSense_CSD_WithTuner01.a(CyFlash.o)
 .text.CyEEPROM_ReadRelease
                0x00000000       0x20 .\ARM_GCC_541\Debug\CapSense_CSD_WithTuner01.a(CyFlash.o)
 COMMON         0x00000000        0x2 .\ARM_GCC_541\Debug\CapSense_CSD_WithTuner01.a(CyFlash.o)
 .text          0x00000000        0x0 .\ARM_GCC_541\Debug\CapSense_CSD_WithTuner01.a(CySpc.o)
 .data          0x00000000        0x0 .\ARM_GCC_541\Debug\CapSense_CSD_WithTuner01.a(CySpc.o)
 .bss           0x00000000        0x8 .\ARM_GCC_541\Debug\CapSense_CSD_WithTuner01.a(CySpc.o)
 .text.CySpcStart
                0x00000000       0x48 .\ARM_GCC_541\Debug\CapSense_CSD_WithTuner01.a(CySpc.o)
 .text.CySpcStop
                0x00000000       0x48 .\ARM_GCC_541\Debug\CapSense_CSD_WithTuner01.a(CySpc.o)
 .text.CySpcReadData
                0x00000000       0x54 .\ARM_GCC_541\Debug\CapSense_CSD_WithTuner01.a(CySpc.o)
 .text.CySpcLoadMultiByte
                0x00000000       0xd0 .\ARM_GCC_541\Debug\CapSense_CSD_WithTuner01.a(CySpc.o)
 .text.CySpcLoadRow
                0x00000000       0x88 .\ARM_GCC_541\Debug\CapSense_CSD_WithTuner01.a(CySpc.o)
 .text.CySpcLoadRowFull
                0x00000000       0xcc .\ARM_GCC_541\Debug\CapSense_CSD_WithTuner01.a(CySpc.o)
 .text.CySpcWriteRow
                0x00000000       0x98 .\ARM_GCC_541\Debug\CapSense_CSD_WithTuner01.a(CySpc.o)
 .text.CySpcEraseSector
                0x00000000       0x70 .\ARM_GCC_541\Debug\CapSense_CSD_WithTuner01.a(CySpc.o)
 .text.CySpcGetTemp
                0x00000000       0x64 .\ARM_GCC_541\Debug\CapSense_CSD_WithTuner01.a(CySpc.o)
 .text.CySpcLock
                0x00000000       0x68 .\ARM_GCC_541\Debug\CapSense_CSD_WithTuner01.a(CySpc.o)
 .text.CySpcUnlock
                0x00000000       0x50 .\ARM_GCC_541\Debug\CapSense_CSD_WithTuner01.a(CySpc.o)
 .text.CySpcGetAlgorithm
                0x00000000       0x44 .\ARM_GCC_541\Debug\CapSense_CSD_WithTuner01.a(CySpc.o)
 .text          0x00000000        0x0 c:/program files (x86)/cypress/psoc creator/4.2/psoc creator/import/gnu/arm/5.4.1/bin/../lib/gcc/arm-none-eabi/5.4.1/../../../../arm-none-eabi/lib/armv7-m\libg_nano.a(lib_a-errno.o)
 .data          0x00000000        0x0 c:/program files (x86)/cypress/psoc creator/4.2/psoc creator/import/gnu/arm/5.4.1/bin/../lib/gcc/arm-none-eabi/5.4.1/../../../../arm-none-eabi/lib/armv7-m\libg_nano.a(lib_a-errno.o)
 .bss           0x00000000        0x0 c:/program files (x86)/cypress/psoc creator/4.2/psoc creator/import/gnu/arm/5.4.1/bin/../lib/gcc/arm-none-eabi/5.4.1/../../../../arm-none-eabi/lib/armv7-m\libg_nano.a(lib_a-errno.o)
 .text          0x00000000        0x0 c:/program files (x86)/cypress/psoc creator/4.2/psoc creator/import/gnu/arm/5.4.1/bin/../lib/gcc/arm-none-eabi/5.4.1/../../../../arm-none-eabi/lib/armv7-m\libg_nano.a(lib_a-exit.o)
 .data          0x00000000        0x0 c:/program files (x86)/cypress/psoc creator/4.2/psoc creator/import/gnu/arm/5.4.1/bin/../lib/gcc/arm-none-eabi/5.4.1/../../../../arm-none-eabi/lib/armv7-m\libg_nano.a(lib_a-exit.o)
 .bss           0x00000000        0x0 c:/program files (x86)/cypress/psoc creator/4.2/psoc creator/import/gnu/arm/5.4.1/bin/../lib/gcc/arm-none-eabi/5.4.1/../../../../arm-none-eabi/lib/armv7-m\libg_nano.a(lib_a-exit.o)
 .text.exit     0x00000000       0x28 c:/program files (x86)/cypress/psoc creator/4.2/psoc creator/import/gnu/arm/5.4.1/bin/../lib/gcc/arm-none-eabi/5.4.1/../../../../arm-none-eabi/lib/armv7-m\libg_nano.a(lib_a-exit.o)
 .text          0x00000000        0x0 c:/program files (x86)/cypress/psoc creator/4.2/psoc creator/import/gnu/arm/5.4.1/bin/../lib/gcc/arm-none-eabi/5.4.1/../../../../arm-none-eabi/lib/armv7-m\libg_nano.a(lib_a-impure.o)
 .data          0x00000000        0x0 c:/program files (x86)/cypress/psoc creator/4.2/psoc creator/import/gnu/arm/5.4.1/bin/../lib/gcc/arm-none-eabi/5.4.1/../../../../arm-none-eabi/lib/armv7-m\libg_nano.a(lib_a-impure.o)
 .bss           0x00000000        0x0 c:/program files (x86)/cypress/psoc creator/4.2/psoc creator/import/gnu/arm/5.4.1/bin/../lib/gcc/arm-none-eabi/5.4.1/../../../../arm-none-eabi/lib/armv7-m\libg_nano.a(lib_a-impure.o)
 .rodata._global_impure_ptr
                0x00000000        0x4 c:/program files (x86)/cypress/psoc creator/4.2/psoc creator/import/gnu/arm/5.4.1/bin/../lib/gcc/arm-none-eabi/5.4.1/../../../../arm-none-eabi/lib/armv7-m\libg_nano.a(lib_a-impure.o)
 .text          0x00000000        0x0 c:/program files (x86)/cypress/psoc creator/4.2/psoc creator/import/gnu/arm/5.4.1/bin/../lib/gcc/arm-none-eabi/5.4.1/../../../../arm-none-eabi/lib/armv7-m\libg_nano.a(lib_a-init.o)
 .data          0x00000000        0x0 c:/program files (x86)/cypress/psoc creator/4.2/psoc creator/import/gnu/arm/5.4.1/bin/../lib/gcc/arm-none-eabi/5.4.1/../../../../arm-none-eabi/lib/armv7-m\libg_nano.a(lib_a-init.o)
 .bss           0x00000000        0x0 c:/program files (x86)/cypress/psoc creator/4.2/psoc creator/import/gnu/arm/5.4.1/bin/../lib/gcc/arm-none-eabi/5.4.1/../../../../arm-none-eabi/lib/armv7-m\libg_nano.a(lib_a-init.o)
 .text          0x00000000        0x0 c:/program files (x86)/cypress/psoc creator/4.2/psoc creator/import/gnu/arm/5.4.1/bin/../lib/gcc/arm-none-eabi/5.4.1/../../../../arm-none-eabi/lib/armv7-m\libg_nano.a(lib_a-memcpy-stub.o)
 .data          0x00000000        0x0 c:/program files (x86)/cypress/psoc creator/4.2/psoc creator/import/gnu/arm/5.4.1/bin/../lib/gcc/arm-none-eabi/5.4.1/../../../../arm-none-eabi/lib/armv7-m\libg_nano.a(lib_a-memcpy-stub.o)
 .bss           0x00000000        0x0 c:/program files (x86)/cypress/psoc creator/4.2/psoc creator/import/gnu/arm/5.4.1/bin/../lib/gcc/arm-none-eabi/5.4.1/../../../../arm-none-eabi/lib/armv7-m\libg_nano.a(lib_a-memcpy-stub.o)
 .text          0x00000000        0x0 c:/program files (x86)/cypress/psoc creator/4.2/psoc creator/import/gnu/arm/5.4.1/bin/../lib/gcc/arm-none-eabi/5.4.1/../../../../arm-none-eabi/lib/armv7-m\libg_nano.a(lib_a-memset.o)
 .data          0x00000000        0x0 c:/program files (x86)/cypress/psoc creator/4.2/psoc creator/import/gnu/arm/5.4.1/bin/../lib/gcc/arm-none-eabi/5.4.1/../../../../arm-none-eabi/lib/armv7-m\libg_nano.a(lib_a-memset.o)
 .bss           0x00000000        0x0 c:/program files (x86)/cypress/psoc creator/4.2/psoc creator/import/gnu/arm/5.4.1/bin/../lib/gcc/arm-none-eabi/5.4.1/../../../../arm-none-eabi/lib/armv7-m\libg_nano.a(lib_a-memset.o)
 .text          0x00000000        0x0 c:/program files (x86)/cypress/psoc creator/4.2/psoc creator/import/gnu/arm/5.4.1/bin/../lib/gcc/arm-none-eabi/5.4.1/armv7-m/crtend.o
 .data          0x00000000        0x0 c:/program files (x86)/cypress/psoc creator/4.2/psoc creator/import/gnu/arm/5.4.1/bin/../lib/gcc/arm-none-eabi/5.4.1/armv7-m/crtend.o
 .bss           0x00000000        0x0 c:/program files (x86)/cypress/psoc creator/4.2/psoc creator/import/gnu/arm/5.4.1/bin/../lib/gcc/arm-none-eabi/5.4.1/armv7-m/crtend.o
 .text          0x00000000        0x0 c:/program files (x86)/cypress/psoc creator/4.2/psoc creator/import/gnu/arm/5.4.1/bin/../lib/gcc/arm-none-eabi/5.4.1/armv7-m/crtn.o
 .data          0x00000000        0x0 c:/program files (x86)/cypress/psoc creator/4.2/psoc creator/import/gnu/arm/5.4.1/bin/../lib/gcc/arm-none-eabi/5.4.1/armv7-m/crtn.o
 .bss           0x00000000        0x0 c:/program files (x86)/cypress/psoc creator/4.2/psoc creator/import/gnu/arm/5.4.1/bin/../lib/gcc/arm-none-eabi/5.4.1/armv7-m/crtn.o

Memory Configuration

Name             Origin             Length             Attributes
rom              0x00000000         0x00040000         xr
ram              0x1fff8000         0x00010000         xrw
*default*        0x00000000         0xffffffff

Linker script and memory map

LOAD c:/program files (x86)/cypress/psoc creator/4.2/psoc creator/import/gnu/arm/5.4.1/bin/../lib/gcc/arm-none-eabi/5.4.1/armv7-m/crti.o
LOAD c:/program files (x86)/cypress/psoc creator/4.2/psoc creator/import/gnu/arm/5.4.1/bin/../lib/gcc/arm-none-eabi/5.4.1/armv7-m/crtbegin.o
LOAD c:/program files (x86)/cypress/psoc creator/4.2/psoc creator/import/gnu/arm/5.4.1/bin/../lib/gcc/arm-none-eabi/5.4.1/../../../../arm-none-eabi/lib/armv7-m/crt0.o
START GROUP
LOAD .\ARM_GCC_541\Debug\main.o
LOAD .\ARM_GCC_541\Debug\cyfitter_cfg.o
LOAD .\ARM_GCC_541\Debug\cymetadata.o
LOAD .\ARM_GCC_541\Debug\Cm3Start.o
LOAD .\ARM_GCC_541\Debug\CapSense_CSD_WithTuner01.a
LOAD C:\Program Files (x86)\Cypress\PSoC Creator\4.2\PSoC Creator\psoc\content\CyComponentLibrary\CyComponentLibrary.cylib\CapSense_CSD_v3_50\Library\CapSenseLibrary_GCC.a
LOAD C:\Program Files (x86)\Cypress\PSoC Creator\4.2\PSoC Creator\psoc\content\cycomponentlibrary\CyComponentLibrary.cylib\CortexM3\ARM_GCC_541\Debug\CyComponentLibrary.a
END GROUP
START GROUP
LOAD c:/program files (x86)/cypress/psoc creator/4.2/psoc creator/import/gnu/arm/5.4.1/bin/../lib/gcc/arm-none-eabi/5.4.1/armv7-m\libgcc.a
LOAD c:/program files (x86)/cypress/psoc creator/4.2/psoc creator/import/gnu/arm/5.4.1/bin/../lib/gcc/arm-none-eabi/5.4.1/../../../../arm-none-eabi/lib/armv7-m\libg_nano.a
LOAD c:/program files (x86)/cypress/psoc creator/4.2/psoc creator/import/gnu/arm/5.4.1/bin/../lib/gcc/arm-none-eabi/5.4.1/../../../../arm-none-eabi/lib/armv7-m\libc_nano.a
END GROUP
START GROUP
LOAD c:/program files (x86)/cypress/psoc creator/4.2/psoc creator/import/gnu/arm/5.4.1/bin/../lib/gcc/arm-none-eabi/5.4.1/armv7-m\libgcc.a
LOAD c:/program files (x86)/cypress/psoc creator/4.2/psoc creator/import/gnu/arm/5.4.1/bin/../lib/gcc/arm-none-eabi/5.4.1/../../../../arm-none-eabi/lib/armv7-m\libc_nano.a
END GROUP
LOAD c:/program files (x86)/cypress/psoc creator/4.2/psoc creator/import/gnu/arm/5.4.1/bin/../lib/gcc/arm-none-eabi/5.4.1/armv7-m/crtend.o
LOAD c:/program files (x86)/cypress/psoc creator/4.2/psoc creator/import/gnu/arm/5.4.1/bin/../lib/gcc/arm-none-eabi/5.4.1/armv7-m/crtn.o
START GROUP
LOAD c:/program files (x86)/cypress/psoc creator/4.2/psoc creator/import/gnu/arm/5.4.1/bin/../lib/gcc/arm-none-eabi/5.4.1/armv7-m\libgcc.a
LOAD c:/program files (x86)/cypress/psoc creator/4.2/psoc creator/import/gnu/arm/5.4.1/bin/../lib/gcc/arm-none-eabi/5.4.1/../../../../arm-none-eabi/lib/armv7-m\libc.a
LOAD c:/program files (x86)/cypress/psoc creator/4.2/psoc creator/import/gnu/arm/5.4.1/bin/../lib/gcc/arm-none-eabi/5.4.1/../../../../arm-none-eabi/lib/armv7-m\libnosys.a
END GROUP
                0x00000000                CY_APPL_ORIGIN = 0x0
                0x00000100                CY_FLASH_ROW_SIZE = 0x100
                0x00000020                CY_ECC_ROW_SIZE = 0x20
                0x00000000                CY_EE_IN_BTLDR = 0x0
                0x00000000                CY_APPL_LOADABLE = 0x0
                0x00000800                CY_EE_SIZE = 0x800
                0x00000001                CY_APPL_NUM = 0x1
                0x00000001                CY_APPL_MAX = 0x1
                0x00000040                CY_METADATA_SIZE = 0x40
                0x00000000                CY_APPL_LOADABLE = 0x0
                0x00000000                CY_CHECKSUM_EXCLUDE_SIZE = ALIGN (0x0, CY_FLASH_ROW_SIZE)
                [!provide]                PROVIDE (__cy_heap_start, _end)
                0x00000001                PROVIDE (__cy_region_num, ((__cy_regions_end - __cy_regions) / 0x10))
                0x20008000                PROVIDE (__cy_stack, (ORIGIN (ram) + LENGTH (ram)))
                [!provide]                PROVIDE (__cy_heap_end, (__cy_stack - 0x800))

.cybootloader   0x00000000        0x0
 *(.cybootloader)
                0x00000000                appl1_start = CY_APPL_ORIGIN?CY_APPL_ORIGIN:ALIGN (CY_FLASH_ROW_SIZE)
                0x0001ff00                appl2_start = (appl1_start + ALIGN ((((LENGTH (rom) - appl1_start) - (0x2 * CY_FLASH_ROW_SIZE)) / 0x2), CY_FLASH_ROW_SIZE))
                0x00000000                appl_start = (CY_APPL_NUM == 0x1)?appl1_start:appl2_start
                0x00000000                ecc_offset = ((appl_start / CY_FLASH_ROW_SIZE) * CY_ECC_ROW_SIZE)
                0x00000000                ee_offset = (CY_APPL_LOADABLE && ! (CY_EE_IN_BTLDR))?((CY_EE_SIZE / CY_APPL_MAX) * (CY_APPL_NUM - 0x1)):0x0
                0x00000800                ee_size = (CY_APPL_LOADABLE && ! (CY_EE_IN_BTLDR))?(CY_EE_SIZE / CY_APPL_MAX):CY_EE_SIZE
                [!provide]                PROVIDE (CY_ECC_OFFSET, ecc_offset)

.text           0x00000000     0x1e52
 CREATE_OBJECT_SYMBOLS
                0x00000000                PROVIDE (__cy_interrupt_vector, RomVectors)
 *(.romvectors)
 .romvectors    0x00000000       0x10 .\ARM_GCC_541\Debug\Cm3Start.o
                0x00000000                RomVectors
                0x00000001                ASSERT ((. != __cy_interrupt_vector), No interrupt vector)
                0x00000001                ASSERT (CY_APPL_ORIGIN?(SIZEOF (.cybootloader) <= CY_APPL_ORIGIN):0x1, Wrong image location)
                0x00000010                PROVIDE (__cy_reset, Reset)
 *(.text.Reset)
 .text.Reset    0x00000010       0x18 .\ARM_GCC_541\Debug\Cm3Start.o
                0x00000010                Reset
                0x00000001                ASSERT ((. != __cy_reset), No reset code)
 *(.dma_init)
                0x00000001                ASSERT ((((appl_start + .) <= 0x10000) || 0x1), DMA Init must be within the first 64k of flash)
 *(.text .text.* .gnu.linkonce.t.*)
 .text          0x00000028       0x5c c:/program files (x86)/cypress/psoc creator/4.2/psoc creator/import/gnu/arm/5.4.1/bin/../lib/gcc/arm-none-eabi/5.4.1/armv7-m/crtbegin.o
 .text.main     0x00000084       0x10 .\ARM_GCC_541\Debug\main.o
                0x00000084                main
 .text.CYMEMZERO
                0x00000094       0x1c .\ARM_GCC_541\Debug\cyfitter_cfg.o
 .text.CYCONFIGCPY
                0x000000b0       0x20 .\ARM_GCC_541\Debug\cyfitter_cfg.o
 .text.CyClockStartupError
                0x000000d0        0xc .\ARM_GCC_541\Debug\cyfitter_cfg.o
 .text.cfg_write_bytes32
                0x000000dc       0x74 .\ARM_GCC_541\Debug\cyfitter_cfg.o
 .text.ClockSetup
                0x00000150      0x100 .\ARM_GCC_541\Debug\cyfitter_cfg.o
 .text.AnalogSetDefault
                0x00000250       0x6c .\ARM_GCC_541\Debug\cyfitter_cfg.o
 .text.CapSense_CSD_AMuxCH0_Set
                0x000002bc       0x40 .\ARM_GCC_541\Debug\cyfitter_cfg.o
                0x000002bc                CapSense_CSD_AMuxCH0_Set
 .text.CapSense_CSD_AMuxCH0_Unset
                0x000002fc       0x44 .\ARM_GCC_541\Debug\cyfitter_cfg.o
                0x000002fc                CapSense_CSD_AMuxCH0_Unset
 .text.cyfitter_cfg
                0x00000340      0x180 .\ARM_GCC_541\Debug\cyfitter_cfg.o
                0x00000340                cyfitter_cfg
 .text.IntDefaultHandler
                0x000004c0       0x14 .\ARM_GCC_541\Debug\Cm3Start.o
                0x000004c0                IntDefaultHandler
 .text.Start_c  0x000004d4       0x98 .\ARM_GCC_541\Debug\Cm3Start.o
                0x000004d4                Start_c
 .text.initialize_psoc
                0x0000056c       0x90 .\ARM_GCC_541\Debug\Cm3Start.o
                0x0000056c                initialize_psoc
 .text.CapSense_CSD_TunerStart
                0x000005fc       0x3c .\ARM_GCC_541\Debug\CapSense_CSD_WithTuner01.a(CapSense_CSD_TunerHelper.o)
                0x000005fc                CapSense_CSD_TunerStart
 .text.CapSense_CSD_TunerComm
                0x00000638       0x6c .\ARM_GCC_541\Debug\CapSense_CSD_WithTuner01.a(CapSense_CSD_TunerHelper.o)
                0x00000638                CapSense_CSD_TunerComm
 .text.CapSense_CSD_ProcessAllWidgets
                0x000006a4       0x7c .\ARM_GCC_541\Debug\CapSense_CSD_WithTuner01.a(CapSense_CSD_TunerHelper.o)
                0x000006a4                CapSense_CSD_ProcessAllWidgets
 .text.CyHalt   0x00000720       0x18 .\ARM_GCC_541\Debug\CapSense_CSD_WithTuner01.a(CyLib.o)
                0x00000720                CyHalt
 .text.CyIntSetVector
                0x00000738       0x50 .\ARM_GCC_541\Debug\CapSense_CSD_WithTuner01.a(CyLib.o)
                0x00000738                CyIntSetVector
 .text.CyIntSetPriority
                0x00000788       0x48 .\ARM_GCC_541\Debug\CapSense_CSD_WithTuner01.a(CyLib.o)
                0x00000788                CyIntSetPriority
 .text          0x000007d0       0x20 .\ARM_GCC_541\Debug\CapSense_CSD_WithTuner01.a(CyBootAsmGnu.o)
                0x000007d0                CyDelayCycles
                0x000007e0                CyEnterCriticalSection
                0x000007e8                CyExitCriticalSection
 .text.EzI2C_Init
                0x000007f0       0x8c .\ARM_GCC_541\Debug\CapSense_CSD_WithTuner01.a(EzI2C.o)
                0x000007f0                EzI2C_Init
 .text.EzI2C_Enable
                0x0000087c       0x54 .\ARM_GCC_541\Debug\CapSense_CSD_WithTuner01.a(EzI2C.o)
                0x0000087c                EzI2C_Enable
 .text.EzI2C_Start
                0x000008d0       0x24 .\ARM_GCC_541\Debug\CapSense_CSD_WithTuner01.a(EzI2C.o)
                0x000008d0                EzI2C_Start
 .text.EzI2C_GetActivity
                0x000008f4       0x44 .\ARM_GCC_541\Debug\CapSense_CSD_WithTuner01.a(EzI2C.o)
                0x000008f4                EzI2C_GetActivity
 .text.EzI2C_SetBuffer1
                0x00000938       0x6c .\ARM_GCC_541\Debug\CapSense_CSD_WithTuner01.a(EzI2C.o)
                0x00000938                EzI2C_SetBuffer1
 .text.EzI2C_ISR
                0x000009a4      0x298 .\ARM_GCC_541\Debug\CapSense_CSD_WithTuner01.a(EzI2C_INT.o)
                0x000009a4                EzI2C_ISR
 .text.CapSense_CSD_Init
                0x00000c3c       0xf4 .\ARM_GCC_541\Debug\CapSense_CSD_WithTuner01.a(CapSense_CSD.o)
                0x00000c3c                CapSense_CSD_Init
 .text.CapSense_CSD_Enable
                0x00000d30       0x98 .\ARM_GCC_541\Debug\CapSense_CSD_WithTuner01.a(CapSense_CSD.o)
                0x00000d30                CapSense_CSD_Enable
 .text.CapSense_CSD_Start
                0x00000dc8       0x24 .\ARM_GCC_541\Debug\CapSense_CSD_WithTuner01.a(CapSense_CSD.o)
                0x00000dc8                CapSense_CSD_Start
 .text.CapSense_CSD_FindNextSensor
                0x00000dec       0x50 .\ARM_GCC_541\Debug\CapSense_CSD_WithTuner01.a(CapSense_CSD.o)
                0x00000dec                CapSense_CSD_FindNextSensor
 .text.CapSense_CSD_SetScanSlotSettings
                0x00000e3c       0x50 .\ARM_GCC_541\Debug\CapSense_CSD_WithTuner01.a(CapSense_CSD.o)
                0x00000e3c                CapSense_CSD_SetScanSlotSettings
 .text.CapSense_CSD_ScanSensor
                0x00000e8c       0x34 .\ARM_GCC_541\Debug\CapSense_CSD_WithTuner01.a(CapSense_CSD.o)
                0x00000e8c                CapSense_CSD_ScanSensor
 .text.CapSense_CSD_ScanEnabledWidgets
                0x00000ec0       0x58 .\ARM_GCC_541\Debug\CapSense_CSD_WithTuner01.a(CapSense_CSD.o)
                0x00000ec0                CapSense_CSD_ScanEnabledWidgets
 .text.CapSense_CSD_IsBusy
                0x00000f18       0x1c .\ARM_GCC_541\Debug\CapSense_CSD_WithTuner01.a(CapSense_CSD.o)
                0x00000f18                CapSense_CSD_IsBusy
 .text.CapSense_CSD_ClearSensors
                0x00000f34       0x28 .\ARM_GCC_541\Debug\CapSense_CSD_WithTuner01.a(CapSense_CSD.o)
                0x00000f34                CapSense_CSD_ClearSensors
 .text.CapSense_CSD_EnableSensor
                0x00000f5c       0x6c .\ARM_GCC_541\Debug\CapSense_CSD_WithTuner01.a(CapSense_CSD.o)
                0x00000f5c                CapSense_CSD_EnableSensor
 .text.CapSense_CSD_DisableSensor
                0x00000fc8       0x70 .\ARM_GCC_541\Debug\CapSense_CSD_WithTuner01.a(CapSense_CSD.o)
                0x00000fc8                CapSense_CSD_DisableSensor
 .text.CapSense_CSD_PreScan
                0x00001038       0x5c .\ARM_GCC_541\Debug\CapSense_CSD_WithTuner01.a(CapSense_CSD.o)
                0x00001038                CapSense_CSD_PreScan
 .text.CapSense_CSD_PostScan
                0x00001094       0x98 .\ARM_GCC_541\Debug\CapSense_CSD_WithTuner01.a(CapSense_CSD.o)
                0x00001094                CapSense_CSD_PostScan
 .text.CapSense_CSD_SetPrescaler
                0x0000112c       0x2c .\ARM_GCC_541\Debug\CapSense_CSD_WithTuner01.a(CapSense_CSD.o)
                0x0000112c                CapSense_CSD_SetPrescaler
 .text.CapSense_CSD_BaseInit
                0x00001158       0x70 .\ARM_GCC_541\Debug\CapSense_CSD_WithTuner01.a(CapSense_CSD_CSHL.o)
                0x00001158                CapSense_CSD_BaseInit
 .text.CapSense_CSD_InitializeSensorBaseline
                0x000011c8       0x30 .\ARM_GCC_541\Debug\CapSense_CSD_WithTuner01.a(CapSense_CSD_CSHL.o)
                0x000011c8                CapSense_CSD_InitializeSensorBaseline
 .text.CapSense_CSD_InitializeAllBaselines
                0x000011f8       0x28 .\ARM_GCC_541\Debug\CapSense_CSD_WithTuner01.a(CapSense_CSD_CSHL.o)
                0x000011f8                CapSense_CSD_InitializeAllBaselines
 .text.CapSense_CSD_UpdateSensorBaseline
                0x00001220      0x140 .\ARM_GCC_541\Debug\CapSense_CSD_WithTuner01.a(CapSense_CSD_CSHL.o)
                0x00001220                CapSense_CSD_UpdateSensorBaseline
 .text.CapSense_CSD_UpdateEnabledBaselines
                0x00001360       0x50 .\ARM_GCC_541\Debug\CapSense_CSD_WithTuner01.a(CapSense_CSD_CSHL.o)
                0x00001360                CapSense_CSD_UpdateEnabledBaselines
 .text.CapSense_CSD_CheckIsSensorActive
                0x000013b0      0x124 .\ARM_GCC_541\Debug\CapSense_CSD_WithTuner01.a(CapSense_CSD_CSHL.o)
                0x000013b0                CapSense_CSD_CheckIsSensorActive
 .text.CapSense_CSD_CheckIsWidgetActive
                0x000014d4       0x54 .\ARM_GCC_541\Debug\CapSense_CSD_WithTuner01.a(CapSense_CSD_CSHL.o)
                0x000014d4                CapSense_CSD_CheckIsWidgetActive
 .text.CapSense_CSD_CheckIsAnyWidgetActive
                0x00001528       0x38 .\ARM_GCC_541\Debug\CapSense_CSD_WithTuner01.a(CapSense_CSD_CSHL.o)
                0x00001528                CapSense_CSD_CheckIsAnyWidgetActive
 .text.CapSense_CSD_FindMaximum
                0x00001560       0x78 .\ARM_GCC_541\Debug\CapSense_CSD_WithTuner01.a(CapSense_CSD_CSHL.o)
                0x00001560                CapSense_CSD_FindMaximum
 .text.CapSense_CSD_CalcCentroid
                0x000015d8      0x158 .\ARM_GCC_541\Debug\CapSense_CSD_WithTuner01.a(CapSense_CSD_CSHL.o)
                0x000015d8                CapSense_CSD_CalcCentroid
 .text.CapSense_CSD_GetCentroidPos
                0x00001730       0x78 .\ARM_GCC_541\Debug\CapSense_CSD_WithTuner01.a(CapSense_CSD_CSHL.o)
                0x00001730                CapSense_CSD_GetCentroidPos
 .text.CapSense_CSD_IsrCH0_ISR
                0x000017a8       0x78 .\ARM_GCC_541\Debug\CapSense_CSD_WithTuner01.a(CapSense_CSD_INT.o)
                0x000017a8                CapSense_CSD_IsrCH0_ISR
 .text.CapSense_CSD_InitParams
                0x00001820       0xf8 .\ARM_GCC_541\Debug\CapSense_CSD_WithTuner01.a(CapSense_CSD_MBX.o)
 .text.CapSense_CSD_InitMailbox
                0x00001918       0x50 .\ARM_GCC_541\Debug\CapSense_CSD_WithTuner01.a(CapSense_CSD_MBX.o)
                0x00001918                CapSense_CSD_InitMailbox
 .text.CapSense_CSD_PostMessage
                0x00001968       0xd0 .\ARM_GCC_541\Debug\CapSense_CSD_WithTuner01.a(CapSense_CSD_MBX.o)
                0x00001968                CapSense_CSD_PostMessage
 .text.CapSense_CSD_ReadMessage
                0x00001a38       0x64 .\ARM_GCC_541\Debug\CapSense_CSD_WithTuner01.a(CapSense_CSD_MBX.o)
                0x00001a38                CapSense_CSD_ReadMessage
 .text.CapSense_CSD_CompCH0_Init
                0x00001a9c       0x68 .\ARM_GCC_541\Debug\CapSense_CSD_WithTuner01.a(CapSense_CSD_CompCH0.o)
                0x00001a9c                CapSense_CSD_CompCH0_Init
 .text.CapSense_CSD_CompCH0_Enable
                0x00001b04       0x34 .\ARM_GCC_541\Debug\CapSense_CSD_WithTuner01.a(CapSense_CSD_CompCH0.o)
                0x00001b04                CapSense_CSD_CompCH0_Enable
 .text.CapSense_CSD_CompCH0_SetSpeed
                0x00001b38       0x84 .\ARM_GCC_541\Debug\CapSense_CSD_WithTuner01.a(CapSense_CSD_CompCH0.o)
                0x00001b38                CapSense_CSD_CompCH0_SetSpeed
 .text.CapSense_CSD_IdacCH0_Init
                0x00001bbc       0x48 .\ARM_GCC_541\Debug\CapSense_CSD_WithTuner01.a(CapSense_CSD_IdacCH0.o)
                0x00001bbc                CapSense_CSD_IdacCH0_Init
 .text.CapSense_CSD_IdacCH0_Enable
                0x00001c04       0x34 .\ARM_GCC_541\Debug\CapSense_CSD_WithTuner01.a(CapSense_CSD_IdacCH0.o)
                0x00001c04                CapSense_CSD_IdacCH0_Enable
 .text.CapSense_CSD_IdacCH0_SetSpeed
                0x00001c38       0x40 .\ARM_GCC_541\Debug\CapSense_CSD_WithTuner01.a(CapSense_CSD_IdacCH0.o)
                0x00001c38                CapSense_CSD_IdacCH0_SetSpeed
 .text.CapSense_CSD_IdacCH0_SetPolarity
                0x00001c78       0x40 .\ARM_GCC_541\Debug\CapSense_CSD_WithTuner01.a(CapSense_CSD_IdacCH0.o)
                0x00001c78                CapSense_CSD_IdacCH0_SetPolarity
 .text.CapSense_CSD_IdacCH0_SetRange
                0x00001cb8       0x40 .\ARM_GCC_541\Debug\CapSense_CSD_WithTuner01.a(CapSense_CSD_IdacCH0.o)
                0x00001cb8                CapSense_CSD_IdacCH0_SetRange
 .text.CapSense_CSD_IdacCH0_SetValue
                0x00001cf8       0x20 .\ARM_GCC_541\Debug\CapSense_CSD_WithTuner01.a(CapSense_CSD_IdacCH0.o)
                0x00001cf8                CapSense_CSD_IdacCH0_SetValue
 .text.CapSense_CSD_IdacCH0_DacTrim
                0x00001d18       0x54 .\ARM_GCC_541\Debug\CapSense_CSD_WithTuner01.a(CapSense_CSD_IdacCH0.o)
                0x00001d18                CapSense_CSD_IdacCH0_DacTrim
 .text.CapSense_CSD_AMuxCH0_Init
                0x00001d6c        0xc .\ARM_GCC_541\Debug\CapSense_CSD_WithTuner01.a(CapSense_CSD_AMuxCH0.o)
                0x00001d6c                CapSense_CSD_AMuxCH0_Init
 .text.CapSense_CSD_AMuxCH0_DisconnectAll
                0x00001d78       0x28 .\ARM_GCC_541\Debug\CapSense_CSD_WithTuner01.a(CapSense_CSD_AMuxCH0.o)
                0x00001d78                CapSense_CSD_AMuxCH0_DisconnectAll
 .text.CapSense_CSD_IntClock_Start
                0x00001da0       0x34 .\ARM_GCC_541\Debug\CapSense_CSD_WithTuner01.a(CapSense_CSD_IntClock.o)
                0x00001da0                CapSense_CSD_IntClock_Start
 .text.__errno  0x00001dd4        0xc c:/program files (x86)/cypress/psoc creator/4.2/psoc creator/import/gnu/arm/5.4.1/bin/../lib/gcc/arm-none-eabi/5.4.1/../../../../arm-none-eabi/lib/armv7-m\libg_nano.a(lib_a-errno.o)
                0x00001dd4                __errno
 .text.__libc_init_array
                0x00001de0       0x4c c:/program files (x86)/cypress/psoc creator/4.2/psoc creator/import/gnu/arm/5.4.1/bin/../lib/gcc/arm-none-eabi/5.4.1/../../../../arm-none-eabi/lib/armv7-m\libg_nano.a(lib_a-init.o)
                0x00001de0                __libc_init_array
 .text.memcpy   0x00001e2c       0x16 c:/program files (x86)/cypress/psoc creator/4.2/psoc creator/import/gnu/arm/5.4.1/bin/../lib/gcc/arm-none-eabi/5.4.1/../../../../arm-none-eabi/lib/armv7-m\libg_nano.a(lib_a-memcpy-stub.o)
                0x00001e2c                memcpy
 .text.memset   0x00001e42       0x10 c:/program files (x86)/cypress/psoc creator/4.2/psoc creator/import/gnu/arm/5.4.1/bin/../lib/gcc/arm-none-eabi/5.4.1/../../../../arm-none-eabi/lib/armv7-m\libg_nano.a(lib_a-memset.o)
                0x00001e42                memset
 *(.plt)
 *(.gnu.warning)
 *(.glue_7t)
 .glue_7t       0x00001e52        0x0 linker stubs
 *(.glue_7)
 .glue_7        0x00001e52        0x0 linker stubs
 *(.vfp11_veneer)
 .vfp11_veneer  0x00001e52        0x0 linker stubs
 *(.bootloader)
 *(.ARM.extab* .gnu.linkonce.armextab.*)
 *(.gcc_except_table)

.v4_bx          0x00001e54        0x0
 .v4_bx         0x00001e54        0x0 linker stubs

.iplt           0x00001e54        0x0
 .iplt          0x00001e54        0x0 c:/program files (x86)/cypress/psoc creator/4.2/psoc creator/import/gnu/arm/5.4.1/bin/../lib/gcc/arm-none-eabi/5.4.1/armv7-m/crtbegin.o

.eh_frame_hdr
 *(.eh_frame_hdr)

.eh_frame       0x00001e54        0x4
 *(.eh_frame)
 .eh_frame      0x00001e54        0x0 c:/program files (x86)/cypress/psoc creator/4.2/psoc creator/import/gnu/arm/5.4.1/bin/../lib/gcc/arm-none-eabi/5.4.1/armv7-m/crtbegin.o
 .eh_frame      0x00001e54        0x4 c:/program files (x86)/cypress/psoc creator/4.2/psoc creator/import/gnu/arm/5.4.1/bin/../lib/gcc/arm-none-eabi/5.4.1/armv7-m/crtend.o
                [!provide]                PROVIDE (__exidx_start, .)

.ARM.exidx
 *(.ARM.exidx* .gnu.linkonce.armexidx.*)
                0x00001e58                __exidx_end = .

.rodata         0x00001e58       0xf8
 *(.rodata .rodata.* .gnu.linkonce.r.*)
 .rodata        0x00001e58       0x64 .\ARM_GCC_541\Debug\cyfitter_cfg.o
                0x00001e58                CapSense_CSD_AMuxCH0__addrTable
                0x00001e80                CapSense_CSD_AMuxCH0__maskTable
 .rodata        0x00001ebc       0x53 .\ARM_GCC_541\Debug\CapSense_CSD_WithTuner01.a(CapSense_CSD.o)
                0x00001ebc                CapSense_CSD_pcTable
                0x00001ed8                CapSense_CSD_portTable
                0x00001ee0                CapSense_CSD_maskTable
                0x00001ee8                CapSense_CSD_csTable
                0x00001f08                CapSense_CSD_widgetNumber
 *fill*         0x00001f0f        0x1 
 .rodata        0x00001f10        0xa .\ARM_GCC_541\Debug\CapSense_CSD_WithTuner01.a(CapSense_CSD_CSHL.o)
                0x00001f10                CapSense_CSD_rawDataIndex
                0x00001f14                CapSense_CSD_numberOfSensors
                0x00001f18                CapSense_CSD_centroidMult
 .rodata.str1.1
                0x00001f1a        0x2 c:/program files (x86)/cypress/psoc creator/4.2/psoc creator/import/gnu/arm/5.4.1/bin/../lib/gcc/arm-none-eabi/5.4.1/../../../../arm-none-eabi/lib/armv7-m\libg_nano.a(lib_a-impure.o)
                0x00001f1c                . = ALIGN (0x4)
 *(.init)
 .init          0x00001f1c        0x4 c:/program files (x86)/cypress/psoc creator/4.2/psoc creator/import/gnu/arm/5.4.1/bin/../lib/gcc/arm-none-eabi/5.4.1/armv7-m/crti.o
                0x00001f1c                _init
 .init          0x00001f20        0x8 c:/program files (x86)/cypress/psoc creator/4.2/psoc creator/import/gnu/arm/5.4.1/bin/../lib/gcc/arm-none-eabi/5.4.1/armv7-m/crtn.o
                0x00001f28                . = ALIGN (0x4)
                0x00001f28                __preinit_array_start = .
 *(.preinit_array)
                0x00001f28                __preinit_array_end = .
                0x00001f28                . = ALIGN (0x4)
                0x00001f28                __init_array_start = .
 *(SORT(.init_array.*))
 *(.init_array)
 .init_array    0x00001f28        0x4 c:/program files (x86)/cypress/psoc creator/4.2/psoc creator/import/gnu/arm/5.4.1/bin/../lib/gcc/arm-none-eabi/5.4.1/armv7-m/crtbegin.o
 .init_array    0x00001f2c        0x4 .\ARM_GCC_541\Debug\Cm3Start.o
                0x00001f30                __init_array_end = .
                0x00001f30                . = ALIGN (0x4)
 *(.fini)
 .fini          0x00001f30        0x4 c:/program files (x86)/cypress/psoc creator/4.2/psoc creator/import/gnu/arm/5.4.1/bin/../lib/gcc/arm-none-eabi/5.4.1/armv7-m/crti.o
                0x00001f30                _fini
 .fini          0x00001f34        0x8 c:/program files (x86)/cypress/psoc creator/4.2/psoc creator/import/gnu/arm/5.4.1/bin/../lib/gcc/arm-none-eabi/5.4.1/armv7-m/crtn.o
                0x00001f3c                . = ALIGN (0x4)
                0x00001f3c                __fini_array_start = .
 *(.fini_array)
 .fini_array    0x00001f3c        0x4 c:/program files (x86)/cypress/psoc creator/4.2/psoc creator/import/gnu/arm/5.4.1/bin/../lib/gcc/arm-none-eabi/5.4.1/armv7-m/crtbegin.o
 *(SORT(.fini_array.*))
                0x00001f40                __fini_array_end = .
                0x00001f40                . = ALIGN (0x4)
 *crtbegin.o(.ctors)
 *(EXCLUDE_FILE(*crtend.o) .ctors)
 *(SORT(.ctors.*))
 *crtend.o(.ctors)
                0x00001f40                . = ALIGN (0x4)
 *crtbegin.o(.dtors)
 *(EXCLUDE_FILE(*crtend.o) .dtors)
 *(SORT(.dtors.*))
 *crtend.o(.dtors)
                0x00001f40                . = ALIGN (0x4)
                0x00001f40                __cy_regions = .
                0x00001f40        0x4 LONG 0x1f50 __cy_region_init_ram
                0x00001f44        0x4 LONG 0x1fff80c8 __cy_region_start_data
                0x00001f48        0x4 LONG 0xa0 __cy_region_init_size_ram
                0x00001f4c        0x4 LONG 0xc8 __cy_region_zero_size_ram
                0x00001f50                __cy_regions_end = .
                0x00001f50                . = ALIGN (0x8)
                0x00001f50                _etext = .

.cy_checksum_exclude
                0x00001f50        0x0
 *(.cy_checksum_exclude)

.ramvectors     0x1fff8000       0xc0
                0x1fff8000                __cy_region_start_ram = .
 *(.ramvectors)
 .ramvectors    0x1fff8000       0xc0 .\ARM_GCC_541\Debug\Cm3Start.o
                0x1fff8000                CyRamVectors

.noinit         0x1fff80c0        0x5
 *(.noinit)
 .noinit        0x1fff80c0        0x4 .\ARM_GCC_541\Debug\Cm3Start.o
 .noinit        0x1fff80c4        0x1 .\ARM_GCC_541\Debug\CapSense_CSD_WithTuner01.a(CyLib.o)
                0x1fff80c4                CyResetStatus

.data           0x1fff80c8       0xa0 load address 0x00001f50
                0x1fff80c8                __cy_region_start_data = .
 *(.jcr)
 .jcr           0x1fff80c8        0x0 c:/program files (x86)/cypress/psoc creator/4.2/psoc creator/import/gnu/arm/5.4.1/bin/../lib/gcc/arm-none-eabi/5.4.1/armv7-m/crtbegin.o
 .jcr           0x1fff80c8        0x4 c:/program files (x86)/cypress/psoc creator/4.2/psoc creator/import/gnu/arm/5.4.1/bin/../lib/gcc/arm-none-eabi/5.4.1/armv7-m/crtend.o
 *(.got.plt)
 *(.got)
 *(.shdata)
 *(.data .data.* .gnu.linkonce.d.*)
 .data          0x1fff80cc       0x17 .\ARM_GCC_541\Debug\CapSense_CSD_WithTuner01.a(CapSense_CSD.o)
                0x1fff80cc                CapSense_CSD_sensorEnableMask
                0x1fff80d0                CapSense_CSD_idacSettings
                0x1fff80d8                CapSense_CSD_widgetResolution
                0x1fff80dc                CapSense_CSD_analogSwitchDivider
 *fill*         0x1fff80e3        0x1 
 .data          0x1fff80e4       0x1b .\ARM_GCC_541\Debug\CapSense_CSD_WithTuner01.a(CapSense_CSD_CSHL.o)
                0x1fff80e4                CapSense_CSD_fingerThreshold
                0x1fff80ec                CapSense_CSD_noiseThreshold
                0x1fff80f4                CapSense_CSD_hysteresis
                0x1fff80fc                CapSense_CSD_debounce
 *fill*         0x1fff80ff        0x1 
 .data.impure_data
                0x1fff8100       0x60 c:/program files (x86)/cypress/psoc creator/4.2/psoc creator/import/gnu/arm/5.4.1/bin/../lib/gcc/arm-none-eabi/5.4.1/../../../../arm-none-eabi/lib/armv7-m\libg_nano.a(lib_a-impure.o)
 .data._impure_ptr
                0x1fff8160        0x4 c:/program files (x86)/cypress/psoc creator/4.2/psoc creator/import/gnu/arm/5.4.1/bin/../lib/gcc/arm-none-eabi/5.4.1/../../../../arm-none-eabi/lib/armv7-m\libg_nano.a(lib_a-impure.o)
                0x1fff8160                _impure_ptr
                0x1fff8168                . = ALIGN (0x8)
 *fill*         0x1fff8164        0x4 
 *(.ram)
                0x1fff8168                _edata = .

.igot.plt       0x1fff8168        0x0 load address 0x00001ff0
 .igot.plt      0x1fff8168        0x0 c:/program files (x86)/cypress/psoc creator/4.2/psoc creator/import/gnu/arm/5.4.1/bin/../lib/gcc/arm-none-eabi/5.4.1/armv7-m/crtbegin.o

.bss            0x1fff8168       0xc8 load address 0x00001ff0
                0x1fff8168                PROVIDE (__bss_start__, .)
 *(.shbss)
 *(.bss .bss.* .gnu.linkonce.b.*)
 .bss           0x1fff8168       0x1c c:/program files (x86)/cypress/psoc creator/4.2/psoc creator/import/gnu/arm/5.4.1/bin/../lib/gcc/arm-none-eabi/5.4.1/armv7-m/crtbegin.o
 .bss           0x1fff8184        0x1 .\ARM_GCC_541\Debug\CapSense_CSD_WithTuner01.a(EzI2C.o)
                0x1fff8184                EzI2C_initVar
 *fill*         0x1fff8185        0x1 
 .bss           0x1fff8186        0x5 .\ARM_GCC_541\Debug\CapSense_CSD_WithTuner01.a(EzI2C_INT.o)
 .bss           0x1fff818b        0x1 .\ARM_GCC_541\Debug\CapSense_CSD_WithTuner01.a(CapSense_CSD.o)
 .bss           0x1fff818c        0xa .\ARM_GCC_541\Debug\CapSense_CSD_WithTuner01.a(CapSense_CSD_CSHL.o)
                0x1fff818c                CapSense_CSD_debounceCounter
 *(COMMON)
 *fill*         0x1fff8196        0x2 
 COMMON         0x1fff8198       0x3f .\ARM_GCC_541\Debug\CapSense_CSD_WithTuner01.a(CapSense_CSD_TunerHelper.o)
                0x1fff8198                CapSense_CSD_mailboxesComm
 *fill*         0x1fff81d7        0x1 
 COMMON         0x1fff81d8       0x10 .\ARM_GCC_541\Debug\CapSense_CSD_WithTuner01.a(EzI2C.o)
                0x1fff81d8                EzI2C_rwIndexS1
                0x1fff81da                EzI2C_curStatus
                0x1fff81dc                EzI2C_rwOffsetS1
                0x1fff81de                EzI2C_bufSizeS1
                0x1fff81e0                EzI2C_curState
                0x1fff81e2                EzI2C_wrProtectS1
                0x1fff81e4                EzI2C_dataPtrS1
 COMMON         0x1fff81e8       0x12 .\ARM_GCC_541\Debug\CapSense_CSD_WithTuner01.a(CapSense_CSD.o)
                0x1fff81e8                CapSense_CSD_sensorIndex
                0x1fff81e9                CapSense_CSD_csv
                0x1fff81ec                CapSense_CSD_sensorRaw
 *fill*         0x1fff81fa        0x2 
 COMMON         0x1fff81fc       0x33 .\ARM_GCC_541\Debug\CapSense_CSD_WithTuner01.a(CapSense_CSD_CSHL.o)
                0x1fff81fc                CapSense_CSD_sensorSignal
                0x1fff820c                CapSense_CSD_sensorBaseline
                0x1fff821c                CapSense_CSD_sensorBaselineLow
                0x1fff8224                CapSense_CSD_sensorOnMask
                0x1fff8228                CapSense_CSD_lowBaselineResetCnt
                0x1fff8230                . = ALIGN (0x8)
 *fill*         0x1fff822f        0x1 
 *(.ram.b)
                0x1fff8230                _end = .
                0x1fff8230                __end = .
                0x1fff8230                PROVIDE (end, .)
                0x1fff8230                PROVIDE (__bss_end__, .)
                0x00001f50                __cy_region_init_ram = LOADADDR (.data)
                0x000000a0                __cy_region_init_size_ram = (_edata - ADDR (.data))
                0x000000c8                __cy_region_zero_size_ram = (_end - _edata)

.heap           0x1fff8230       0x80 load address 0x00001ff0
                0x1fff8230                . = _end
                0x1fff82b0                . = (. + 0x80)
 *fill*         0x1fff8230       0x80 
                0x1fff82b0                __cy_heap_limit = .

.stack          0x20007800      0x800
                0x20007800                __cy_stack_limit = .
                0x20008000                . = (. + 0x800)
 *fill*         0x20007800      0x800 
                0x00000001                ASSERT ((__cy_stack_limit >= __cy_heap_limit), region RAM overflowed with stack)
                0x00000000                cy_checksum_exclude_size = (CY_APPL_LOADABLE == 0x1)?SIZEOF (.cy_checksum_exclude):0x0
                0x00000001                ASSERT ((cy_checksum_exclude_size <= CY_CHECKSUM_EXCLUDE_SIZE), CY_BOOT: Section .cy_checksum_exclude size exceedes specified limit.)

.cyloadermeta
 *(.cyloadermeta)

.cyloadablemeta
 *(.cyloadablemeta)

.cyconfigecc    0x80000000      0x344
 *(.cyconfigecc)
 .cyconfigecc   0x80000000      0x344 .\ARM_GCC_541\Debug\cymetadata.o
                0x80000000                cy_meta_configecc

.cycustnvl      0x90000000        0x4
 *(.cycustnvl)
 .cycustnvl     0x90000000        0x4 .\ARM_GCC_541\Debug\cymetadata.o
                0x90000000                cy_meta_custnvl

.cywolatch      0x90100000        0x4
 *(.cywolatch)
 .cywolatch     0x90100000        0x4 .\ARM_GCC_541\Debug\cymetadata.o
                0x90100000                cy_meta_wonvl

.cyeeprom       0x90200000        0x0
 *(.cyeeprom)
                0x00000001                ASSERT ((. <= ((0x90200000 + ee_offset) + ee_size)), .cyeeprom data will not fit in EEPROM)

.cyflashprotect
                0x90400000      0x100
 *(.cyflashprotect)
 .cyflashprotect
                0x90400000      0x100 .\ARM_GCC_541\Debug\cymetadata.o
                0x90400000                cy_meta_flashprotect

.cymeta         0x90500000        0xc
 *(.cymeta)
 .cymeta        0x90500000        0xc .\ARM_GCC_541\Debug\cymetadata.o
                0x90500000                cy_metadata

.rel.dyn        0x00001ff0        0x0 load address 0x9050000c
 .rel.iplt      0x00001ff0        0x0 c:/program files (x86)/cypress/psoc creator/4.2/psoc creator/import/gnu/arm/5.4.1/bin/../lib/gcc/arm-none-eabi/5.4.1/armv7-m/crtbegin.o

.stab
 *(.stab)

.stabstr
 *(.stabstr)

.debug
 *(.debug)

.line
 *(.line)

.debug_srcinfo
 *(.debug_srcinfo)

.debug_sfnames
 *(.debug_sfnames)

.debug_aranges  0x00000000      0x930
 *(.debug_aranges)
 .debug_aranges
                0x00000000       0x20 .\ARM_GCC_541\Debug\main.o
 .debug_aranges
                0x00000020       0x70 .\ARM_GCC_541\Debug\cyfitter_cfg.o
 .debug_aranges
                0x00000090       0x18 .\ARM_GCC_541\Debug\cymetadata.o
 .debug_aranges
                0x000000a8       0x48 .\ARM_GCC_541\Debug\Cm3Start.o
 .debug_aranges
                0x000000f0       0x30 .\ARM_GCC_541\Debug\CapSense_CSD_WithTuner01.a(CapSense_CSD_TunerHelper.o)
 .debug_aranges
                0x00000120      0x2a0 .\ARM_GCC_541\Debug\CapSense_CSD_WithTuner01.a(CyLib.o)
 .debug_aranges
                0x000003c0       0x98 .\ARM_GCC_541\Debug\CapSense_CSD_WithTuner01.a(cyPm.o)
 .debug_aranges
                0x00000458       0x20 .\ARM_GCC_541\Debug\CapSense_CSD_WithTuner01.a(CyBootAsmGnu.o)
 .debug_aranges
                0x00000478       0x58 .\ARM_GCC_541\Debug\CapSense_CSD_WithTuner01.a(EzI2C.o)
 .debug_aranges
                0x000004d0       0x38 .\ARM_GCC_541\Debug\CapSense_CSD_WithTuner01.a(EzI2C_PM.o)
 .debug_aranges
                0x00000508       0x20 .\ARM_GCC_541\Debug\CapSense_CSD_WithTuner01.a(EzI2C_INT.o)
 .debug_aranges
                0x00000528       0xa8 .\ARM_GCC_541\Debug\CapSense_CSD_WithTuner01.a(CapSense_CSD.o)
 .debug_aranges
                0x000005d0       0x88 .\ARM_GCC_541\Debug\CapSense_CSD_WithTuner01.a(CapSense_CSD_CSHL.o)
 .debug_aranges
                0x00000658       0x20 .\ARM_GCC_541\Debug\CapSense_CSD_WithTuner01.a(CapSense_CSD_INT.o)
 .debug_aranges
                0x00000678       0x38 .\ARM_GCC_541\Debug\CapSense_CSD_WithTuner01.a(CapSense_CSD_MBX.o)
 .debug_aranges
                0x000006b0       0x70 .\ARM_GCC_541\Debug\CapSense_CSD_WithTuner01.a(CapSense_CSD_CompCH0.o)
 .debug_aranges
                0x00000720       0x60 .\ARM_GCC_541\Debug\CapSense_CSD_WithTuner01.a(CapSense_CSD_IdacCH0.o)
 .debug_aranges
                0x00000780       0x48 .\ARM_GCC_541\Debug\CapSense_CSD_WithTuner01.a(CapSense_CSD_AMuxCH0.o)
 .debug_aranges
                0x000007c8       0x70 .\ARM_GCC_541\Debug\CapSense_CSD_WithTuner01.a(CapSense_CSD_IntClock.o)
 .debug_aranges
                0x00000838       0x80 .\ARM_GCC_541\Debug\CapSense_CSD_WithTuner01.a(CyFlash.o)
 .debug_aranges
                0x000008b8       0x78 .\ARM_GCC_541\Debug\CapSense_CSD_WithTuner01.a(CySpc.o)

.debug_pubnames
 *(.debug_pubnames)

.debug_info     0x00000000     0x4715
 *(.debug_info .gnu.linkonce.wi.*)
 .debug_info    0x00000000       0xcb .\ARM_GCC_541\Debug\main.o
 .debug_info    0x000000cb      0x459 .\ARM_GCC_541\Debug\cyfitter_cfg.o
 .debug_info    0x00000524      0x135 .\ARM_GCC_541\Debug\cymetadata.o
 .debug_info    0x00000659      0x32b .\ARM_GCC_541\Debug\Cm3Start.o
 .debug_info    0x00000984      0x2bf .\ARM_GCC_541\Debug\CapSense_CSD_WithTuner01.a(CapSense_CSD_TunerHelper.o)
 .debug_info    0x00000c43      0xe51 .\ARM_GCC_541\Debug\CapSense_CSD_WithTuner01.a(CyLib.o)
 .debug_info    0x00001a94      0x57a .\ARM_GCC_541\Debug\CapSense_CSD_WithTuner01.a(cyPm.o)
 .debug_info    0x0000200e       0xa3 .\ARM_GCC_541\Debug\CapSense_CSD_WithTuner01.a(CyBootAsmGnu.o)
 .debug_info    0x000020b1      0x2f1 .\ARM_GCC_541\Debug\CapSense_CSD_WithTuner01.a(EzI2C.o)
 .debug_info    0x000023a2      0x189 .\ARM_GCC_541\Debug\CapSense_CSD_WithTuner01.a(EzI2C_PM.o)
 .debug_info    0x0000252b      0x159 .\ARM_GCC_541\Debug\CapSense_CSD_WithTuner01.a(EzI2C_INT.o)
 .debug_info    0x00002684      0x51c .\ARM_GCC_541\Debug\CapSense_CSD_WithTuner01.a(CapSense_CSD.o)
 .debug_info    0x00002ba0      0x77e .\ARM_GCC_541\Debug\CapSense_CSD_WithTuner01.a(CapSense_CSD_CSHL.o)
 .debug_info    0x0000331e       0xc9 .\ARM_GCC_541\Debug\CapSense_CSD_WithTuner01.a(CapSense_CSD_INT.o)
 .debug_info    0x000033e7      0x3c5 .\ARM_GCC_541\Debug\CapSense_CSD_WithTuner01.a(CapSense_CSD_MBX.o)
 .debug_info    0x000037ac      0x246 .\ARM_GCC_541\Debug\CapSense_CSD_WithTuner01.a(CapSense_CSD_CompCH0.o)
 .debug_info    0x000039f2      0x1ad .\ARM_GCC_541\Debug\CapSense_CSD_WithTuner01.a(CapSense_CSD_IdacCH0.o)
 .debug_info    0x00003b9f      0x14e .\ARM_GCC_541\Debug\CapSense_CSD_WithTuner01.a(CapSense_CSD_AMuxCH0.o)
 .debug_info    0x00003ced      0x25d .\ARM_GCC_541\Debug\CapSense_CSD_WithTuner01.a(CapSense_CSD_IntClock.o)
 .debug_info    0x00003f4a      0x371 .\ARM_GCC_541\Debug\CapSense_CSD_WithTuner01.a(CyFlash.o)
 .debug_info    0x000042bb      0x45a .\ARM_GCC_541\Debug\CapSense_CSD_WithTuner01.a(CySpc.o)

.debug_abbrev   0x00000000     0x16ba
 *(.debug_abbrev)
 .debug_abbrev  0x00000000       0x67 .\ARM_GCC_541\Debug\main.o
 .debug_abbrev  0x00000067      0x1b0 .\ARM_GCC_541\Debug\cyfitter_cfg.o
 .debug_abbrev  0x00000217       0x66 .\ARM_GCC_541\Debug\cymetadata.o
 .debug_abbrev  0x0000027d      0x1d6 .\ARM_GCC_541\Debug\Cm3Start.o
 .debug_abbrev  0x00000453       0xf4 .\ARM_GCC_541\Debug\CapSense_CSD_WithTuner01.a(CapSense_CSD_TunerHelper.o)
 .debug_abbrev  0x00000547      0x217 .\ARM_GCC_541\Debug\CapSense_CSD_WithTuner01.a(CyLib.o)
 .debug_abbrev  0x0000075e      0x161 .\ARM_GCC_541\Debug\CapSense_CSD_WithTuner01.a(cyPm.o)
 .debug_abbrev  0x000008bf       0x14 .\ARM_GCC_541\Debug\CapSense_CSD_WithTuner01.a(CyBootAsmGnu.o)
 .debug_abbrev  0x000008d3      0x150 .\ARM_GCC_541\Debug\CapSense_CSD_WithTuner01.a(EzI2C.o)
 .debug_abbrev  0x00000a23       0xf8 .\ARM_GCC_541\Debug\CapSense_CSD_WithTuner01.a(EzI2C_PM.o)
 .debug_abbrev  0x00000b1b       0x81 .\ARM_GCC_541\Debug\CapSense_CSD_WithTuner01.a(EzI2C_INT.o)
 .debug_abbrev  0x00000b9c      0x149 .\ARM_GCC_541\Debug\CapSense_CSD_WithTuner01.a(CapSense_CSD.o)
 .debug_abbrev  0x00000ce5      0x166 .\ARM_GCC_541\Debug\CapSense_CSD_WithTuner01.a(CapSense_CSD_CSHL.o)
 .debug_abbrev  0x00000e4b       0x67 .\ARM_GCC_541\Debug\CapSense_CSD_WithTuner01.a(CapSense_CSD_INT.o)
 .debug_abbrev  0x00000eb2      0x151 .\ARM_GCC_541\Debug\CapSense_CSD_WithTuner01.a(CapSense_CSD_MBX.o)
 .debug_abbrev  0x00001003      0x146 .\ARM_GCC_541\Debug\CapSense_CSD_WithTuner01.a(CapSense_CSD_CompCH0.o)
 .debug_abbrev  0x00001149      0x114 .\ARM_GCC_541\Debug\CapSense_CSD_WithTuner01.a(CapSense_CSD_IdacCH0.o)
 .debug_abbrev  0x0000125d       0x98 .\ARM_GCC_541\Debug\CapSense_CSD_WithTuner01.a(CapSense_CSD_AMuxCH0.o)
 .debug_abbrev  0x000012f5      0x11d .\ARM_GCC_541\Debug\CapSense_CSD_WithTuner01.a(CapSense_CSD_IntClock.o)
 .debug_abbrev  0x00001412      0x13c .\ARM_GCC_541\Debug\CapSense_CSD_WithTuner01.a(CyFlash.o)
 .debug_abbrev  0x0000154e      0x16c .\ARM_GCC_541\Debug\CapSense_CSD_WithTuner01.a(CySpc.o)

.debug_line     0x00000000     0x26bd
 *(.debug_line)
 .debug_line    0x00000000      0x164 .\ARM_GCC_541\Debug\main.o
 .debug_line    0x00000164      0x220 .\ARM_GCC_541\Debug\cyfitter_cfg.o
 .debug_line    0x00000384      0x141 .\ARM_GCC_541\Debug\cymetadata.o
 .debug_line    0x000004c5      0x1dc .\ARM_GCC_541\Debug\Cm3Start.o
 .debug_line    0x000006a1      0x10b .\ARM_GCC_541\Debug\CapSense_CSD_WithTuner01.a(CapSense_CSD_TunerHelper.o)
 .debug_line    0x000007ac      0x883 .\ARM_GCC_541\Debug\CapSense_CSD_WithTuner01.a(CyLib.o)
 .debug_line    0x0000102f      0x38e .\ARM_GCC_541\Debug\CapSense_CSD_WithTuner01.a(cyPm.o)
 .debug_line    0x000013bd       0x66 .\ARM_GCC_541\Debug\CapSense_CSD_WithTuner01.a(CyBootAsmGnu.o)
 .debug_line    0x00001423      0x128 .\ARM_GCC_541\Debug\CapSense_CSD_WithTuner01.a(EzI2C.o)
 .debug_line    0x0000154b       0xba .\ARM_GCC_541\Debug\CapSense_CSD_WithTuner01.a(EzI2C_PM.o)
 .debug_line    0x00001605       0xc2 .\ARM_GCC_541\Debug\CapSense_CSD_WithTuner01.a(EzI2C_INT.o)
 .debug_line    0x000016c7      0x23a .\ARM_GCC_541\Debug\CapSense_CSD_WithTuner01.a(CapSense_CSD.o)
 .debug_line    0x00001901      0x2d4 .\ARM_GCC_541\Debug\CapSense_CSD_WithTuner01.a(CapSense_CSD_CSHL.o)
 .debug_line    0x00001bd5       0x8e .\ARM_GCC_541\Debug\CapSense_CSD_WithTuner01.a(CapSense_CSD_INT.o)
 .debug_line    0x00001c63      0x120 .\ARM_GCC_541\Debug\CapSense_CSD_WithTuner01.a(CapSense_CSD_MBX.o)
 .debug_line    0x00001d83      0x17c .\ARM_GCC_541\Debug\CapSense_CSD_WithTuner01.a(CapSense_CSD_CompCH0.o)
 .debug_line    0x00001eff      0x115 .\ARM_GCC_541\Debug\CapSense_CSD_WithTuner01.a(CapSense_CSD_IdacCH0.o)
 .debug_line    0x00002014       0xde .\ARM_GCC_541\Debug\CapSense_CSD_WithTuner01.a(CapSense_CSD_AMuxCH0.o)
 .debug_line    0x000020f2      0x1b4 .\ARM_GCC_541\Debug\CapSense_CSD_WithTuner01.a(CapSense_CSD_IntClock.o)
 .debug_line    0x000022a6      0x205 .\ARM_GCC_541\Debug\CapSense_CSD_WithTuner01.a(CyFlash.o)
 .debug_line    0x000024ab      0x212 .\ARM_GCC_541\Debug\CapSense_CSD_WithTuner01.a(CySpc.o)

.debug_frame    0x00000000     0x2398
 *(.debug_frame)
 .debug_frame   0x00000000       0x2c .\ARM_GCC_541\Debug\main.o
 .debug_frame   0x0000002c      0x1bc .\ARM_GCC_541\Debug\cyfitter_cfg.o
 .debug_frame   0x000001e8       0xd8 .\ARM_GCC_541\Debug\Cm3Start.o
 .debug_frame   0x000002c0       0x74 .\ARM_GCC_541\Debug\CapSense_CSD_WithTuner01.a(CapSense_CSD_TunerHelper.o)
 .debug_frame   0x00000334      0xc0c .\ARM_GCC_541\Debug\CapSense_CSD_WithTuner01.a(CyLib.o)
 .debug_frame   0x00000f40      0x234 .\ARM_GCC_541\Debug\CapSense_CSD_WithTuner01.a(cyPm.o)
 .debug_frame   0x00001174      0x134 .\ARM_GCC_541\Debug\CapSense_CSD_WithTuner01.a(EzI2C.o)
 .debug_frame   0x000012a8       0x94 .\ARM_GCC_541\Debug\CapSense_CSD_WithTuner01.a(EzI2C_PM.o)
 .debug_frame   0x0000133c       0x34 .\ARM_GCC_541\Debug\CapSense_CSD_WithTuner01.a(EzI2C_INT.o)
 .debug_frame   0x00001370      0x2b8 .\ARM_GCC_541\Debug\CapSense_CSD_WithTuner01.a(CapSense_CSD.o)
 .debug_frame   0x00001628      0x24c .\ARM_GCC_541\Debug\CapSense_CSD_WithTuner01.a(CapSense_CSD_CSHL.o)
 .debug_frame   0x00001874       0x2c .\ARM_GCC_541\Debug\CapSense_CSD_WithTuner01.a(CapSense_CSD_INT.o)
 .debug_frame   0x000018a0       0xb0 .\ARM_GCC_541\Debug\CapSense_CSD_WithTuner01.a(CapSense_CSD_MBX.o)
 .debug_frame   0x00001950      0x19c .\ARM_GCC_541\Debug\CapSense_CSD_WithTuner01.a(CapSense_CSD_CompCH0.o)
 .debug_frame   0x00001aec      0x158 .\ARM_GCC_541\Debug\CapSense_CSD_WithTuner01.a(CapSense_CSD_IdacCH0.o)
 .debug_frame   0x00001c44       0xdc .\ARM_GCC_541\Debug\CapSense_CSD_WithTuner01.a(CapSense_CSD_AMuxCH0.o)
 .debug_frame   0x00001d20      0x1b4 .\ARM_GCC_541\Debug\CapSense_CSD_WithTuner01.a(CapSense_CSD_IntClock.o)
 .debug_frame   0x00001ed4      0x210 .\ARM_GCC_541\Debug\CapSense_CSD_WithTuner01.a(CyFlash.o)
 .debug_frame   0x000020e4      0x1f8 .\ARM_GCC_541\Debug\CapSense_CSD_WithTuner01.a(CySpc.o)
 .debug_frame   0x000022dc       0x20 c:/program files (x86)/cypress/psoc creator/4.2/psoc creator/import/gnu/arm/5.4.1/bin/../lib/gcc/arm-none-eabi/5.4.1/../../../../arm-none-eabi/lib/armv7-m\libg_nano.a(lib_a-errno.o)
 .debug_frame   0x000022fc       0x28 c:/program files (x86)/cypress/psoc creator/4.2/psoc creator/import/gnu/arm/5.4.1/bin/../lib/gcc/arm-none-eabi/5.4.1/../../../../arm-none-eabi/lib/armv7-m\libg_nano.a(lib_a-exit.o)
 .debug_frame   0x00002324       0x2c c:/program files (x86)/cypress/psoc creator/4.2/psoc creator/import/gnu/arm/5.4.1/bin/../lib/gcc/arm-none-eabi/5.4.1/../../../../arm-none-eabi/lib/armv7-m\libg_nano.a(lib_a-init.o)
 .debug_frame   0x00002350       0x28 c:/program files (x86)/cypress/psoc creator/4.2/psoc creator/import/gnu/arm/5.4.1/bin/../lib/gcc/arm-none-eabi/5.4.1/../../../../arm-none-eabi/lib/armv7-m\libg_nano.a(lib_a-memcpy-stub.o)
 .debug_frame   0x00002378       0x20 c:/program files (x86)/cypress/psoc creator/4.2/psoc creator/import/gnu/arm/5.4.1/bin/../lib/gcc/arm-none-eabi/5.4.1/../../../../arm-none-eabi/lib/armv7-m\libg_nano.a(lib_a-memset.o)

.debug_str      0x00000000     0x24f9
 *(.debug_str)
 .debug_str     0x00000000      0x171 .\ARM_GCC_541\Debug\main.o
                                0x1b9 (size before relaxing)
 .debug_str     0x00000171      0x1fd .\ARM_GCC_541\Debug\cyfitter_cfg.o
                                0x398 (size before relaxing)
 .debug_str     0x0000036e       0x7f .\ARM_GCC_541\Debug\cymetadata.o
                                0x1f7 (size before relaxing)
 .debug_str     0x000003ed      0x11d .\ARM_GCC_541\Debug\Cm3Start.o
                                0x2ea (size before relaxing)
 .debug_str     0x0000050a      0x173 .\ARM_GCC_541\Debug\CapSense_CSD_WithTuner01.a(CapSense_CSD_TunerHelper.o)
                                0x385 (size before relaxing)
 .debug_str     0x0000067d      0x80c .\ARM_GCC_541\Debug\CapSense_CSD_WithTuner01.a(CyLib.o)
                                0x9fd (size before relaxing)
 .debug_str     0x00000e89      0x371 .\ARM_GCC_541\Debug\CapSense_CSD_WithTuner01.a(cyPm.o)
                                0x556 (size before relaxing)
 .debug_str     0x000011fa      0x183 .\ARM_GCC_541\Debug\CapSense_CSD_WithTuner01.a(EzI2C.o)
                                0x34b (size before relaxing)
 .debug_str     0x0000137d       0x60 .\ARM_GCC_541\Debug\CapSense_CSD_WithTuner01.a(EzI2C_PM.o)
                                0x252 (size before relaxing)
 .debug_str     0x000013dd       0x3f .\ARM_GCC_541\Debug\CapSense_CSD_WithTuner01.a(EzI2C_INT.o)
                                0x251 (size before relaxing)
 .debug_str     0x0000141c      0x369 .\ARM_GCC_541\Debug\CapSense_CSD_WithTuner01.a(CapSense_CSD.o)
                                0x51b (size before relaxing)
 .debug_str     0x00001785      0x3b9 .\ARM_GCC_541\Debug\CapSense_CSD_WithTuner01.a(CapSense_CSD_CSHL.o)
                                0x656 (size before relaxing)
 .debug_str     0x00001b3e       0x42 .\ARM_GCC_541\Debug\CapSense_CSD_WithTuner01.a(CapSense_CSD_INT.o)
                                0x200 (size before relaxing)
 .debug_str     0x00001b80       0x9f .\ARM_GCC_541\Debug\CapSense_CSD_WithTuner01.a(CapSense_CSD_MBX.o)
                                0x468 (size before relaxing)
 .debug_str     0x00001c1f      0x1f0 .\ARM_GCC_541\Debug\CapSense_CSD_WithTuner01.a(CapSense_CSD_CompCH0.o)
                                0x397 (size before relaxing)
 .debug_str     0x00001e0f      0x15d .\ARM_GCC_541\Debug\CapSense_CSD_WithTuner01.a(CapSense_CSD_IdacCH0.o)
                                0x2f2 (size before relaxing)
 .debug_str     0x00001f6c      0x11f .\ARM_GCC_541\Debug\CapSense_CSD_WithTuner01.a(CapSense_CSD_AMuxCH0.o)
                                0x2a6 (size before relaxing)
 .debug_str     0x0000208b      0x20a .\ARM_GCC_541\Debug\CapSense_CSD_WithTuner01.a(CapSense_CSD_IntClock.o)
                                0x3a9 (size before relaxing)
 .debug_str     0x00002295      0x145 .\ARM_GCC_541\Debug\CapSense_CSD_WithTuner01.a(CyFlash.o)
                                0x309 (size before relaxing)
 .debug_str     0x000023da      0x11f .\ARM_GCC_541\Debug\CapSense_CSD_WithTuner01.a(CySpc.o)
                                0x306 (size before relaxing)

.debug_loc
 *(.debug_loc)

.debug_macinfo
 *(.debug_macinfo)

.debug_ranges   0x00000000      0x7c8
 *(.debug_ranges)
 .debug_ranges  0x00000000       0x10 .\ARM_GCC_541\Debug\main.o
 .debug_ranges  0x00000010       0x60 .\ARM_GCC_541\Debug\cyfitter_cfg.o
 .debug_ranges  0x00000070       0x38 .\ARM_GCC_541\Debug\Cm3Start.o
 .debug_ranges  0x000000a8       0x20 .\ARM_GCC_541\Debug\CapSense_CSD_WithTuner01.a(CapSense_CSD_TunerHelper.o)
 .debug_ranges  0x000000c8      0x290 .\ARM_GCC_541\Debug\CapSense_CSD_WithTuner01.a(CyLib.o)
 .debug_ranges  0x00000358       0x88 .\ARM_GCC_541\Debug\CapSense_CSD_WithTuner01.a(cyPm.o)
 .debug_ranges  0x000003e0       0x48 .\ARM_GCC_541\Debug\CapSense_CSD_WithTuner01.a(EzI2C.o)
 .debug_ranges  0x00000428       0x28 .\ARM_GCC_541\Debug\CapSense_CSD_WithTuner01.a(EzI2C_PM.o)
 .debug_ranges  0x00000450       0x10 .\ARM_GCC_541\Debug\CapSense_CSD_WithTuner01.a(EzI2C_INT.o)
 .debug_ranges  0x00000460       0x98 .\ARM_GCC_541\Debug\CapSense_CSD_WithTuner01.a(CapSense_CSD.o)
 .debug_ranges  0x000004f8       0x78 .\ARM_GCC_541\Debug\CapSense_CSD_WithTuner01.a(CapSense_CSD_CSHL.o)
 .debug_ranges  0x00000570       0x10 .\ARM_GCC_541\Debug\CapSense_CSD_WithTuner01.a(CapSense_CSD_INT.o)
 .debug_ranges  0x00000580       0x28 .\ARM_GCC_541\Debug\CapSense_CSD_WithTuner01.a(CapSense_CSD_MBX.o)
 .debug_ranges  0x000005a8       0x60 .\ARM_GCC_541\Debug\CapSense_CSD_WithTuner01.a(CapSense_CSD_CompCH0.o)
 .debug_ranges  0x00000608       0x50 .\ARM_GCC_541\Debug\CapSense_CSD_WithTuner01.a(CapSense_CSD_IdacCH0.o)
 .debug_ranges  0x00000658       0x38 .\ARM_GCC_541\Debug\CapSense_CSD_WithTuner01.a(CapSense_CSD_AMuxCH0.o)
 .debug_ranges  0x00000690       0x60 .\ARM_GCC_541\Debug\CapSense_CSD_WithTuner01.a(CapSense_CSD_IntClock.o)
 .debug_ranges  0x000006f0       0x70 .\ARM_GCC_541\Debug\CapSense_CSD_WithTuner01.a(CyFlash.o)
 .debug_ranges  0x00000760       0x68 .\ARM_GCC_541\Debug\CapSense_CSD_WithTuner01.a(CySpc.o)

.comment        0x00000000       0x6e
 .comment       0x00000000       0x6e .\ARM_GCC_541\Debug\main.o
                                 0x6f (size before relaxing)
 .comment       0x0000006e       0x6f .\ARM_GCC_541\Debug\cyfitter_cfg.o
 .comment       0x0000006e       0x6f .\ARM_GCC_541\Debug\cymetadata.o
 .comment       0x0000006e       0x6f .\ARM_GCC_541\Debug\Cm3Start.o
 .comment       0x0000006e       0x6f .\ARM_GCC_541\Debug\CapSense_CSD_WithTuner01.a(CapSense_CSD_TunerHelper.o)
 .comment       0x0000006e       0x6f .\ARM_GCC_541\Debug\CapSense_CSD_WithTuner01.a(CyLib.o)
 .comment       0x0000006e       0x6f .\ARM_GCC_541\Debug\CapSense_CSD_WithTuner01.a(cyPm.o)
 .comment       0x0000006e       0x6f .\ARM_GCC_541\Debug\CapSense_CSD_WithTuner01.a(EzI2C.o)
 .comment       0x0000006e       0x6f .\ARM_GCC_541\Debug\CapSense_CSD_WithTuner01.a(EzI2C_PM.o)
 .comment       0x0000006e       0x6f .\ARM_GCC_541\Debug\CapSense_CSD_WithTuner01.a(EzI2C_INT.o)
 .comment       0x0000006e       0x6f .\ARM_GCC_541\Debug\CapSense_CSD_WithTuner01.a(CapSense_CSD.o)
 .comment       0x0000006e       0x6f .\ARM_GCC_541\Debug\CapSense_CSD_WithTuner01.a(CapSense_CSD_CSHL.o)
 .comment       0x0000006e       0x6f .\ARM_GCC_541\Debug\CapSense_CSD_WithTuner01.a(CapSense_CSD_INT.o)
 .comment       0x0000006e       0x6f .\ARM_GCC_541\Debug\CapSense_CSD_WithTuner01.a(CapSense_CSD_MBX.o)
 .comment       0x0000006e       0x6f .\ARM_GCC_541\Debug\CapSense_CSD_WithTuner01.a(CapSense_CSD_CompCH0.o)
 .comment       0x0000006e       0x6f .\ARM_GCC_541\Debug\CapSense_CSD_WithTuner01.a(CapSense_CSD_IdacCH0.o)
 .comment       0x0000006e       0x6f .\ARM_GCC_541\Debug\CapSense_CSD_WithTuner01.a(CapSense_CSD_AMuxCH0.o)
 .comment       0x0000006e       0x6f .\ARM_GCC_541\Debug\CapSense_CSD_WithTuner01.a(CapSense_CSD_IntClock.o)
 .comment       0x0000006e       0x6f .\ARM_GCC_541\Debug\CapSense_CSD_WithTuner01.a(CyFlash.o)
 .comment       0x0000006e       0x6f .\ARM_GCC_541\Debug\CapSense_CSD_WithTuner01.a(CySpc.o)

.debug_weaknames
 *(.debug_weaknames)

.debug_funcnames
 *(.debug_funcnames)

.debug_typenames
 *(.debug_typenames)

.debug_varnames
 *(.debug_varnames)

.note.gnu.arm.ident
 *(.note.gnu.arm.ident)

.ARM.attributes
                0x00000000       0x29
 *(.ARM.attributes)
 .ARM.attributes
                0x00000000       0x1d c:/program files (x86)/cypress/psoc creator/4.2/psoc creator/import/gnu/arm/5.4.1/bin/../lib/gcc/arm-none-eabi/5.4.1/armv7-m/crti.o
 .ARM.attributes
                0x0000001d       0x2d c:/program files (x86)/cypress/psoc creator/4.2/psoc creator/import/gnu/arm/5.4.1/bin/../lib/gcc/arm-none-eabi/5.4.1/armv7-m/crtbegin.o
 .ARM.attributes
                0x0000004a       0x1b c:/program files (x86)/cypress/psoc creator/4.2/psoc creator/import/gnu/arm/5.4.1/bin/../lib/gcc/arm-none-eabi/5.4.1/../../../../arm-none-eabi/lib/armv7-m/crt0.o
 .ARM.attributes
                0x00000065       0x33 .\ARM_GCC_541\Debug\main.o
 .ARM.attributes
                0x00000098       0x33 .\ARM_GCC_541\Debug\cyfitter_cfg.o
 .ARM.attributes
                0x000000cb       0x33 .\ARM_GCC_541\Debug\cymetadata.o
 .ARM.attributes
                0x000000fe       0x33 .\ARM_GCC_541\Debug\Cm3Start.o
 .ARM.attributes
                0x00000131       0x33 .\ARM_GCC_541\Debug\CapSense_CSD_WithTuner01.a(CapSense_CSD_TunerHelper.o)
 .ARM.attributes
                0x00000164       0x33 .\ARM_GCC_541\Debug\CapSense_CSD_WithTuner01.a(CyLib.o)
 .ARM.attributes
                0x00000197       0x33 .\ARM_GCC_541\Debug\CapSense_CSD_WithTuner01.a(cyPm.o)
 .ARM.attributes
                0x000001ca       0x21 .\ARM_GCC_541\Debug\CapSense_CSD_WithTuner01.a(CyBootAsmGnu.o)
 .ARM.attributes
                0x000001eb       0x33 .\ARM_GCC_541\Debug\CapSense_CSD_WithTuner01.a(EzI2C.o)
 .ARM.attributes
                0x0000021e       0x33 .\ARM_GCC_541\Debug\CapSense_CSD_WithTuner01.a(EzI2C_PM.o)
 .ARM.attributes
                0x00000251       0x33 .\ARM_GCC_541\Debug\CapSense_CSD_WithTuner01.a(EzI2C_INT.o)
 .ARM.attributes
                0x00000284       0x33 .\ARM_GCC_541\Debug\CapSense_CSD_WithTuner01.a(CapSense_CSD.o)
 .ARM.attributes
                0x000002b7       0x33 .\ARM_GCC_541\Debug\CapSense_CSD_WithTuner01.a(CapSense_CSD_CSHL.o)
 .ARM.attributes
                0x000002ea       0x33 .\ARM_GCC_541\Debug\CapSense_CSD_WithTuner01.a(CapSense_CSD_INT.o)
 .ARM.attributes
                0x0000031d       0x33 .\ARM_GCC_541\Debug\CapSense_CSD_WithTuner01.a(CapSense_CSD_MBX.o)
 .ARM.attributes
                0x00000350       0x33 .\ARM_GCC_541\Debug\CapSense_CSD_WithTuner01.a(CapSense_CSD_CompCH0.o)
 .ARM.attributes
                0x00000383       0x33 .\ARM_GCC_541\Debug\CapSense_CSD_WithTuner01.a(CapSense_CSD_IdacCH0.o)
 .ARM.attributes
                0x000003b6       0x33 .\ARM_GCC_541\Debug\CapSense_CSD_WithTuner01.a(CapSense_CSD_AMuxCH0.o)
 .ARM.attributes
                0x000003e9       0x33 .\ARM_GCC_541\Debug\CapSense_CSD_WithTuner01.a(CapSense_CSD_IntClock.o)
 .ARM.attributes
                0x0000041c       0x33 .\ARM_GCC_541\Debug\CapSense_CSD_WithTuner01.a(CyFlash.o)
 .ARM.attributes
                0x0000044f       0x33 .\ARM_GCC_541\Debug\CapSense_CSD_WithTuner01.a(CySpc.o)
 .ARM.attributes
                0x00000482       0x2d c:/program files (x86)/cypress/psoc creator/4.2/psoc creator/import/gnu/arm/5.4.1/bin/../lib/gcc/arm-none-eabi/5.4.1/../../../../arm-none-eabi/lib/armv7-m\libg_nano.a(lib_a-errno.o)
 .ARM.attributes
                0x000004af       0x2d c:/program files (x86)/cypress/psoc creator/4.2/psoc creator/import/gnu/arm/5.4.1/bin/../lib/gcc/arm-none-eabi/5.4.1/../../../../arm-none-eabi/lib/armv7-m\libg_nano.a(lib_a-exit.o)
 .ARM.attributes
                0x000004dc       0x2d c:/program files (x86)/cypress/psoc creator/4.2/psoc creator/import/gnu/arm/5.4.1/bin/../lib/gcc/arm-none-eabi/5.4.1/../../../../arm-none-eabi/lib/armv7-m\libg_nano.a(lib_a-impure.o)
 .ARM.attributes
                0x00000509       0x2d c:/program files (x86)/cypress/psoc creator/4.2/psoc creator/import/gnu/arm/5.4.1/bin/../lib/gcc/arm-none-eabi/5.4.1/../../../../arm-none-eabi/lib/armv7-m\libg_nano.a(lib_a-init.o)
 .ARM.attributes
                0x00000536       0x2d c:/program files (x86)/cypress/psoc creator/4.2/psoc creator/import/gnu/arm/5.4.1/bin/../lib/gcc/arm-none-eabi/5.4.1/../../../../arm-none-eabi/lib/armv7-m\libg_nano.a(lib_a-memcpy-stub.o)
 .ARM.attributes
                0x00000563       0x2d c:/program files (x86)/cypress/psoc creator/4.2/psoc creator/import/gnu/arm/5.4.1/bin/../lib/gcc/arm-none-eabi/5.4.1/../../../../arm-none-eabi/lib/armv7-m\libg_nano.a(lib_a-memset.o)
 .ARM.attributes
                0x00000590       0x2d c:/program files (x86)/cypress/psoc creator/4.2/psoc creator/import/gnu/arm/5.4.1/bin/../lib/gcc/arm-none-eabi/5.4.1/armv7-m/crtend.o
 .ARM.attributes
                0x000005bd       0x1d c:/program files (x86)/cypress/psoc creator/4.2/psoc creator/import/gnu/arm/5.4.1/bin/../lib/gcc/arm-none-eabi/5.4.1/armv7-m/crtn.o

/DISCARD/
 *(.note.GNU-stack)
OUTPUT(H:\P4P\P4P_Project-130\Capsense_stuff\Cap_Sense.cydsn\CapSense_CSD_WithTuner01.cydsn\ARM_GCC_541\Debug\CapSense_CSD_WithTuner01.elf elf32-littlearm)
