ARM GAS  C:\Users\ash750\AppData\Local\Temp\cc61jSJ1.s 			page 1


   1              		.syntax unified
   2              		.cpu cortex-m3
   3              		.fpu softvfp
   4              		.eabi_attribute 20, 1
   5              		.eabi_attribute 21, 1
   6              		.eabi_attribute 23, 3
   7              		.eabi_attribute 24, 1
   8              		.eabi_attribute 25, 1
   9              		.eabi_attribute 26, 1
  10              		.eabi_attribute 30, 6
  11              		.eabi_attribute 34, 1
  12              		.eabi_attribute 18, 4
  13              		.thumb
  14              		.syntax unified
  15              		.file	"main.c"
  16              		.text
  17              	.Ltext0:
  18              		.cfi_sections	.debug_frame
  19              		.section	.text.main,"ax",%progbits
  20              		.align	2
  21              		.global	main
  22              		.thumb
  23              		.thumb_func
  24              		.type	main, %function
  25              	main:
  26              	.LFB63:
  27              		.file 1 "main.c"
   1:main.c        **** /*******************************************************************************
   2:main.c        **** * File Name: main.c
   3:main.c        **** *
   4:main.c        **** * Version: 1.10
   5:main.c        **** *
   6:main.c        **** * Description:
   7:main.c        **** *  The project explains the usage of CapSense CSD component. The 2 buttons and
   8:main.c        **** *  linear sliders are used as sensing elements. Tuner GUI displays buttons 
   9:main.c        **** *  active state and slider position. The defualt parameters of component could 
  10:main.c        **** *  be changed by using Tuner GUI. For more information about Tuner GUI please 
  11:main.c        **** *  refer to CapSense CSD data sheet.
  12:main.c        **** *  The EzI2C component is used to establish communication with Tuner GUI.
  13:main.c        **** *
  14:main.c        **** *  Steps to lanch and use Tunner:
  15:main.c        **** *   1) Select "Launch Tuner" from a CapSense CSD instance context menu to
  16:main.c        **** *      launch the Tuning GUI.
  17:main.c        **** *   2) Open the Configuration Communication dialog and set the communication
  18:main.c        **** *      parameters.
  19:main.c        **** *   3) Press Start on the Tuning GUI. All of the CapSense elements will start
  20:main.c        **** *      showing their values.
  21:main.c        **** *
  22:main.c        **** * Hardware connections:
  23:main.c        **** *  CY8CKIT-001 and MiniProg3 GND should be connected.
  24:main.c        **** *  EzI2C Slave SDA - P12[1] to SDAT on MiniProg3.
  25:main.c        **** *  EzI2C Slave SCL - P12[0] to SCLK on MiniProg3.
  26:main.c        **** *  No connection is required for the modulator capacitor Cmod (P2[7] on
  27:main.c        **** *  CY8C38 Family Processor Module CY8CKIT-009).
  28:main.c        **** *  NOTE: To use this project with CY8C55 Family Processor Module CY8CKIT-010
  29:main.c        **** *        reassign the Cmod to P15[5].
  30:main.c        **** *
ARM GAS  C:\Users\ash750\AppData\Local\Temp\cc61jSJ1.s 			page 2


  31:main.c        **** ********************************************************************************
  32:main.c        **** * Copyright 2012, Cypress Semiconductor Corporation. All rights reserved.
  33:main.c        **** * This software is owned by Cypress Semiconductor Corporation and is protected
  34:main.c        **** * by and subject to worldwide patent and copyright laws and treaties.
  35:main.c        **** * Therefore, you may use this software only as provided in the license agreement
  36:main.c        **** * accompanying the software package from which you obtained this software.
  37:main.c        **** * CYPRESS AND ITS SUPPLIERS MAKE NO WARRANTY OF ANY KIND, EXPRESS OR IMPLIED,
  38:main.c        **** * WITH REGARD TO THIS SOFTWARE, INCLUDING, BUT NOT LIMITED TO, NONINFRINGEMENT,
  39:main.c        **** * IMPLIED WARRANTIES OF MERCHANTABILITY AND FITNESS FOR A PARTICULAR PURPOSE.
  40:main.c        **** *******************************************************************************/
  41:main.c        **** 
  42:main.c        **** #include <project.h>
  43:main.c        **** 
  44:main.c        **** 
  45:main.c        **** /*******************************************************************************
  46:main.c        **** * Function Name: main
  47:main.c        **** ********************************************************************************
  48:main.c        **** *
  49:main.c        **** * Summary:
  50:main.c        **** *  Main function performs following functions:
  51:main.c        **** *   1. Enable global interrupts.
  52:main.c        **** *   2. Initialize CapSense CSD and EzI2C Start the sensor scanning loop.
  53:main.c        **** *   3. Process scanning results and communicates with Tuner GUI.
  54:main.c        **** *
  55:main.c        **** * Parameters:
  56:main.c        **** *  None
  57:main.c        **** *
  58:main.c        **** * Return:
  59:main.c        **** *  None
  60:main.c        **** *
  61:main.c        **** *******************************************************************************/
  62:main.c        **** int main()
  63:main.c        **** {
  28              		.loc 1 63 0
  29              		.cfi_startproc
  30              		@ args = 0, pretend = 0, frame = 0
  31              		@ frame_needed = 1, uses_anonymous_args = 0
  32 0000 80B5     		push	{r7, lr}
  33              		.cfi_def_cfa_offset 8
  34              		.cfi_offset 7, -8
  35              		.cfi_offset 14, -4
  36 0002 00AF     		add	r7, sp, #0
  37              		.cfi_def_cfa_register 7
  64:main.c        ****     /* Enable global interrupts */
  65:main.c        ****     CyGlobalIntEnable;
  38              		.loc 1 65 0
  39              		.syntax unified
  40              	@ 65 "main.c" 1
  41 0004 62B6     		CPSIE   i
  42              	@ 0 "" 2
  66:main.c        **** 
  67:main.c        ****     /* Initialize CapSense CSD and EzI2C Start the sensor scanning loop */
  68:main.c        ****     CapSense_CSD_TunerStart();
  43              		.loc 1 68 0
  44              		.thumb
  45              		.syntax unified
  46 0006 FFF7FEFF 		bl	CapSense_CSD_TunerStart
ARM GAS  C:\Users\ash750\AppData\Local\Temp\cc61jSJ1.s 			page 3


  69:main.c        **** 
  70:main.c        ****     PWM_1_Start();
  47              		.loc 1 70 0
  48 000a FFF7FEFF 		bl	PWM_1_Start
  49              	.L2:
  71:main.c        ****     
  72:main.c        ****     while(1u)
  73:main.c        ****     {
  74:main.c        ****         /* Process scanning results and communicates with Tuner GUI */
  75:main.c        ****         CapSense_CSD_TunerComm();
  50              		.loc 1 75 0 discriminator 1
  51 000e FFF7FEFF 		bl	CapSense_CSD_TunerComm
  76:main.c        ****         
  77:main.c        ****      
  78:main.c        ****     }
  52              		.loc 1 78 0 discriminator 1
  53 0012 FCE7     		b	.L2
  54              		.cfi_endproc
  55              	.LFE63:
  56              		.size	main, .-main
  57              		.text
  58              	.Letext0:
  59              		.file 2 "c:\\program files (x86)\\cypress\\psoc creator\\4.2\\psoc creator\\import\\gnu\\arm\\5.4.
  60              		.file 3 "c:\\program files (x86)\\cypress\\psoc creator\\4.2\\psoc creator\\import\\gnu\\arm\\5.4.
  61              		.file 4 "Generated_Source\\PSoC5/core_cm3.h"
  62              		.section	.debug_info,"",%progbits
  63              	.Ldebug_info0:
  64 0000 C7000000 		.4byte	0xc7
  65 0004 0400     		.2byte	0x4
  66 0006 00000000 		.4byte	.Ldebug_abbrev0
  67 000a 04       		.byte	0x4
  68 000b 01       		.uleb128 0x1
  69 000c 63000000 		.4byte	.LASF16
  70 0010 0C       		.byte	0xc
  71 0011 2E000000 		.4byte	.LASF17
  72 0015 FF000000 		.4byte	.LASF18
  73 0019 00000000 		.4byte	.Ldebug_ranges0+0
  74 001d 00000000 		.4byte	0
  75 0021 00000000 		.4byte	.Ldebug_line0
  76 0025 02       		.uleb128 0x2
  77 0026 01       		.byte	0x1
  78 0027 06       		.byte	0x6
  79 0028 7E010000 		.4byte	.LASF0
  80 002c 02       		.uleb128 0x2
  81 002d 01       		.byte	0x1
  82 002e 08       		.byte	0x8
  83 002f F1000000 		.4byte	.LASF1
  84 0033 02       		.uleb128 0x2
  85 0034 02       		.byte	0x2
  86 0035 05       		.byte	0x5
  87 0036 A6010000 		.4byte	.LASF2
  88 003a 02       		.uleb128 0x2
  89 003b 02       		.byte	0x2
  90 003c 07       		.byte	0x7
  91 003d 0E000000 		.4byte	.LASF3
  92 0041 03       		.uleb128 0x3
  93 0042 96010000 		.4byte	.LASF9
ARM GAS  C:\Users\ash750\AppData\Local\Temp\cc61jSJ1.s 			page 4


  94 0046 02       		.byte	0x2
  95 0047 3F       		.byte	0x3f
  96 0048 4C000000 		.4byte	0x4c
  97 004c 02       		.uleb128 0x2
  98 004d 04       		.byte	0x4
  99 004e 05       		.byte	0x5
 100 004f 58010000 		.4byte	.LASF4
 101 0053 02       		.uleb128 0x2
 102 0054 04       		.byte	0x4
 103 0055 07       		.byte	0x7
 104 0056 3A000000 		.4byte	.LASF5
 105 005a 02       		.uleb128 0x2
 106 005b 08       		.byte	0x8
 107 005c 05       		.byte	0x5
 108 005d 00000000 		.4byte	.LASF6
 109 0061 02       		.uleb128 0x2
 110 0062 08       		.byte	0x8
 111 0063 07       		.byte	0x7
 112 0064 4C000000 		.4byte	.LASF7
 113 0068 04       		.uleb128 0x4
 114 0069 04       		.byte	0x4
 115 006a 05       		.byte	0x5
 116 006b 696E7400 		.ascii	"int\000"
 117 006f 02       		.uleb128 0x2
 118 0070 04       		.byte	0x4
 119 0071 07       		.byte	0x7
 120 0072 21000000 		.4byte	.LASF8
 121 0076 03       		.uleb128 0x3
 122 0077 B0010000 		.4byte	.LASF10
 123 007b 03       		.byte	0x3
 124 007c 2C       		.byte	0x2c
 125 007d 41000000 		.4byte	0x41
 126 0081 02       		.uleb128 0x2
 127 0082 04       		.byte	0x4
 128 0083 04       		.byte	0x4
 129 0084 A0010000 		.4byte	.LASF11
 130 0088 02       		.uleb128 0x2
 131 0089 08       		.byte	0x8
 132 008a 04       		.byte	0x4
 133 008b 61010000 		.4byte	.LASF12
 134 008f 02       		.uleb128 0x2
 135 0090 01       		.byte	0x1
 136 0091 08       		.byte	0x8
 137 0092 B8010000 		.4byte	.LASF13
 138 0096 02       		.uleb128 0x2
 139 0097 08       		.byte	0x8
 140 0098 04       		.byte	0x4
 141 0099 8A010000 		.4byte	.LASF14
 142 009d 02       		.uleb128 0x2
 143 009e 04       		.byte	0x4
 144 009f 07       		.byte	0x7
 145 00a0 68010000 		.4byte	.LASF15
 146 00a4 05       		.uleb128 0x5
 147 00a5 35000000 		.4byte	.LASF19
 148 00a9 01       		.byte	0x1
 149 00aa 3E       		.byte	0x3e
 150 00ab 68000000 		.4byte	0x68
ARM GAS  C:\Users\ash750\AppData\Local\Temp\cc61jSJ1.s 			page 5


 151 00af 00000000 		.4byte	.LFB63
 152 00b3 14000000 		.4byte	.LFE63-.LFB63
 153 00b7 01       		.uleb128 0x1
 154 00b8 9C       		.byte	0x9c
 155 00b9 06       		.uleb128 0x6
 156 00ba 71010000 		.4byte	.LASF20
 157 00be 04       		.byte	0x4
 158 00bf 1207     		.2byte	0x712
 159 00c1 C5000000 		.4byte	0xc5
 160 00c5 07       		.uleb128 0x7
 161 00c6 76000000 		.4byte	0x76
 162 00ca 00       		.byte	0
 163              		.section	.debug_abbrev,"",%progbits
 164              	.Ldebug_abbrev0:
 165 0000 01       		.uleb128 0x1
 166 0001 11       		.uleb128 0x11
 167 0002 01       		.byte	0x1
 168 0003 25       		.uleb128 0x25
 169 0004 0E       		.uleb128 0xe
 170 0005 13       		.uleb128 0x13
 171 0006 0B       		.uleb128 0xb
 172 0007 03       		.uleb128 0x3
 173 0008 0E       		.uleb128 0xe
 174 0009 1B       		.uleb128 0x1b
 175 000a 0E       		.uleb128 0xe
 176 000b 55       		.uleb128 0x55
 177 000c 17       		.uleb128 0x17
 178 000d 11       		.uleb128 0x11
 179 000e 01       		.uleb128 0x1
 180 000f 10       		.uleb128 0x10
 181 0010 17       		.uleb128 0x17
 182 0011 00       		.byte	0
 183 0012 00       		.byte	0
 184 0013 02       		.uleb128 0x2
 185 0014 24       		.uleb128 0x24
 186 0015 00       		.byte	0
 187 0016 0B       		.uleb128 0xb
 188 0017 0B       		.uleb128 0xb
 189 0018 3E       		.uleb128 0x3e
 190 0019 0B       		.uleb128 0xb
 191 001a 03       		.uleb128 0x3
 192 001b 0E       		.uleb128 0xe
 193 001c 00       		.byte	0
 194 001d 00       		.byte	0
 195 001e 03       		.uleb128 0x3
 196 001f 16       		.uleb128 0x16
 197 0020 00       		.byte	0
 198 0021 03       		.uleb128 0x3
 199 0022 0E       		.uleb128 0xe
 200 0023 3A       		.uleb128 0x3a
 201 0024 0B       		.uleb128 0xb
 202 0025 3B       		.uleb128 0x3b
 203 0026 0B       		.uleb128 0xb
 204 0027 49       		.uleb128 0x49
 205 0028 13       		.uleb128 0x13
 206 0029 00       		.byte	0
 207 002a 00       		.byte	0
ARM GAS  C:\Users\ash750\AppData\Local\Temp\cc61jSJ1.s 			page 6


 208 002b 04       		.uleb128 0x4
 209 002c 24       		.uleb128 0x24
 210 002d 00       		.byte	0
 211 002e 0B       		.uleb128 0xb
 212 002f 0B       		.uleb128 0xb
 213 0030 3E       		.uleb128 0x3e
 214 0031 0B       		.uleb128 0xb
 215 0032 03       		.uleb128 0x3
 216 0033 08       		.uleb128 0x8
 217 0034 00       		.byte	0
 218 0035 00       		.byte	0
 219 0036 05       		.uleb128 0x5
 220 0037 2E       		.uleb128 0x2e
 221 0038 00       		.byte	0
 222 0039 3F       		.uleb128 0x3f
 223 003a 19       		.uleb128 0x19
 224 003b 03       		.uleb128 0x3
 225 003c 0E       		.uleb128 0xe
 226 003d 3A       		.uleb128 0x3a
 227 003e 0B       		.uleb128 0xb
 228 003f 3B       		.uleb128 0x3b
 229 0040 0B       		.uleb128 0xb
 230 0041 49       		.uleb128 0x49
 231 0042 13       		.uleb128 0x13
 232 0043 11       		.uleb128 0x11
 233 0044 01       		.uleb128 0x1
 234 0045 12       		.uleb128 0x12
 235 0046 06       		.uleb128 0x6
 236 0047 40       		.uleb128 0x40
 237 0048 18       		.uleb128 0x18
 238 0049 9642     		.uleb128 0x2116
 239 004b 19       		.uleb128 0x19
 240 004c 00       		.byte	0
 241 004d 00       		.byte	0
 242 004e 06       		.uleb128 0x6
 243 004f 34       		.uleb128 0x34
 244 0050 00       		.byte	0
 245 0051 03       		.uleb128 0x3
 246 0052 0E       		.uleb128 0xe
 247 0053 3A       		.uleb128 0x3a
 248 0054 0B       		.uleb128 0xb
 249 0055 3B       		.uleb128 0x3b
 250 0056 05       		.uleb128 0x5
 251 0057 49       		.uleb128 0x49
 252 0058 13       		.uleb128 0x13
 253 0059 3F       		.uleb128 0x3f
 254 005a 19       		.uleb128 0x19
 255 005b 3C       		.uleb128 0x3c
 256 005c 19       		.uleb128 0x19
 257 005d 00       		.byte	0
 258 005e 00       		.byte	0
 259 005f 07       		.uleb128 0x7
 260 0060 35       		.uleb128 0x35
 261 0061 00       		.byte	0
 262 0062 49       		.uleb128 0x49
 263 0063 13       		.uleb128 0x13
 264 0064 00       		.byte	0
ARM GAS  C:\Users\ash750\AppData\Local\Temp\cc61jSJ1.s 			page 7


 265 0065 00       		.byte	0
 266 0066 00       		.byte	0
 267              		.section	.debug_aranges,"",%progbits
 268 0000 1C000000 		.4byte	0x1c
 269 0004 0200     		.2byte	0x2
 270 0006 00000000 		.4byte	.Ldebug_info0
 271 000a 04       		.byte	0x4
 272 000b 00       		.byte	0
 273 000c 0000     		.2byte	0
 274 000e 0000     		.2byte	0
 275 0010 00000000 		.4byte	.LFB63
 276 0014 14000000 		.4byte	.LFE63-.LFB63
 277 0018 00000000 		.4byte	0
 278 001c 00000000 		.4byte	0
 279              		.section	.debug_ranges,"",%progbits
 280              	.Ldebug_ranges0:
 281 0000 00000000 		.4byte	.LFB63
 282 0004 14000000 		.4byte	.LFE63
 283 0008 00000000 		.4byte	0
 284 000c 00000000 		.4byte	0
 285              		.section	.debug_line,"",%progbits
 286              	.Ldebug_line0:
 287 0000 61010000 		.section	.debug_str,"MS",%progbits,1
 287      02003F01 
 287      00000201 
 287      FB0E0D00 
 287      01010101 
 288              	.LASF6:
 289 0000 6C6F6E67 		.ascii	"long long int\000"
 289      206C6F6E 
 289      6720696E 
 289      7400
 290              	.LASF3:
 291 000e 73686F72 		.ascii	"short unsigned int\000"
 291      7420756E 
 291      7369676E 
 291      65642069 
 291      6E7400
 292              	.LASF8:
 293 0021 756E7369 		.ascii	"unsigned int\000"
 293      676E6564 
 293      20696E74 
 293      00
 294              	.LASF17:
 295 002e 6D61696E 		.ascii	"main.c\000"
 295      2E6300
 296              	.LASF19:
 297 0035 6D61696E 		.ascii	"main\000"
 297      00
 298              	.LASF5:
 299 003a 6C6F6E67 		.ascii	"long unsigned int\000"
 299      20756E73 
 299      69676E65 
 299      6420696E 
 299      7400
 300              	.LASF7:
 301 004c 6C6F6E67 		.ascii	"long long unsigned int\000"
ARM GAS  C:\Users\ash750\AppData\Local\Temp\cc61jSJ1.s 			page 8


 301      206C6F6E 
 301      6720756E 
 301      7369676E 
 301      65642069 
 302              	.LASF16:
 303 0063 474E5520 		.ascii	"GNU C11 5.4.1 20160609 (release) [ARM/embedded-5-br"
 303      43313120 
 303      352E342E 
 303      31203230 
 303      31363036 
 304 0096 616E6368 		.ascii	"anch revision 237715] -mcpu=cortex-m3 -mthumb -g -O"
 304      20726576 
 304      6973696F 
 304      6E203233 
 304      37373135 
 305 00c9 30202D66 		.ascii	"0 -ffunction-sections -ffat-lto-objects\000"
 305      66756E63 
 305      74696F6E 
 305      2D736563 
 305      74696F6E 
 306              	.LASF1:
 307 00f1 756E7369 		.ascii	"unsigned char\000"
 307      676E6564 
 307      20636861 
 307      7200
 308              	.LASF18:
 309 00ff 483A5C50 		.ascii	"H:\\P4P\\New\\P4P_Project-130\\Capsense_stuff\\Cap_"
 309      34505C4E 
 309      65775C50 
 309      34505F50 
 309      726F6A65 
 310 012d 53656E73 		.ascii	"Sense.cydsn\\CapSense_CSD_WithTuner01.cydsn\000"
 310      652E6379 
 310      64736E5C 
 310      43617053 
 310      656E7365 
 311              	.LASF4:
 312 0158 6C6F6E67 		.ascii	"long int\000"
 312      20696E74 
 312      00
 313              	.LASF12:
 314 0161 646F7562 		.ascii	"double\000"
 314      6C6500
 315              	.LASF15:
 316 0168 73697A65 		.ascii	"sizetype\000"
 316      74797065 
 316      00
 317              	.LASF20:
 318 0171 49544D5F 		.ascii	"ITM_RxBuffer\000"
 318      52784275 
 318      66666572 
 318      00
 319              	.LASF0:
 320 017e 7369676E 		.ascii	"signed char\000"
 320      65642063 
 320      68617200 
 321              	.LASF14:
ARM GAS  C:\Users\ash750\AppData\Local\Temp\cc61jSJ1.s 			page 9


 322 018a 6C6F6E67 		.ascii	"long double\000"
 322      20646F75 
 322      626C6500 
 323              	.LASF9:
 324 0196 5F5F696E 		.ascii	"__int32_t\000"
 324      7433325F 
 324      7400
 325              	.LASF11:
 326 01a0 666C6F61 		.ascii	"float\000"
 326      7400
 327              	.LASF2:
 328 01a6 73686F72 		.ascii	"short int\000"
 328      7420696E 
 328      7400
 329              	.LASF10:
 330 01b0 696E7433 		.ascii	"int32_t\000"
 330      325F7400 
 331              	.LASF13:
 332 01b8 63686172 		.ascii	"char\000"
 332      00
 333              		.ident	"GCC: (GNU Tools for ARM Embedded Processors) 5.4.1 20160609 (release) [ARM/embedded-5-bran
